Microchip MPLAB XC8 Compiler V2.50

Linker command line:

-W-3 \
  --edf=C:\Program Files\Microchip\xc8\v2.50\pic\dat\20240725155939_en.msgs \
  -cn -h+dist/default/debug\BT_Server.X.debug.sym \
  --cmf=dist/default/debug\BT_Server.X.debug.cmf -z -Q18F4520 \
  -oC:\Users\user\AppData\Local\Temp\xcAsqo4.\driver_tmp_3.o \
  --defsym=__MPLAB_BUILD=1 --fixupoverflow=error \
  -Mdist/default/debug/BT_Server.X.debug.map \
  --md=C:\Users\user\AppData\Local\Temp\xcAsqo4.\driver_tmp_0.dat -E1 \
  -ver=XC8 Compiler --acfsm=1493 -ACODE=00h-07D2Fh -ACONST=00h-07D2Fh \
  -ASMALLCONST=0600h-06FFhx119,07D00h-07D2Fh -AMEDIUMCONST=0600h-07D2Fh \
  -ACOMRAM=01h-07Fh -AABS1=00h-05EEh -ABIGRAM=01h-05EEh \
  -ARAM=080h-0FFh,0100h-01FFhx4,0500h-05EEh -ABANK0=080h-0FFh \
  -ABANK1=0100h-01FFh -ABANK2=0200h-02FFh -ABANK3=0300h-03FFh \
  -ABANK4=0400h-04FFh -ABANK5=0500h-05EEh \
  -ASFR=0F80h-0F9Bh,0F9Dh-0FD3h,0FD5h-0FDAh,0FE0h-0FE2h,0FE8h-0FEAh,0FF0h-0FFBh \
  -ABIGSFR=0F80h-0F9Bh,0F9Dh-0FD3h,0FD5h-0FDAh,0FE0h-0FE2h,0FE8h-0FEAh,0FF0h-0FFBh \
  -ACONFIG=0300000h-030000Dh -AIDLOC=0200000h-0200007h \
  -AEEDATA=0F00000h-0F000FFh -peeprom_data=EEDATA \
  -preset_vec=00h,intcode,intcodelo=18h,powerup,init -pramtop=0600h \
  -psmallconst=SMALLCONST -pmediumconst=MEDIUMCONST -pconst=CONST \
  -AFARRAM=00h-00h \
  -prdata=COMRAM,nvrram=COMRAM,nvbit=COMRAM,rbss=COMRAM,rbit=COMRAM \
  -pfarbss=FARRAM,fardata=FARRAM,nvFARRAM=FARRAM \
  -pintsave_regs=BIGRAM,bigbss=BIGRAM,bigdata=BIGRAM -pbss=RAM \
  -pidata=CODE,irdata=CODE,ibigdata=CODE,ifardata=CODE -prparam=COMRAM \
  C:\Users\user\AppData\Local\Temp\xcAsqo4.\driver_tmp_9.o \
  dist/default/debug\BT_Server.X.debug.o 

Object code version is 3.11

Machine type is 18F4520



                Name                               Link     Load   Length Selector   Space Scale
C:\Users\user\AppData\Local\Temp\xcAsqo4.\driver_tmp_9.o
                idloc                            200000   200000        8        0       5
                config                           300000   300000        E        0       4
                init                                 E2       E2        4        C       0
                reset_vec                             0        0        4        0       0
dist/default/debug\BT_Server.X.debug.o
                intcodelo                            18       18       CA        C       0
                idloc                            200000   200000        8        0       5
                config                           300000   300000        E        0       4
                temp                                 7A       7A        1        1       1
                mediumconst                        7CEE     7CEE       42     3E77       0
                text28                             28D6     28D6       32        C       0
                text27                             26D8     26D8       96        C       0
                text26                             27F4     27F4       3E        C       0
                text25                             29B4     29B4       12        C       0
                text24                             29A2     29A2       12        C       0
                text23                             2932     2932       24        C       0
                text22                             240A     240A      104        C       0
                text21                             20C0     20C0      1B4        C       0
                text20                             1AC6     1AC6      392        C       0
                text19                             12C2     12C2      426        C       0
                text18                             2832     2832       38        C       0
                text17                              E0C      E0C      4B6        C       0
                text16                             276E     276E       46        C       0
                text15                             250E     250E       FE        C       0
                text14                             28A0     28A0       36        C       0
                text13                               E6       E6      76A        C       0
                text12                              850      850      5BC        C       0
                text11                             16E8     16E8      3DE        C       0
                text10                             2274     2274      196        C       0
                text9                              1E58     1E58      268        C       0
                text8                              2972     2972       1A        C       0
                text7                              260C     260C       CC        C       0
                text6                              29C6     29C6        E        C       0
                text5                              286A     286A       36        C       0
                text4                              2956     2956       1C        C       0
                text3                              29E0     29E0        8        C       0
                text2                              29D4     29D4        C        C       0
                text1                              298C     298C       16        C       0
                text0                              27B4     27B4       40        C       0
                cstackCOMRAM                          1        1       74        1       1
                cstackBANK0                          80       80       7E       80       1
                cstackBANK1                         14D      14D        5      100       1
                bssBANK1                            100      100       4D      100       1
                bssBANK0                             FE       FE        2       80       1
                bssCOMRAM                            75       75        5        1       1
                cinit                              2908     2908       2A        C       0

TOTAL           Name                               Link     Load   Length     Space
        CLASS   CODE           
                intcodelo                            18       18       CA         0
                init                                 E2       E2        4         0
                reset_vec                             0        0        4         0
                text28                             28D6     28D6       32         0
                text27                             26D8     26D8       96         0
                text26                             27F4     27F4       3E         0
                text25                             29B4     29B4       12         0
                text24                             29A2     29A2       12         0
                text23                             2932     2932       24         0
                text22                             240A     240A      104         0
                text21                             20C0     20C0      1B4         0
                text20                             1AC6     1AC6      392         0
                text19                             12C2     12C2      426         0
                text18                             2832     2832       38         0
                text17                              E0C      E0C      4B6         0
                text16                             276E     276E       46         0
                text15                             250E     250E       FE         0
                text14                             28A0     28A0       36         0
                text13                               E6       E6      76A         0
                text12                              850      850      5BC         0
                text11                             16E8     16E8      3DE         0
                text10                             2274     2274      196         0
                text9                              1E58     1E58      268         0
                text8                              2972     2972       1A         0
                text7                              260C     260C       CC         0
                text6                              29C6     29C6        E         0
                text5                              286A     286A       36         0
                text4                              2956     2956       1C         0
                text3                              29E0     29E0        8         0
                text2                              29D4     29D4        C         0
                text1                              298C     298C       16         0
                text0                              27B4     27B4       40         0
                cinit                              2908     2908       2A         0

        CLASS   CONST          

        CLASS   SMALLCONST     

        CLASS   MEDIUMCONST    
                mediumconst                        7CEE     7CEE       42         0

        CLASS   COMRAM         
                temp                                 7A       7A        1         1
                cstackCOMRAM                          1        1       74         1
                bssCOMRAM                            75       75        5         1

        CLASS   ABS1           

        CLASS   BIGRAM         

        CLASS   RAM            

        CLASS   BANK0          
                cstackBANK0                          80       80       7E         1
                bssBANK0                             FE       FE        2         1

        CLASS   BANK1          
                cstackBANK1                         14D      14D        5         1
                bssBANK1                            100      100       4D         1

        CLASS   BANK2          

        CLASS   BANK3          

        CLASS   BANK4          

        CLASS   BANK5          

        CLASS   SFR            

        CLASS   BIGSFR         

        CLASS   CONFIG         
                config                           300000   300000        E         4

        CLASS   IDLOC          
                idloc                            200000   200000        8         5

        CLASS   EEDATA         

        CLASS   FARRAM         

        CLASS   HEAP           

        CLASS   STACK          



SEGMENTS        Name                           Load    Length   Top    Selector   Space  Class

                reset_vec                      000000  000004  000004         0       0  CODE    
                cstackCOMRAM                   000001  00007A  00007B         1       1  COMRAM  
                intcodelo                      000018  0029D0  0029E8         C       0  CODE    
                cstackBANK0                    000080  000080  000100        80       1  BANK0   
                bssBANK1                       000100  000052  000152       100       1  BANK1   
                mediumconst                    007CEE  000042  007D30      3E77       0  MEDIUMCO


UNUSED ADDRESS RANGES

        Name                Unused          Largest block    Delta
        BANK1            000152-0001FF               AE
        BANK2            000200-0002FF              100
        BANK3            000300-0003FF              100
        BANK4            000400-0004FF              100
        BANK5            000500-0005EE               EF
        BIGRAM           00007B-00007F                5
                         000152-0005EE              49D
        BIGSFR           000F80-000F9B               1C
                         000F9D-000FD3               37
                         000FD5-000FDA                6
                         000FE0-000FE2                3
                         000FE8-000FEA                3
                         000FF0-000FFB                C
        CODE             000004-000017               14
                         0029E8-007CED             5306
        COMRAM           00007B-00007F                5
        CONST            000004-000017               14
                         0029E8-007CED             5306
        EEDATA           F00000-F000FF              100
        MEDIUMCONST      0029E8-007CED             5306
        RAM              000152-0005EE              100
        SFR              000F80-000F9B               1C
                         000F9D-000FD3               37
                         000FD5-000FDA                6
                         000FE0-000FE2                3
                         000FE8-000FEA                3
                         000FF0-000FFB                C
        SMALLCONST       0029E8-007CED              100

                                  Symbol Table

?_ADC_Read                     cstackCOMRAM 000006
?___fladd                      cstackCOMRAM 00002D
?___fldiv                      cstackCOMRAM 000062
?___flmul                      cstackCOMRAM 000014
?___flneg                      cstackCOMRAM 000006
?___flsub                      cstackCOMRAM 00003D
?___fpclassifyf                cstackCOMRAM 000006
?___xxtofl                     cstackCOMRAM 000006
?_atan2f                       cstackBANK0  0000BF
?_atanf                        cstackBANK0  000091
?_calculate_angle              cstackBANK0  0000E8
?_fabsf                        cstackCOMRAM 00006E
?_sqrtf                        cstackCOMRAM 00003D
ADC_Read@channel               cstackCOMRAM 000006
ADC_Read@digital               cstackCOMRAM 00000A
Calibration@accX               cstackBANK0  0000F6
Calibration@accX_high          cstackBANK0  0000FA
Calibration@accX_low           cstackBANK0  0000FB
Calibration@accZ               cstackBANK0  0000F8
Calibration@accZ_high          cstackBANK0  0000FC
Calibration@accZ_low           cstackBANK0  0000FD
Check_ADC@bend_sensor_val      cstackCOMRAM 000011
Check_ADC@prev_sensor_val      cstackCOMRAM 00000C
Check_Gyroscope@blinker_dir    cstackBANK0  0000F6
I2C_Read@ack                   cstackCOMRAM 000006
I2C_Read@data                  cstackCOMRAM 000007
I2C_Write@data                 cstackCOMRAM 000006
_ACKDT                         (abs)        007E2D
_ACKEN                         (abs)        007E2C
_ADCON0bits                    (abs)        000FC2
_ADCON1                        (abs)        000FC1
_ADCON2bits                    (abs)        000FC0
_ADC_Initialize                text8        002972
_ADC_Read                      text28       0028D6
_ADFM                          (abs)        007E07
_ADRESH                        (abs)        000FC4
_ADRESL                        (abs)        000FC3
_BAUDCONbits                   (abs)        000FB8
_BF                            (abs)        007E38
_CCP1CON                       (abs)        000FBD
_Calibration                   text7        00260C
_Check_ADC                     text27       0026D8
_Check_Gyroscope               text9        001E58
_Check_Gyroscope$1900          cstackBANK0  0000F8
_Gyroscope_Initialize          text5        00286A
_I2C_Init                      text6        0029C6
_I2C_Read                      text26       0027F4
_I2C_Start                     text25       0029B4
_I2C_Stop                      text24       0029A2
_I2C_Write                     text23       002932
_INTCONbits                    (abs)        000FF2
_INTERRUPT_Initialize          text4        002956
_IPR1bits                      (abs)        000F9F
_IRCF0                         (abs)        007E9C
_IRCF1                         (abs)        007E9D
_IRCF2                         (abs)        007E9E
_LATA                          (abs)        000F89
_LATAbits                      (abs)        000F89
_LATBbits                      (abs)        000F8A
_Low_ISR                       intcodelo    000018
_OSCCON                        (abs)        000FD3
_OSCILLATOR_Initialize         text3        0029E0
_PEN                           (abs)        007E2A
_PIE1bits                      (abs)        000F9D
_PIR1bits                      (abs)        000F9E
_PR2                           (abs)        000FCB
_RCEN                          (abs)        007E2B
_RCONbits                      (abs)        000FD0
_RCREG                         (abs)        000FAE
_RCSTAbits                     (abs)        000FAB
_SEN                           (abs)        007E28
_SPBRG                         (abs)        000FAF
_SSPADD                        (abs)        000FC8
_SSPBUF                        (abs)        000FC9
_SSPCON1                       (abs)        000FC6
_SSPCON2                       (abs)        000FC5
_SSPCON2bits                   (abs)        000FC5
_SSPSTAT                       (abs)        000FC7
_SYSTEM_Initialize             text1        00298C
_T2CON                         (abs)        000FCA
_TMR2IF                        (abs)        007CF1
_TMR2_Initialize               text2        0029D4
_TRISA                         (abs)        000F92
_TRISAbits                     (abs)        000F92
_TRISB                         (abs)        000F93
_TRISCbits                     (abs)        000F94
_TXREG                         (abs)        000FAD
_TXSTAbits                     (abs)        000FAC
__HRAM                         (abs)        000000
__H__absolute__                __absolute__ 000000
__Habs1                        abs1         000000
__Hbank0                       bank0        000000
__Hbank1                       bank1        000000
__Hbank2                       bank2        000000
__Hbank3                       bank3        000000
__Hbank4                       bank4        000000
__Hbank5                       bank5        000000
__Hbigbss                      bigbss       000000
__Hbigdata                     bigdata      000000
__Hbigram                      bigram       000000
__Hbigsfr                      bigsfr       000000
__Hbss                         bss          000000
__HbssBANK0                    bssBANK0     000000
__HbssBANK1                    bssBANK1     000000
__HbssCOMRAM                   bssCOMRAM    000000
__Hcinit                       cinit        000000
__Hclrtext                     clrtext      000000
__Hcomram                      comram       000000
__Hconfig                      config       30000E
__Hconst                       const        000000
__HcstackBANK0                 cstackBANK0  000000
__HcstackBANK1                 cstackBANK1  000000
__HcstackCOMRAM                cstackCOMRAM 000000
__Hdata                        data         000000
__Heeprom_data                 eeprom_data  000000
__Hfarbss                      farbss       000000
__Hfardata                     fardata      000000
__Hheap                        heap         000000
__Hibigdata                    ibigdata     000000
__Hidata                       idata        000000
__Hidloc                       idloc        200008
__Hifardata                    ifardata     000000
__Hinit                        init         0000E6
__Hintcode                     intcode      000004
__Hintcode_body                intcode_body 000000
__Hintcodelo                   intcodelo    0000E2
__Hintentry                    intentry     000000
__Hintret                      intret       000000
__Hintsave_regs                intsave_regs 000000
__Hirdata                      irdata       000000
__Hmediumconst                 mediumconst  007D30
__HnvFARRAM                    nvFARRAM     000000
__Hnvbit                       nvbit        000000
__Hnvrram                      nvrram       000000
__Hparam                       rparam       000000
__Hpowerup                     powerup      0000E2
__Hram                         ram          000000
__Hramtop                      ramtop       000600
__Hrbit                        rbit         000000
__Hrbss                        rbss         000000
__Hrdata                       rdata        000000
__Hreset_vec                   reset_vec    000004
__Hrparam                      rparam       000000
__Hsfr                         sfr          000000
__Hsivt_hi                     sivt_hi      000000
__Hsivt_lo                     sivt_lo      000000
__Hsmallconst                  smallconst   000000
__Hspace_0                     (abs)        007D30
__Hspace_1                     (abs)        000152
__Hspace_2                     (abs)        000000
__Hspace_4                     (abs)        60000E
__Hstack                       stack        000000
__Hstruct                      struct       000000
__Htemp                        temp         00007B
__Htext                        text         000000
__Htext0                       text0        000000
__Htext1                       text1        000000
__Htext10                      text10       000000
__Htext11                      text11       000000
__Htext12                      text12       000000
__Htext13                      text13       000000
__Htext14                      text14       000000
__Htext15                      text15       000000
__Htext16                      text16       000000
__Htext17                      text17       000000
__Htext18                      text18       000000
__Htext19                      text19       000000
__Htext2                       text2        000000
__Htext20                      text20       000000
__Htext21                      text21       000000
__Htext22                      text22       000000
__Htext23                      text23       000000
__Htext24                      text24       000000
__Htext25                      text25       000000
__Htext26                      text26       000000
__Htext27                      text27       000000
__Htext28                      text28       000000
__Htext3                       text3        000000
__Htext4                       text4        000000
__Htext5                       text5        000000
__Htext6                       text6        000000
__Htext7                       text7        000000
__Htext8                       text8        000000
__Htext9                       text9        000000
__LRAM                         (abs)        000001
__L__absolute__                __absolute__ 000000
__Labs1                        abs1         000000
__Lbank0                       bank0        000000
__Lbank1                       bank1        000000
__Lbank2                       bank2        000000
__Lbank3                       bank3        000000
__Lbank4                       bank4        000000
__Lbank5                       bank5        000000
__Lbigbss                      bigbss       000000
__Lbigdata                     bigdata      000000
__Lbigram                      bigram       000000
__Lbigsfr                      bigsfr       000000
__Lbss                         bss          000000
__LbssBANK0                    bssBANK0     000000
__LbssBANK1                    bssBANK1     000000
__LbssCOMRAM                   bssCOMRAM    000000
__Lcinit                       cinit        000000
__Lclrtext                     clrtext      000000
__Lcomram                      comram       000000
__Lconfig                      config       000000
__Lconst                       const        000000
__LcstackBANK0                 cstackBANK0  000000
__LcstackBANK1                 cstackBANK1  000000
__LcstackCOMRAM                cstackCOMRAM 000000
__Ldata                        data         000000
__Leeprom_data                 eeprom_data  000000
__Lfarbss                      farbss       000000
__Lfardata                     fardata      000000
__Lheap                        heap         000000
__Libigdata                    ibigdata     000000
__Lidata                       idata        000000
__Lidloc                       idloc        000000
__Lifardata                    ifardata     000000
__Linit                        init         0000E2
__Lintcode                     intcode      000004
__Lintcode_body                intcode_body 000000
__Lintcodelo                   intcodelo    000018
__Lintentry                    intentry     000000
__Lintret                      intret       000000
__Lintsave_regs                intsave_regs 000000
__Lirdata                      irdata       000000
__Lmediumconst                 mediumconst  007CEE
__LnvFARRAM                    nvFARRAM     000000
__Lnvbit                       nvbit        000000
__Lnvrram                      nvrram       000000
__Lparam                       rparam       000000
__Lpowerup                     powerup      0000E2
__Lram                         ram          000000
__Lramtop                      ramtop       000600
__Lrbit                        rbit         000000
__Lrbss                        rbss         000000
__Lrdata                       rdata        000000
__Lreset_vec                   reset_vec    000000
__Lrparam                      rparam       000000
__Lsfr                         sfr          000000
__Lsivt_hi                     sivt_hi      000000
__Lsivt_lo                     sivt_lo      000000
__Lsmallconst                  smallconst   000000
__Lspace_0                     (abs)        000000
__Lspace_1                     (abs)        000000
__Lspace_2                     (abs)        000000
__Lspace_4                     (abs)        000000
__Lstack                       stack        000000
__Lstruct                      struct       000000
__Ltemp                        temp         00007A
__Ltext                        text         000000
__Ltext0                       text0        000000
__Ltext1                       text1        000000
__Ltext10                      text10       000000
__Ltext11                      text11       000000
__Ltext12                      text12       000000
__Ltext13                      text13       000000
__Ltext14                      text14       000000
__Ltext15                      text15       000000
__Ltext16                      text16       000000
__Ltext17                      text17       000000
__Ltext18                      text18       000000
__Ltext19                      text19       000000
__Ltext2                       text2        000000
__Ltext20                      text20       000000
__Ltext21                      text21       000000
__Ltext22                      text22       000000
__Ltext23                      text23       000000
__Ltext24                      text24       000000
__Ltext25                      text25       000000
__Ltext26                      text26       000000
__Ltext27                      text27       000000
__Ltext28                      text28       000000
__Ltext3                       text3        000000
__Ltext4                       text4        000000
__Ltext5                       text5        000000
__Ltext6                       text6        000000
__Ltext7                       text7        000000
__Ltext8                       text8        000000
__Ltext9                       text9        000000
__S0                           (abs)        007D30
__S1                           (abs)        000152
__S4                           (abs)        000000
__S5                           (abs)        000000
___fladd                       text17       000E0C
___fladd@a                     cstackCOMRAM 000031
___fladd@aexp                  cstackCOMRAM 00003A
___fladd@b                     cstackCOMRAM 00002D
___fladd@bexp                  cstackCOMRAM 00003B
___fladd@grs                   cstackCOMRAM 00003C
___fladd@signs                 cstackCOMRAM 000039
___fldiv                       text20       001AC6
___fldiv@a                     cstackCOMRAM 000066
___fldiv@aexp                  cstackBANK0  00008C
___fldiv@b                     cstackCOMRAM 000062
___fldiv@bexp                  cstackBANK0  00008B
___fldiv@grs                   cstackBANK0  000087
___fldiv@new_exp               cstackBANK0  000085
___fldiv@rem                   cstackBANK0  000080
___fldiv@sign                  cstackBANK0  000084
___flge                        text22       00240A
___flge@ff1                    cstackCOMRAM 000006
___flge@ff2                    cstackCOMRAM 00000A
___flmul                       text19       0012C2
___flmul@a                     cstackCOMRAM 000018
___flmul@aexp                  cstackCOMRAM 000021
___flmul@b                     cstackCOMRAM 000014
___flmul@bexp                  cstackCOMRAM 000026
___flmul@grs                   cstackCOMRAM 000022
___flmul@prod                  cstackCOMRAM 000027
___flmul@sign                  cstackCOMRAM 000020
___flmul@temp                  cstackCOMRAM 00002B
___flneg                       text18       002832
___flneg@f1                    cstackCOMRAM 000006
___flsub                       text16       00276E
___flsub@a                     cstackCOMRAM 000041
___flsub@b                     cstackCOMRAM 00003D
___fpclassifyf                 text15       00250E
___fpclassifyf@F465            bssBANK1     000118
___fpclassifyf@e               cstackCOMRAM 00000E
___fpclassifyf@u               cstackCOMRAM 000010
___fpclassifyf@x               cstackCOMRAM 000006
___heap_hi                     (abs)        000000
___heap_lo                     (abs)        000000
___inthi_sp                    stack        000000
___inthi_stack_hi              stack        000000
___inthi_stack_lo              stack        000000
___intlo_sp                    stack        000000
___intlo_stack_hi              stack        000000
___intlo_stack_lo              stack        000000
___param_bank                  (abs)        000000
___rparam_used                 (abs)        000001
___sp                          stack        000000
___stack_hi                    stack        000000
___stack_lo                    stack        000000
___xxtofl                      text21       0020C0
___xxtofl@arg                  cstackCOMRAM 000010
___xxtofl@exp                  cstackCOMRAM 00000F
___xxtofl@sign                 cstackCOMRAM 00000E
___xxtofl@val                  cstackCOMRAM 000006
__accesstop                    (abs)        000080
__activetblptr                 (abs)        000002
__end_of_ADC_Initialize        text8        00298C
__end_of_ADC_Read              text28       002908
__end_of_Calibration           text7        0026D8
__end_of_Check_ADC             text27       00276E
__end_of_Check_Gyroscope       text9        0020C0
__end_of_Gyroscope_Initialize  text5        0028A0
__end_of_I2C_Init              text6        0029D4
__end_of_I2C_Read              text26       002832
__end_of_I2C_Start             text25       0029C6
__end_of_I2C_Stop              text24       0029B4
__end_of_I2C_Write             text23       002956
__end_of_INTERRUPT_Initialize  text4        002972
__end_of_Low_ISR               intcodelo    0000E2
__end_of_OSCILLATOR_Initialize text3        0029E8
__end_of_SYSTEM_Initialize     text1        0029A2
__end_of_TMR2_Initialize       text2        0029E0
__end_of___fladd               text17       0012C2
__end_of___fldiv               text20       001E58
__end_of___flge                text22       00250E
__end_of___flmul               text19       0016E8
__end_of___flneg               text18       00286A
__end_of___flsub               text16       0027B4
__end_of___fpclassifyf         text15       00260C
__end_of___xxtofl              text21       002274
__end_of__initialization       cinit        002924
__end_of_aT0                   mediumconst  007D23
__end_of_aT1                   mediumconst  007D1F
__end_of_aT2                   mediumconst  007D1B
__end_of_aT3                   mediumconst  007D17
__end_of_aT4                   mediumconst  007D13
__end_of_atan2f                text12       000E0C
__end_of_atanf                 text13       000850
__end_of_atanhi                mediumconst  007D0F
__end_of_atanlo                mediumconst  007CFF
__end_of_calculate_angle       text10       00240A
__end_of_fabsf                 text14       0028D6
__end_of_main                  text0        0027F4
__end_of_pi                    mediumconst  007D2B
__end_of_pi_lo                 mediumconst  007D27
__end_of_sqrtf                 text11       001AC6
__initialization               cinit        002908
__mediumconst                  mediumconst  007CEE
__pbssBANK0                    bssBANK0     0000FE
__pbssBANK1                    bssBANK1     000100
__pbssCOMRAM                   bssCOMRAM    000075
__pcinit                       cinit        002908
__pcstackBANK0                 cstackBANK0  000080
__pcstackBANK1                 cstackBANK1  00014D
__pcstackCOMRAM                cstackCOMRAM 000001
__pintcodelo                   intcodelo    000018
__pmediumconst                 mediumconst  007CEE
__ptext0                       text0        0027B4
__ptext1                       text1        00298C
__ptext10                      text10       002274
__ptext11                      text11       0016E8
__ptext12                      text12       000850
__ptext13                      text13       0000E6
__ptext14                      text14       0028A0
__ptext15                      text15       00250E
__ptext16                      text16       00276E
__ptext17                      text17       000E0C
__ptext18                      text18       002832
__ptext19                      text19       0012C2
__ptext2                       text2        0029D4
__ptext20                      text20       001AC6
__ptext21                      text21       0020C0
__ptext22                      text22       00240A
__ptext23                      text23       002932
__ptext24                      text24       0029A2
__ptext25                      text25       0029B4
__ptext26                      text26       0027F4
__ptext27                      text27       0026D8
__ptext28                      text28       0028D6
__ptext3                       text3        0029E0
__ptext4                       text4        002956
__ptext5                       text5        00286A
__ptext6                       text6        0029C6
__ptext7                       text7        00260C
__ptext8                       text8        002972
__ptext9                       text9        001E58
__ramtop                       ramtop       000600
__smallconst                   smallconst   000000
_accX                          bssBANK1     00012C
_accX_high                     bssCOMRAM    000079
_accX_low                      bssBANK1     000138
_accY                          bssBANK1     00012A
_accY_high                     bssCOMRAM    000078
_accY_low                      bssCOMRAM    000077
_accZ                          bssBANK1     000128
_accZ_high                     bssBANK1     000137
_accZ_low                      bssBANK1     000136
_angle                         bssBANK1     00011C
_atan2f                        text12       000850
_atan2f$1903                   cstackBANK0  0000CF
_atan2f$1904                   cstackBANK0  0000D3
_atan2f$1905                   cstackBANK0  0000D7
_atanf                         text13       0000E6
_atanf$1906                    cstackBANK0  0000A9
_atanf$1907                    cstackBANK0  000095
_atanf$1908                    cstackBANK0  0000AD
_atanf$1909                    cstackBANK0  000099
_atanf$1910                    cstackBANK0  00009D
_atanhi                        mediumconst  007CFF
_atanlo                        mediumconst  007CEF
_calculate_angle               text10       002274
_calculate_angle$1901          cstackBANK0  0000EE
_calculate_angle$1902          cstackBANK0  0000F2
_count                         bssBANK1     000132
_dir                           bssBANK0     0000FE
_errno                         bssBANK1     000124
_fabsf                         text14       0028A0
_from_mid                      bssCOMRAM    000075
_isConnected                   bssBANK1     000130
_lenStr                        bssBANK1     000134
_main                          text0        0027B4
_mystring                      bssBANK1     000139
_needSendMsg                   bssBANK1     00012E
_pitch_offset                  bssBANK1     000120
_postpostscaler                bssBANK1     000126
_sqrtf                         text11       0016E8
_str                           bssBANK1     000100
atan2f@ix                      cstackBANK0  0000DF
atan2f@iy                      cstackBANK0  0000E3
atan2f@m                       cstackBANK0  0000E7
atan2f@x                       cstackBANK0  0000C3
atan2f@y                       cstackBANK0  0000BF
atan2f@z                       cstackBANK0  0000DB
atanf@id                       cstackBANK0  0000B6
atanf@ix                       cstackBANK0  0000BB
atanf@s1                       cstackBANK0  0000A1
atanf@s2                       cstackBANK0  0000A5
atanf@sign                     cstackBANK0  0000B1
atanf@w                        cstackBANK0  0000B2
atanf@x                        cstackBANK0  000091
atanf@z                        cstackBANK0  0000B7
btemp                          temp         00007A
calculate_angle@accX           cstackBANK0  0000E8
calculate_angle@accY           cstackBANK0  0000EA
calculate_angle@accZ           cstackBANK0  0000EC
end_of_initialization          cinit        002924
fabsf@F465                     bssBANK1     000114
fabsf@u                        cstackBANK0  00008D
fabsf@x                        cstackCOMRAM 00006E
int$flags                      temp         00007A
intlevel0                      text         000000
intlevel1                      text         000000
intlevel2                      text         000000
intlevel3                      text         000000
isa$std                        (abs)        000001
isa$xinst                      (abs)        000000
main@blinker_dir               cstackBANK1  000150
main@prev_bend_sensor_val      cstackBANK1  00014E
sqrtf@i                        cstackCOMRAM 00004A
sqrtf@ix                       cstackCOMRAM 00005E
sqrtf@m                        cstackCOMRAM 000056
sqrtf@q                        cstackCOMRAM 00004E
sqrtf@r                        cstackCOMRAM 00005A
sqrtf@s                        cstackCOMRAM 000046
sqrtf@t                        cstackCOMRAM 000052
sqrtf@x                        cstackCOMRAM 00003D
stackhi                        (abs)        000000
stacklo                        (abs)        000000
start                          init         0000E2
start_initialization           cinit        002908
ttemp5                         temp         00007B
ttemp6                         temp         00007E
ttemp7                         temp         000082
wtemp8                         temp         00007B


MODULE INFORMATION

Module		Function		Class		Link	Load	Size
C:\Program Files\Microchip\xc8\v2.50\pic\sources\c99\common\flneg.c
		___flneg       		CODE           	2832	0000	56

C:\Program Files\Microchip\xc8\v2.50\pic\sources\c99\common\flneg.c estimated size: 56

C:\Program Files\Microchip\xc8\v2.50\pic\sources\c99\common\fabsf.c
		_fabsf         		CODE           	28A0	0000	54

C:\Program Files\Microchip\xc8\v2.50\pic\sources\c99\common\fabsf.c estimated size: 54

C:\Program Files\Microchip\xc8\v2.50\pic\sources\c99\common\atanf.c
		_atanf         		CODE           	00E6	0000	1898

C:\Program Files\Microchip\xc8\v2.50\pic\sources\c99\common\atanf.c estimated size: 1898

setting_hardaware/interrupt_manager.c
		_INTERRUPT_Initialize		CODE           	2956	0000	28

setting_hardaware/interrupt_manager.c estimated size: 28

setting_hardaware/gyroscope.c
		_Low_ISR       		CODE           	0018	0000	202
		_Check_Gyroscope		CODE           	1E58	0000	616
		_Calibration   		CODE           	260C	0000	204
		_I2C_Write     		CODE           	2932	0000	36
		_Gyroscope_Initialize		CODE           	286A	0000	54
		_I2C_Stop      		CODE           	29A2	0000	18
		_I2C_Read      		CODE           	27F4	0000	62
		_I2C_Init      		CODE           	29C6	0000	14
		_I2C_Start     		CODE           	29B4	0000	18
		_calculate_angle		CODE           	2274	0000	406

setting_hardaware/gyroscope.c estimated size: 1630

C:\Program Files\Microchip\xc8\v2.50\pic\sources\c99\common\sprcmul.c
		___flmul       		CODE           	12C2	0000	1062

C:\Program Files\Microchip\xc8\v2.50\pic\sources\c99\common\sprcmul.c estimated size: 1062

C:\Program Files\Microchip\xc8\v2.50\pic\sources\c99\common\sprcdiv.c
		___fldiv       		CODE           	1AC6	0000	914

C:\Program Files\Microchip\xc8\v2.50\pic\sources\c99\common\sprcdiv.c estimated size: 914

setting_hardaware/adc.c
		_ADC_Initialize		CODE           	2972	0000	26
		_Check_ADC     		CODE           	26D8	0000	150
		_ADC_Read      		CODE           	28D6	0000	50

setting_hardaware/adc.c estimated size: 226

C:\Program Files\Microchip\xc8\v2.50\pic\sources\c99\common\xxtofl.c
		___xxtofl      		CODE           	20C0	0000	436

C:\Program Files\Microchip\xc8\v2.50\pic\sources\c99\common\xxtofl.c estimated size: 436

C:\Program Files\Microchip\xc8\v2.50\pic\sources\c99\common\__fpclassifyf.c
		___fpclassifyf 		CODE           	250E	0000	254

C:\Program Files\Microchip\xc8\v2.50\pic\sources\c99\common\__fpclassifyf.c estimated size: 254

C:\Program Files\Microchip\xc8\v2.50\pic\sources\c99\common\sprcadd.c
		___flsub       		CODE           	276E	0000	70
		___fladd       		CODE           	0E0C	0000	1206

C:\Program Files\Microchip\xc8\v2.50\pic\sources\c99\common\sprcadd.c estimated size: 1276

shared
		_aT1           		MEDIUMCONST    	0000	0000	0
		_aT2           		MEDIUMCONST    	0000	0000	0
		_aT3           		MEDIUMCONST    	0000	0000	0
		_aT4           		MEDIUMCONST    	0000	0000	0
		_atanhi        		MEDIUMCONST    	7CFF	0000	16
		__initialization		CODE           	2908	0000	28
		_pi            		MEDIUMCONST    	0000	0000	0
		_aT0           		MEDIUMCONST    	0000	0000	0
		_pi_lo         		MEDIUMCONST    	0000	0000	0
		_atanlo        		MEDIUMCONST    	7CEF	0000	16

shared estimated size: 60

C:\Program Files\Microchip\xc8\v2.50\pic\sources\c99\common\sqrtf.c
		_sqrtf         		CODE           	16E8	0000	990

C:\Program Files\Microchip\xc8\v2.50\pic\sources\c99\common\sqrtf.c estimated size: 990

setting_hardaware/setting.c
		_TMR2_Initialize		CODE           	29D4	0000	12
		_OSCILLATOR_Initialize		CODE           	29E0	0000	8
		_SYSTEM_Initialize		CODE           	298C	0000	22

setting_hardaware/setting.c estimated size: 42

C:\Program Files\Microchip\xc8\v2.50\pic\sources\c99\common\atan2f.c
		_atan2f        		CODE           	0850	0000	1468

C:\Program Files\Microchip\xc8\v2.50\pic\sources\c99\common\atan2f.c estimated size: 1468

main.c
		_main          		CODE           	27B4	0000	64

main.c estimated size: 64

C:\Program Files\Microchip\xc8\v2.50\pic\sources\c99\common\flge.c
		___flge        		CODE           	240A	0000	260

C:\Program Files\Microchip\xc8\v2.50\pic\sources\c99\common\flge.c estimated size: 260

