Microchip MPLAB XC8 Compiler V2.50

Linker command line:

-W-3 \
  --edf=C:\Program Files\Microchip\xc8\v2.50\pic\dat\20240725155939_en.msgs \
  -cn -h+dist/default/debug\BT_Server.X.debug.sym \
  --cmf=dist/default/debug\BT_Server.X.debug.cmf -z -Q18F4520 \
  -oC:\Users\user\AppData\Local\Temp\xcAslk4.\driver_tmp_3.o \
  --defsym=__MPLAB_BUILD=1 --fixupoverflow=error \
  -Mdist/default/debug/BT_Server.X.debug.map \
  --md=C:\Users\user\AppData\Local\Temp\xcAslk4.\driver_tmp_0.dat -E1 \
  -ver=XC8 Compiler --acfsm=1493 -ACODE=00h-07D2Fh -ACONST=00h-07D2Fh \
  -ASMALLCONST=0600h-06FFhx119,07D00h-07D2Fh -AMEDIUMCONST=0600h-07D2Fh \
  -ACOMRAM=01h-07Fh -AABS1=00h-05EEh -ABIGRAM=01h-05EEh \
  -ARAM=080h-0FFh,0100h-01FFhx4,0500h-05EEh -ABANK0=080h-0FFh \
  -ABANK1=0100h-01FFh -ABANK2=0200h-02FFh -ABANK3=0300h-03FFh \
  -ABANK4=0400h-04FFh -ABANK5=0500h-05EEh \
  -ASFR=0F80h-0F9Bh,0F9Dh-0FD3h,0FD5h-0FDAh,0FE0h-0FE2h,0FE8h-0FEAh,0FF0h-0FFBh \
  -ABIGSFR=0F80h-0F9Bh,0F9Dh-0FD3h,0FD5h-0FDAh,0FE0h-0FE2h,0FE8h-0FEAh,0FF0h-0FFBh \
  -ACONFIG=0300000h-030000Dh -AIDLOC=0200000h-0200007h \
  -AEEDATA=0F00000h-0F000FFh -peeprom_data=EEDATA \
  -preset_vec=00h,intcode,sivt_hi,intcodelo,sivt_lo,powerup,init \
  -pramtop=0600h -psmallconst=SMALLCONST -pmediumconst=MEDIUMCONST \
  -pconst=CONST -AFARRAM=00h-00h \
  -prdata=COMRAM,nvrram=COMRAM,nvbit=COMRAM,rbss=COMRAM,rbit=COMRAM \
  -pfarbss=FARRAM,fardata=FARRAM,nvFARRAM=FARRAM \
  -pintsave_regs=BIGRAM,bigbss=BIGRAM,bigdata=BIGRAM -pbss=RAM \
  -pidata=CODE,irdata=CODE,ibigdata=CODE,ifardata=CODE -prparam=COMRAM \
  C:\Users\user\AppData\Local\Temp\xcAslk4.\driver_tmp_9.o \
  dist/default/debug\BT_Server.X.debug.o 

Object code version is 3.11

Machine type is 18F4520



                Name                               Link     Load   Length Selector   Space Scale
C:\Users\user\AppData\Local\Temp\xcAslk4.\driver_tmp_9.o
                idloc                            200000   200000        8        0       5
                config                           300000   300000        E        0       4
                init                                  0        0        4        0       0
dist/default/debug\BT_Server.X.debug.o
                idloc                            200000   200000        8        0       5
                config                           300000   300000        E        0       4
                mediumconst                        7CE6     7CE6       4A     3E73       0
                text29                             5420     5420       32     2A10       0
                text28                             5612     5612       B2     2B09       0
                text27                             54F8     54F8       3E     2A7C       0
                text26                             5358     5358       12     29AC       0
                text25                             536A     536A       12     29B5       0
                text24                             53FC     53FC       24     29FE       0
                text23                             538E     538E       16     29C7       0
                text22                             55BC     55BC       56     2ADE       0
                text21                             588E     588E      104     2C47       0
                text20                             5B28     5B28      1B4     2D94       0
                text19                             5F76     5F76      390     2FBB       0
                text18                             66E4     66E4      426     3372       0
                text17                             5486     5486       38     2A43       0
                text16                             6B0A     6B0A      4B6     3585       0
                text15                             5576     5576       46     2ABB       0
                text14                             5790     5790       FE     2BC8       0
                text13                             5452     5452       34     2A29       0
                text12                             757C     757C      76A     3ABE       0
                text11                             6FC0     6FC0      5BC     37E0       0
                text10                             6306     6306      3DE     3183       0
                text9                              5992     5992      196     2CC9       0
                text8                              5CDC     5CDC      29A     2E6E       0
                text7                              53A4     53A4       1A     29D2       0
                text6                              56C4     56C4       CC     2B62       0
                text5                              534A     534A        E     29A5       0
                text4                              54BE     54BE       3A     2A5F       0
                text3                              53BE     53BE       1C     29DF       0
                text2                              5342     5342        8     29A1       0
                text1                              537C     537C       12     29BE       0
                text0                              5536     5536       40     2A9B       0
                cstackCOMRAM                          1        1       7F        1       1
                cstackBANK0                          80       80       73       80       1
                bssBANK1                            100      100       48      100       1
                bssBANK0                             F3       F3        C       80       1
                cinit                              53DA     53DA       22     29ED       0

TOTAL           Name                               Link     Load   Length     Space
        CLASS   CODE           
                init                                  0        0        4         0
                text29                             5420     5420       32         0
                text28                             5612     5612       B2         0
                text27                             54F8     54F8       3E         0
                text26                             5358     5358       12         0
                text25                             536A     536A       12         0
                text24                             53FC     53FC       24         0
                text23                             538E     538E       16         0
                text22                             55BC     55BC       56         0
                text21                             588E     588E      104         0
                text20                             5B28     5B28      1B4         0
                text19                             5F76     5F76      390         0
                text18                             66E4     66E4      426         0
                text17                             5486     5486       38         0
                text16                             6B0A     6B0A      4B6         0
                text15                             5576     5576       46         0
                text14                             5790     5790       FE         0
                text13                             5452     5452       34         0
                text12                             757C     757C      76A         0
                text11                             6FC0     6FC0      5BC         0
                text10                             6306     6306      3DE         0
                text9                              5992     5992      196         0
                text8                              5CDC     5CDC      29A         0
                text7                              53A4     53A4       1A         0
                text6                              56C4     56C4       CC         0
                text5                              534A     534A        E         0
                text4                              54BE     54BE       3A         0
                text3                              53BE     53BE       1C         0
                text2                              5342     5342        8         0
                text1                              537C     537C       12         0
                text0                              5536     5536       40         0
                cinit                              53DA     53DA       22         0

        CLASS   CONST          

        CLASS   SMALLCONST     

        CLASS   MEDIUMCONST    
                mediumconst                        7CE6     7CE6       4A         0

        CLASS   COMRAM         
                cstackCOMRAM                          1        1       7F         1

        CLASS   ABS1           

        CLASS   BIGRAM         

        CLASS   RAM            

        CLASS   BANK0          
                cstackBANK0                          80       80       73         1
                bssBANK0                             F3       F3        C         1

        CLASS   BANK1          
                bssBANK1                            100      100       48         1

        CLASS   BANK2          

        CLASS   BANK3          

        CLASS   BANK4          

        CLASS   BANK5          

        CLASS   SFR            

        CLASS   BIGSFR         

        CLASS   CONFIG         
                config                           300000   300000        E         4

        CLASS   IDLOC          
                idloc                            200000   200000        8         5

        CLASS   EEDATA         

        CLASS   FARRAM         

        CLASS   HEAP           

        CLASS   STACK          



SEGMENTS        Name                           Load    Length   Top    Selector   Space  Class

                reset_vec                      000000  000004  000004         0       0  CODE    
                cstackCOMRAM                   000001  00007F  000080         1       1  COMRAM  
                cstackBANK0                    000080  00007F  0000FF        80       1  BANK0   
                bssBANK1                       000100  000048  000148       100       1  BANK1   
                text2                          005342  000008  00534A      29A1       0  CODE    
                text5                          00534A  00000E  005358      29A5       0  CODE    
                text26                         005358  000012  00536A      29AC       0  CODE    
                text25                         00536A  000012  00537C      29B5       0  CODE    
                text1                          00537C  000012  00538E      29BE       0  CODE    
                text23                         00538E  000016  0053A4      29C7       0  CODE    
                text7                          0053A4  00001A  0053BE      29D2       0  CODE    
                text3                          0053BE  00001C  0053DA      29DF       0  CODE    
                cinit                          0053DA  000022  0053FC      29ED       0  CODE    
                text24                         0053FC  000024  005420      29FE       0  CODE    
                text29                         005420  000032  005452      2A10       0  CODE    
                text13                         005452  000034  005486      2A29       0  CODE    
                text17                         005486  000038  0054BE      2A43       0  CODE    
                text4                          0054BE  00003A  0054F8      2A5F       0  CODE    
                text27                         0054F8  00003E  005536      2A7C       0  CODE    
                text0                          005536  000040  005576      2A9B       0  CODE    
                text15                         005576  000046  0055BC      2ABB       0  CODE    
                text22                         0055BC  000056  005612      2ADE       0  CODE    
                text28                         005612  0000B2  0056C4      2B09       0  CODE    
                text6                          0056C4  0000CC  005790      2B62       0  CODE    
                text14                         005790  0000FE  00588E      2BC8       0  CODE    
                text21                         00588E  000104  005992      2C47       0  CODE    
                text9                          005992  000196  005B28      2CC9       0  CODE    
                text20                         005B28  0001B4  005CDC      2D94       0  CODE    
                text8                          005CDC  00029A  005F76      2E6E       0  CODE    
                text19                         005F76  000390  006306      2FBB       0  CODE    
                text10                         006306  0003DE  0066E4      3183       0  CODE    
                text18                         0066E4  000426  006B0A      3372       0  CODE    
                text16                         006B0A  0004B6  006FC0      3585       0  CODE    
                text11                         006FC0  0005BC  00757C      37E0       0  CODE    
                text12                         00757C  00076A  007CE6      3ABE       0  CODE    
                mediumconst                    007CE6  00004A  007D30      3E73       0  MEDIUMCO


UNUSED ADDRESS RANGES

        Name                Unused          Largest block    Delta
        BANK0            0000FF-0000FF                1
        BANK1            000148-0001FF               B8
        BANK2            000200-0002FF              100
        BANK3            000300-0003FF              100
        BANK4            000400-0004FF              100
        BANK5            000500-0005EE               EF
        BIGRAM           0000FF-0000FF                1
                         000148-0005EE              4A7
        BIGSFR           000F80-000F9B               1C
                         000F9D-000FD3               37
                         000FD5-000FDA                6
                         000FE0-000FE2                3
                         000FE8-000FEA                3
                         000FF0-000FFB                C
        CODE             000004-005341             533E
        CONST            000004-005341             533E
        EEDATA           F00000-F000FF              100
        MEDIUMCONST      000600-005341             4D42
        RAM              0000FF-0000FF                1
                         000148-0005EE              100
        SFR              000F80-000F9B               1C
                         000F9D-000FD3               37
                         000FD5-000FDA                6
                         000FE0-000FE2                3
                         000FE8-000FEA                3
                         000FF0-000FFB                C
        SMALLCONST       000600-005341              100

                                  Symbol Table

?_ADC_Read                     cstackCOMRAM 000001
?___fladd                      cstackCOMRAM 000028
?___fldiv                      cstackCOMRAM 00005D
?___flmul                      cstackCOMRAM 00000F
?___flneg                      cstackCOMRAM 000001
?___flsub                      cstackCOMRAM 000038
?___fpclassifyf                cstackCOMRAM 000001
?___xxtofl                     cstackCOMRAM 000001
?_atan2f                       cstackBANK0  0000AE
?_atanf                        cstackBANK0  000080
?_calculate_angle              cstackBANK0  0000D7
?_fabsf                        cstackCOMRAM 000076
?_sqrtf                        cstackCOMRAM 000038
ADC_Read@channel               cstackCOMRAM 000001
ADC_Read@digital               cstackCOMRAM 000005
Calibration@accX               cstackBANK0  0000E5
Calibration@accX_high          cstackBANK0  0000E9
Calibration@accX_low           cstackBANK0  0000EA
Calibration@accZ               cstackBANK0  0000E7
Calibration@accZ_high          cstackBANK0  0000EB
Calibration@accZ_low           cstackBANK0  0000EC
Check_ADC@bend_sensor_val      cstackCOMRAM 00000C
Check_ADC@prev_sensor_val      cstackCOMRAM 000007
Check_Gyroscope@blinker_dir    cstackCOMRAM 00007E
I2C_Read@ack                   cstackCOMRAM 000001
I2C_Read@data                  cstackCOMRAM 000002
I2C_Write@data                 cstackCOMRAM 000001
UART_Write@data                cstackCOMRAM 000001
UART_Write_Text@i              cstackCOMRAM 000006
UART_Write_Text@text           cstackCOMRAM 000002
_ACKDT                         (abs)        007E2D
_ACKEN                         (abs)        007E2C
_ADCON0bits                    (abs)        000FC2
_ADCON1                        (abs)        000FC1
_ADCON2bits                    (abs)        000FC0
_ADC_Initialize                text7        0053A4
_ADC_Read                      text29       005420
_ADFM                          (abs)        007E07
_ADRESH                        (abs)        000FC4
_ADRESL                        (abs)        000FC3
_BAUDCONbits                   (abs)        000FB8
_BF                            (abs)        007E38
_CCP1CON                       (abs)        000FBD
_Calibration                   text6        0056C4
_Check_ADC                     text28       005612
_Check_Gyroscope               text8        005CDC
_Check_Gyroscope$1836          cstackBANK0  0000E7
_Gyroscope_Initialize          text4        0054BE
_I2C_Init                      text5        00534A
_I2C_Read                      text27       0054F8
_I2C_Start                     text26       005358
_I2C_Stop                      text25       00536A
_I2C_Write                     text24       0053FC
_INTCONbits                    (abs)        000FF2
_INTERRUPT_Initialize          text3        0053BE
_IPR1bits                      (abs)        000F9F
_IRCF0                         (abs)        007E9C
_IRCF1                         (abs)        007E9D
_IRCF2                         (abs)        007E9E
_LATA                          (abs)        000F89
_LATAbits                      (abs)        000F89
_LATBbits                      (abs)        000F8A
_OSCCON                        (abs)        000FD3
_OSCILLATOR_Initialize         text2        005342
_PEN                           (abs)        007E2A
_PIE1bits                      (abs)        000F9D
_PIR1bits                      (abs)        000F9E
_RCEN                          (abs)        007E2B
_RCONbits                      (abs)        000FD0
_RCREG                         (abs)        000FAE
_RCSTAbits                     (abs)        000FAB
_SEN                           (abs)        007E28
_SPBRG                         (abs)        000FAF
_SSPADD                        (abs)        000FC8
_SSPBUF                        (abs)        000FC9
_SSPCON1                       (abs)        000FC6
_SSPCON2                       (abs)        000FC5
_SSPCON2bits                   (abs)        000FC5
_SSPSTAT                       (abs)        000FC7
_SYSTEM_Initialize             text1        00537C
_TRISA                         (abs)        000F92
_TRISAbits                     (abs)        000F92
_TRISB                         (abs)        000F93
_TRISCbits                     (abs)        000F94
_TXREG                         (abs)        000FAD
_TXSTAbits                     (abs)        000FAC
_UART_Write                    text23       00538E
_UART_Write_Text               text22       0055BC
__HRAM                         (abs)        000000
__H__absolute__                __absolute__ 000000
__Habs1                        abs1         000000
__Hbank0                       bank0        000000
__Hbank1                       bank1        000000
__Hbank2                       bank2        000000
__Hbank3                       bank3        000000
__Hbank4                       bank4        000000
__Hbank5                       bank5        000000
__Hbigbss                      bigbss       000000
__Hbigdata                     bigdata      000000
__Hbigram                      bigram       000000
__Hbigsfr                      bigsfr       000000
__Hbss                         bss          000000
__HbssBANK0                    bssBANK0     000000
__HbssBANK1                    bssBANK1     000000
__Hcinit                       cinit        000000
__Hclrtext                     clrtext      000000
__Hcomram                      comram       000000
__Hconfig                      config       30000E
__Hconst                       const        000000
__HcstackBANK0                 cstackBANK0  000000
__HcstackCOMRAM                cstackCOMRAM 000000
__Hdata                        data         000000
__Heeprom_data                 eeprom_data  000000
__Hfarbss                      farbss       000000
__Hfardata                     fardata      000000
__Hheap                        heap         000000
__Hibigdata                    ibigdata     000000
__Hidata                       idata        000000
__Hidloc                       idloc        200008
__Hifardata                    ifardata     000000
__Hinit                        init         000004
__Hintcode                     intcode      000000
__Hintcode_body                intcode_body 000000
__Hintcodelo                   intcodelo    000000
__Hintentry                    intentry     000000
__Hintret                      intret       000000
__Hintsave_regs                intsave_regs 000000
__Hirdata                      irdata       000000
__Hmediumconst                 mediumconst  007D30
__HnvFARRAM                    nvFARRAM     000000
__Hnvbit                       nvbit        000000
__Hnvrram                      nvrram       000000
__Hparam                       rparam       000000
__Hpowerup                     powerup      000000
__Hram                         ram          000000
__Hramtop                      ramtop       000600
__Hrbit                        rbit         000000
__Hrbss                        rbss         000000
__Hrdata                       rdata        000000
__Hreset_vec                   reset_vec    000000
__Hrparam                      rparam       000000
__Hsfr                         sfr          000000
__Hsivt_hi                     sivt_hi      000000
__Hsivt_lo                     sivt_lo      000000
__Hsmallconst                  smallconst   000000
__Hspace_0                     (abs)        007D30
__Hspace_1                     (abs)        000148
__Hspace_2                     (abs)        000000
__Hspace_4                     (abs)        60000E
__Hstack                       stack        000000
__Hstruct                      struct       000000
__Htemp                        temp         000000
__Htext                        text         000000
__Htext0                       text0        000000
__Htext1                       text1        000000
__Htext10                      text10       000000
__Htext11                      text11       000000
__Htext12                      text12       000000
__Htext13                      text13       000000
__Htext14                      text14       000000
__Htext15                      text15       000000
__Htext16                      text16       000000
__Htext17                      text17       000000
__Htext18                      text18       000000
__Htext19                      text19       000000
__Htext2                       text2        000000
__Htext20                      text20       000000
__Htext21                      text21       000000
__Htext22                      text22       000000
__Htext23                      text23       000000
__Htext24                      text24       000000
__Htext25                      text25       000000
__Htext26                      text26       000000
__Htext27                      text27       000000
__Htext28                      text28       000000
__Htext29                      text29       000000
__Htext3                       text3        000000
__Htext4                       text4        000000
__Htext5                       text5        000000
__Htext6                       text6        000000
__Htext7                       text7        000000
__Htext8                       text8        000000
__Htext9                       text9        000000
__LRAM                         (abs)        000001
__L__absolute__                __absolute__ 000000
__Labs1                        abs1         000000
__Lbank0                       bank0        000000
__Lbank1                       bank1        000000
__Lbank2                       bank2        000000
__Lbank3                       bank3        000000
__Lbank4                       bank4        000000
__Lbank5                       bank5        000000
__Lbigbss                      bigbss       000000
__Lbigdata                     bigdata      000000
__Lbigram                      bigram       000000
__Lbigsfr                      bigsfr       000000
__Lbss                         bss          000000
__LbssBANK0                    bssBANK0     000000
__LbssBANK1                    bssBANK1     000000
__Lcinit                       cinit        000000
__Lclrtext                     clrtext      000000
__Lcomram                      comram       000000
__Lconfig                      config       000000
__Lconst                       const        000000
__LcstackBANK0                 cstackBANK0  000000
__LcstackCOMRAM                cstackCOMRAM 000000
__Ldata                        data         000000
__Leeprom_data                 eeprom_data  000000
__Lfarbss                      farbss       000000
__Lfardata                     fardata      000000
__Lheap                        heap         000000
__Libigdata                    ibigdata     000000
__Lidata                       idata        000000
__Lidloc                       idloc        000000
__Lifardata                    ifardata     000000
__Linit                        init         000000
__Lintcode                     intcode      000000
__Lintcode_body                intcode_body 000000
__Lintcodelo                   intcodelo    000000
__Lintentry                    intentry     000000
__Lintret                      intret       000000
__Lintsave_regs                intsave_regs 000000
__Lirdata                      irdata       000000
__Lmediumconst                 mediumconst  007CE6
__LnvFARRAM                    nvFARRAM     000000
__Lnvbit                       nvbit        000000
__Lnvrram                      nvrram       000000
__Lparam                       rparam       000000
__Lpowerup                     powerup      000000
__Lram                         ram          000000
__Lramtop                      ramtop       000600
__Lrbit                        rbit         000000
__Lrbss                        rbss         000000
__Lrdata                       rdata        000000
__Lreset_vec                   reset_vec    000000
__Lrparam                      rparam       000000
__Lsfr                         sfr          000000
__Lsivt_hi                     sivt_hi      000000
__Lsivt_lo                     sivt_lo      000000
__Lsmallconst                  smallconst   000000
__Lspace_0                     (abs)        000000
__Lspace_1                     (abs)        000000
__Lspace_2                     (abs)        000000
__Lspace_4                     (abs)        000000
__Lstack                       stack        000000
__Lstruct                      struct       000000
__Ltemp                        temp         000000
__Ltext                        text         000000
__Ltext0                       text0        000000
__Ltext1                       text1        000000
__Ltext10                      text10       000000
__Ltext11                      text11       000000
__Ltext12                      text12       000000
__Ltext13                      text13       000000
__Ltext14                      text14       000000
__Ltext15                      text15       000000
__Ltext16                      text16       000000
__Ltext17                      text17       000000
__Ltext18                      text18       000000
__Ltext19                      text19       000000
__Ltext2                       text2        000000
__Ltext20                      text20       000000
__Ltext21                      text21       000000
__Ltext22                      text22       000000
__Ltext23                      text23       000000
__Ltext24                      text24       000000
__Ltext25                      text25       000000
__Ltext26                      text26       000000
__Ltext27                      text27       000000
__Ltext28                      text28       000000
__Ltext29                      text29       000000
__Ltext3                       text3        000000
__Ltext4                       text4        000000
__Ltext5                       text5        000000
__Ltext6                       text6        000000
__Ltext7                       text7        000000
__Ltext8                       text8        000000
__Ltext9                       text9        000000
__S0                           (abs)        007D30
__S1                           (abs)        000148
__S4                           (abs)        000000
__S5                           (abs)        000000
___fladd                       text16       006B0A
___fladd@a                     cstackCOMRAM 00002C
___fladd@aexp                  cstackCOMRAM 000035
___fladd@b                     cstackCOMRAM 000028
___fladd@bexp                  cstackCOMRAM 000036
___fladd@grs                   cstackCOMRAM 000037
___fladd@signs                 cstackCOMRAM 000034
___fldiv                       text19       005F76
___fldiv@a                     cstackCOMRAM 000061
___fldiv@aexp                  cstackCOMRAM 000075
___fldiv@b                     cstackCOMRAM 00005D
___fldiv@bexp                  cstackCOMRAM 000074
___fldiv@grs                   cstackCOMRAM 000070
___fldiv@new_exp               cstackCOMRAM 00006E
___fldiv@rem                   cstackCOMRAM 000069
___fldiv@sign                  cstackCOMRAM 00006D
___flge                        text21       00588E
___flge@ff1                    cstackCOMRAM 000001
___flge@ff2                    cstackCOMRAM 000005
___flmul                       text18       0066E4
___flmul@a                     cstackCOMRAM 000013
___flmul@aexp                  cstackCOMRAM 000020
___flmul@b                     cstackCOMRAM 00000F
___flmul@bexp                  cstackCOMRAM 000021
___flmul@grs                   cstackCOMRAM 00001C
___flmul@prod                  cstackCOMRAM 000022
___flmul@sign                  cstackCOMRAM 00001B
___flmul@temp                  cstackCOMRAM 000026
___flneg                       text17       005486
___flneg@f1                    cstackCOMRAM 000001
___flsub                       text15       005576
___flsub@a                     cstackCOMRAM 00003C
___flsub@b                     cstackCOMRAM 000038
___fpclassifyf                 text14       005790
___fpclassifyf@F465            bssBANK1     000118
___fpclassifyf@e               cstackCOMRAM 000009
___fpclassifyf@u               cstackCOMRAM 00000B
___fpclassifyf@x               cstackCOMRAM 000001
___heap_hi                     (abs)        000000
___heap_lo                     (abs)        000000
___inthi_sp                    stack        000000
___inthi_stack_hi              stack        000000
___inthi_stack_lo              stack        000000
___intlo_sp                    stack        000000
___intlo_stack_hi              stack        000000
___intlo_stack_lo              stack        000000
___param_bank                  (abs)        000000
___rparam_used                 (abs)        000001
___sp                          stack        000000
___stack_hi                    stack        000000
___stack_lo                    stack        000000
___xxtofl                      text20       005B28
___xxtofl@arg                  cstackCOMRAM 00000B
___xxtofl@exp                  cstackCOMRAM 00000A
___xxtofl@sign                 cstackCOMRAM 000009
___xxtofl@val                  cstackCOMRAM 000001
__accesstop                    (abs)        000080
__activetblptr                 (abs)        000002
__end_of_ADC_Initialize        text7        0053BE
__end_of_ADC_Read              text29       005452
__end_of_Calibration           text6        005790
__end_of_Check_ADC             text28       0056C4
__end_of_Check_Gyroscope       text8        005F76
__end_of_Gyroscope_Initialize  text4        0054F8
__end_of_I2C_Init              text5        005358
__end_of_I2C_Read              text27       005536
__end_of_I2C_Start             text26       00536A
__end_of_I2C_Stop              text25       00537C
__end_of_I2C_Write             text24       005420
__end_of_INTERRUPT_Initialize  text3        0053DA
__end_of_OSCILLATOR_Initialize text2        00534A
__end_of_SYSTEM_Initialize     text1        00538E
__end_of_UART_Write            text23       0053A4
__end_of_UART_Write_Text       text22       005612
__end_of___fladd               text16       006FC0
__end_of___fldiv               text19       006306
__end_of___flge                text21       005992
__end_of___flmul               text18       006B0A
__end_of___flneg               text17       0054BE
__end_of___flsub               text15       0055BC
__end_of___fpclassifyf         text14       00588E
__end_of___xxtofl              text20       005CDC
__end_of__initialization       cinit        0053F2
__end_of_aT0                   mediumconst  007D1B
__end_of_aT1                   mediumconst  007D17
__end_of_aT2                   mediumconst  007D13
__end_of_aT3                   mediumconst  007D0F
__end_of_aT4                   mediumconst  007D0B
__end_of_atan2f                text11       00757C
__end_of_atanf                 text12       007CE6
__end_of_atanhi                mediumconst  007D07
__end_of_atanlo                mediumconst  007CF7
__end_of_calculate_angle       text9        005B28
__end_of_fabsf                 text13       005486
__end_of_main                  text0        005576
__end_of_pi                    mediumconst  007D23
__end_of_pi_lo                 mediumconst  007D1F
__end_of_sqrtf                 text10       0066E4
__initialization               cinit        0053DA
__mediumconst                  mediumconst  007CE6
__pbssBANK0                    bssBANK0     0000F3
__pbssBANK1                    bssBANK1     000100
__pcinit                       cinit        0053DA
__pcstackBANK0                 cstackBANK0  000080
__pcstackCOMRAM                cstackCOMRAM 000001
__pmediumconst                 mediumconst  007CE6
__ptext0                       text0        005536
__ptext1                       text1        00537C
__ptext10                      text10       006306
__ptext11                      text11       006FC0
__ptext12                      text12       00757C
__ptext13                      text13       005452
__ptext14                      text14       005790
__ptext15                      text15       005576
__ptext16                      text16       006B0A
__ptext17                      text17       005486
__ptext18                      text18       0066E4
__ptext19                      text19       005F76
__ptext2                       text2        005342
__ptext20                      text20       005B28
__ptext21                      text21       00588E
__ptext22                      text22       0055BC
__ptext23                      text23       00538E
__ptext24                      text24       0053FC
__ptext25                      text25       00536A
__ptext26                      text26       005358
__ptext27                      text27       0054F8
__ptext28                      text28       005612
__ptext29                      text29       005420
__ptext3                       text3        0053BE
__ptext4                       text4        0054BE
__ptext5                       text5        00534A
__ptext6                       text6        0056C4
__ptext7                       text7        0053A4
__ptext8                       text8        005CDC
__ptext9                       text9        005992
__ramtop                       ramtop       000600
__smallconst                   smallconst   000000
_accX                          bssBANK1     00012A
_accX_high                     bssBANK0     0000FE
_accX_low                      bssBANK0     0000FD
_accY                          bssBANK0     0000F7
_accY_high                     bssBANK0     0000FC
_accY_low                      bssBANK0     0000FB
_accZ                          bssBANK1     000128
_accZ_high                     bssBANK0     0000FA
_accZ_low                      bssBANK0     0000F9
_angle                         bssBANK1     00011C
_atan2f                        text11       006FC0
_atan2f$1839                   cstackBANK0  0000BE
_atan2f$1840                   cstackBANK0  0000C2
_atan2f$1841                   cstackBANK0  0000C6
_atanf                         text12       00757C
_atanf$1842                    cstackBANK0  000098
_atanf$1843                    cstackBANK0  000084
_atanf$1844                    cstackBANK0  00009C
_atanf$1845                    cstackBANK0  000088
_atanf$1846                    cstackBANK0  00008C
_atanhi                        mediumconst  007CF7
_atanlo                        mediumconst  007CE7
_calculate_angle               text9        005992
_calculate_angle$1837          cstackBANK0  0000DD
_calculate_angle$1838          cstackBANK0  0000E1
_count                         bssBANK1     000130
_dir                           bssBANK0     0000F5
_errno                         bssBANK1     000124
_fabsf                         text13       005452
_from_mid                      bssBANK0     0000F3
_isConnected                   bssBANK1     00012E
_lenStr                        bssBANK1     000132
_main                          text0        005536
_mystring                      bssBANK1     000134
_needSendMsg                   bssBANK1     00012C
_pitch_offset                  bssBANK1     000120
_postpostscaler                bssBANK1     000126
_sqrtf                         text10       006306
_str                           bssBANK1     000100
atan2f@ix                      cstackBANK0  0000CE
atan2f@iy                      cstackBANK0  0000D2
atan2f@m                       cstackBANK0  0000D6
atan2f@x                       cstackBANK0  0000B2
atan2f@y                       cstackBANK0  0000AE
atan2f@z                       cstackBANK0  0000CA
atanf@id                       cstackBANK0  0000A5
atanf@ix                       cstackBANK0  0000AA
atanf@s1                       cstackBANK0  000090
atanf@s2                       cstackBANK0  000094
atanf@sign                     cstackBANK0  0000A0
atanf@w                        cstackBANK0  0000A1
atanf@x                        cstackBANK0  000080
atanf@z                        cstackBANK0  0000A6
calculate_angle@accX           cstackBANK0  0000D7
calculate_angle@accY           cstackBANK0  0000D9
calculate_angle@accZ           cstackBANK0  0000DB
end_of_initialization          cinit        0053F2
fabsf@F465                     bssBANK1     000114
fabsf@u                        cstackCOMRAM 00007A
fabsf@x                        cstackCOMRAM 000076
intlevel0                      text         000000
intlevel1                      text         000000
intlevel2                      text         000000
intlevel3                      text         000000
isa$std                        (abs)        000001
isa$xinst                      (abs)        000000
main@blinker_dir               cstackBANK0  0000F1
main@prev_bend_sensor_val      cstackBANK0  0000EF
sqrtf@i                        cstackCOMRAM 000045
sqrtf@ix                       cstackCOMRAM 000059
sqrtf@m                        cstackCOMRAM 000051
sqrtf@q                        cstackCOMRAM 000049
sqrtf@r                        cstackCOMRAM 000055
sqrtf@s                        cstackCOMRAM 000041
sqrtf@t                        cstackCOMRAM 00004D
sqrtf@x                        cstackCOMRAM 000038
stackhi                        (abs)        000000
stacklo                        (abs)        000000
start                          init         000000
start_initialization           cinit        0053DA


MODULE INFORMATION

Module		Function		Class		Link	Load	Size
C:\Program Files\Microchip\xc8\v2.50\pic\sources\c99\common\flneg.c
		___flneg       		CODE           	5486	0000	56

C:\Program Files\Microchip\xc8\v2.50\pic\sources\c99\common\flneg.c estimated size: 56

C:\Program Files\Microchip\xc8\v2.50\pic\sources\c99\common\fabsf.c
		_fabsf         		CODE           	5452	0000	52

C:\Program Files\Microchip\xc8\v2.50\pic\sources\c99\common\fabsf.c estimated size: 52

C:\Program Files\Microchip\xc8\v2.50\pic\sources\c99\common\atanf.c
		_atanf         		CODE           	757C	0000	1898

C:\Program Files\Microchip\xc8\v2.50\pic\sources\c99\common\atanf.c estimated size: 1898

setting_hardaware/interrupt_manager.c
		_INTERRUPT_Initialize		CODE           	53BE	0000	28

setting_hardaware/interrupt_manager.c estimated size: 28

setting_hardaware/gyroscope.c
		_Check_Gyroscope		CODE           	5CDC	0000	666
		_Calibration   		CODE           	56C4	0000	204
		_I2C_Write     		CODE           	53FC	0000	36
		_Gyroscope_Initialize		CODE           	54BE	0000	58
		_I2C_Stop      		CODE           	536A	0000	18
		_I2C_Read      		CODE           	54F8	0000	62
		_I2C_Init      		CODE           	534A	0000	14
		_I2C_Start     		CODE           	5358	0000	18
		_calculate_angle		CODE           	5992	0000	406

setting_hardaware/gyroscope.c estimated size: 1482

C:\Program Files\Microchip\xc8\v2.50\pic\sources\c99\common\sprcmul.c
		___flmul       		CODE           	66E4	0000	1062

C:\Program Files\Microchip\xc8\v2.50\pic\sources\c99\common\sprcmul.c estimated size: 1062

setting_hardaware/uart.c
		_UART_Write_Text		CODE           	55BC	0000	86
		_UART_Write    		CODE           	538E	0000	22

setting_hardaware/uart.c estimated size: 108

C:\Program Files\Microchip\xc8\v2.50\pic\sources\c99\common\sprcdiv.c
		___fldiv       		CODE           	5F76	0000	912

C:\Program Files\Microchip\xc8\v2.50\pic\sources\c99\common\sprcdiv.c estimated size: 912

setting_hardaware/adc.c
		_ADC_Initialize		CODE           	53A4	0000	26
		_Check_ADC     		CODE           	5612	0000	178
		_ADC_Read      		CODE           	5420	0000	50

setting_hardaware/adc.c estimated size: 254

C:\Program Files\Microchip\xc8\v2.50\pic\sources\c99\common\xxtofl.c
		___xxtofl      		CODE           	5B28	0000	436

C:\Program Files\Microchip\xc8\v2.50\pic\sources\c99\common\xxtofl.c estimated size: 436

C:\Program Files\Microchip\xc8\v2.50\pic\sources\c99\common\__fpclassifyf.c
		___fpclassifyf 		CODE           	5790	0000	254

C:\Program Files\Microchip\xc8\v2.50\pic\sources\c99\common\__fpclassifyf.c estimated size: 254

C:\Program Files\Microchip\xc8\v2.50\pic\sources\c99\common\sprcadd.c
		___flsub       		CODE           	5576	0000	70
		___fladd       		CODE           	6B0A	0000	1206

C:\Program Files\Microchip\xc8\v2.50\pic\sources\c99\common\sprcadd.c estimated size: 1276

shared
		_aT1           		MEDIUMCONST    	0000	0000	0
		_aT2           		MEDIUMCONST    	0000	0000	0
		_aT3           		MEDIUMCONST    	0000	0000	0
		_aT4           		MEDIUMCONST    	0000	0000	0
		_atanhi        		MEDIUMCONST    	7CF7	0000	16
		__initialization		CODE           	53DA	0000	24
		_pi            		MEDIUMCONST    	0000	0000	0
		_aT0           		MEDIUMCONST    	0000	0000	0
		_pi_lo         		MEDIUMCONST    	0000	0000	0
		_atanlo        		MEDIUMCONST    	7CE7	0000	16

shared estimated size: 56

C:\Program Files\Microchip\xc8\v2.50\pic\sources\c99\common\sqrtf.c
		_sqrtf         		CODE           	6306	0000	990

C:\Program Files\Microchip\xc8\v2.50\pic\sources\c99\common\sqrtf.c estimated size: 990

setting_hardaware/setting.c
		_OSCILLATOR_Initialize		CODE           	5342	0000	8
		_SYSTEM_Initialize		CODE           	537C	0000	18

setting_hardaware/setting.c estimated size: 26

C:\Program Files\Microchip\xc8\v2.50\pic\sources\c99\common\atan2f.c
		_atan2f        		CODE           	6FC0	0000	1468

C:\Program Files\Microchip\xc8\v2.50\pic\sources\c99\common\atan2f.c estimated size: 1468

main.c
		_main          		CODE           	5536	0000	64

main.c estimated size: 64

C:\Program Files\Microchip\xc8\v2.50\pic\sources\c99\common\flge.c
		___flge        		CODE           	588E	0000	260

C:\Program Files\Microchip\xc8\v2.50\pic\sources\c99\common\flge.c estimated size: 260

