Microchip MPLAB XC8 Compiler V2.50

Linker command line:

-W-3 \
  --edf=C:\Program Files\Microchip\xc8\v2.50\pic\dat\20240725155939_en.msgs \
  -cn -h+dist/default/debug\BT_Server.X.debug.sym \
  --cmf=dist/default/debug\BT_Server.X.debug.cmf -z -Q18F4520 \
  -oC:\Users\yunyu\AppData\Local\Temp\xcBs1gv8.1\driver_tmp_3.o \
  --defsym=__MPLAB_BUILD=1 --fixupoverflow=error \
  -Mdist/default/debug/BT_Server.X.debug.map \
  --md=C:\Users\yunyu\AppData\Local\Temp\xcBs1gv8.1\driver_tmp_0.dat -E1 \
  -ver=XC8 Compiler --acfsm=1493 -ACODE=00h-07DBFh -ACONST=00h-07DBFh \
  -ASMALLCONST=0600h-06FFhx119,07D00h-07DBFh -AMEDIUMCONST=0600h-07DBFh \
  -ACOMRAM=01h-07Fh -AABS1=00h-05F3h -ABIGRAM=01h-05F3h \
  -ARAM=080h-0FFh,0100h-01FFhx4,0500h-05F3h -ABANK0=080h-0FFh \
  -ABANK1=0100h-01FFh -ABANK2=0200h-02FFh -ABANK3=0300h-03FFh \
  -ABANK4=0400h-04FFh -ABANK5=0500h-05F3h \
  -ASFR=0F80h-0F9Bh,0F9Dh-0FD3h,0FD5h-0FDAh,0FE0h-0FE2h,0FE8h-0FEAh,0FF0h-0FFCh \
  -ABIGSFR=0F80h-0F9Bh,0F9Dh-0FD3h,0FD5h-0FDAh,0FE0h-0FE2h,0FE8h-0FEAh,0FF0h-0FFCh \
  -ACONFIG=0300000h-030000Dh -AIDLOC=0200000h-0200007h \
  -AEEDATA=0F00000h-0F000FFh -peeprom_data=EEDATA \
  -preset_vec=00h,intcode=8h,intcodelo=18h,powerup,init -pramtop=0600h \
  -psmallconst=SMALLCONST -pmediumconst=MEDIUMCONST -pconst=CONST \
  -AFARRAM=00h-00h \
  -prdata=COMRAM,nvrram=COMRAM,nvbit=COMRAM,rbss=COMRAM,rbit=COMRAM \
  -pfarbss=FARRAM,fardata=FARRAM,nvFARRAM=FARRAM \
  -pintsave_regs=BIGRAM,bigbss=BIGRAM,bigdata=BIGRAM -pbss=RAM \
  -pidata=CODE,irdata=CODE,ibigdata=CODE,ifardata=CODE -prparam=COMRAM \
  C:\Users\yunyu\AppData\Local\Temp\xcBs1gv8.1\driver_tmp_9.o \
  dist/default/debug\BT_Server.X.debug.o 

Object code version is 3.11

Machine type is 18F4520



                Name                               Link     Load   Length Selector   Space Scale
C:\Users\yunyu\AppData\Local\Temp\xcBs1gv8.1\driver_tmp_9.o
                idloc                            200000   200000        8        0       5
                config                           300000   300000        E        0       4
                init                                226      226        4        C       0
                reset_vec                             0        0        4        0       0
dist/default/debug\BT_Server.X.debug.o
                intcodelo                            18       18      20E        C       0
                intcode                               8        8        6        4       0
                idloc                            200000   200000        8        0       5
                config                           300000   300000        E        0       4
                temp                                 63       63        1        1       1
                smallconst                          600      600       22      300       0
                text18                              A08      A08       16      311       0
                text17                              8B0      8B0       4A      311       0
                intcode_body                        622      622       A4      311       0
                text15                              8FA      8FA       3C      311       0
                text14                              A3C      A3C        4      311       0
                text13                              9F2      9F2       16      311       0
                text12                              866      866       4A      311       0
                text11                              936      936       3A      311       0
                text10                              81A      81A       4C      311       0
                text9                               970      970       2E      311       0
                text7                               A34      A34        8      311       0
                text6                               A2C      A2C        8      311       0
                text5                               99E      99E       22      311       0
                text4                               A1E      A1E        E      311       0
                text3                               9DA      9DA       18      311       0
                text2                               7CC      7CC       4E      311       0
                text1                               6C6      6C6       92      311       0
                text0                               758      758       74      311       0
                cstackCOMRAM                          1        1       32        1       1
                cstackBANK0                          80       80        5       80       1
                bssCOMRAM                            33       33       30        1       1
                cinit                               9C0      9C0       1A      311       0

TOTAL           Name                               Link     Load   Length     Space
        CLASS   CODE           
                intcodelo                            18       18      20E         0
                intcode                               8        8        6         0
                init                                226      226        4         0
                reset_vec                             0        0        4         0
                text18                              A08      A08       16         0
                text17                              8B0      8B0       4A         0
                intcode_body                        622      622       A4         0
                text15                              8FA      8FA       3C         0
                text14                              A3C      A3C        4         0
                text13                              9F2      9F2       16         0
                text12                              866      866       4A         0
                text11                              936      936       3A         0
                text10                              81A      81A       4C         0
                text9                               970      970       2E         0
                text7                               A34      A34        8         0
                text6                               A2C      A2C        8         0
                text5                               99E      99E       22         0
                text4                               A1E      A1E        E         0
                text3                               9DA      9DA       18         0
                text2                               7CC      7CC       4E         0
                text1                               6C6      6C6       92         0
                text0                               758      758       74         0
                cinit                               9C0      9C0       1A         0

        CLASS   CONST          

        CLASS   SMALLCONST     
                smallconst                          600      600       22         0

        CLASS   MEDIUMCONST    

        CLASS   COMRAM         
                temp                                 63       63        1         1
                cstackCOMRAM                          1        1       32         1
                bssCOMRAM                            33       33       30         1

        CLASS   ABS1           

        CLASS   BIGRAM         

        CLASS   RAM            

        CLASS   BANK0          
                cstackBANK0                          80       80        5         1

        CLASS   BANK1          

        CLASS   BANK2          

        CLASS   BANK3          

        CLASS   BANK4          

        CLASS   BANK5          

        CLASS   SFR            

        CLASS   BIGSFR         

        CLASS   CONFIG         
                config                           300000   300000        E         4

        CLASS   IDLOC          
                idloc                            200000   200000        8         5

        CLASS   EEDATA         

        CLASS   FARRAM         

        CLASS   HEAP           

        CLASS   STACK          



SEGMENTS        Name                           Load    Length   Top    Selector   Space  Class

                reset_vec                      000000  000004  000004         0       0  CODE    
                cstackCOMRAM                   000001  000063  000064         1       1  COMRAM  
                intcode                        000008  000006  00000E         4       0  CODE    
                intcodelo                      000018  000212  00022A         C       0  CODE    
                cstackBANK0                    000080  000005  000085        80       1  BANK0   
                smallconst                     000600  000022  000622       300       0  SMALLCON
                intcode_body                   000622  00041E  000A40       311       0  CODE    


UNUSED ADDRESS RANGES

        Name                Unused          Largest block    Delta
        BANK0            000085-0000FF               7B
        BANK1            000100-0001FF              100
        BANK2            000200-0002FF              100
        BANK3            000300-0003FF              100
        BANK4            000400-0004FF              100
        BANK5            000500-0005F3               F4
        BIGRAM           000064-00007F               1C
                         000085-0005F3              56F
        BIGSFR           000F80-000F9B               1C
                         000F9D-000FD3               37
                         000FD5-000FDA                6
                         000FE0-000FE2                3
                         000FE8-000FEA                3
                         000FF0-000FFC                D
        CODE             000004-000007                4
                         00000E-000017                A
                         00022A-0005FF              3D6
                         000A40-007DBF             7380
        COMRAM           000064-00007F               1C
        CONST            000004-000007                4
                         00000E-000017                A
                         00022A-0005FF              3D6
                         000A40-007DBF             7380
        EEDATA           F00000-F000FF              100
        MEDIUMCONST      000A40-007DBF             7380
        RAM              000085-0005F3              100
        SFR              000F80-000F9B               1C
                         000F9D-000FD3               37
                         000FD5-000FDA                6
                         000FE0-000FE2                3
                         000FE8-000FEA                3
                         000FF0-000FFC                D
        SMALLCONST       000A40-007DBF              100

                                  Symbol Table

?_strlen                       cstackCOMRAM 00000B
ClearBuffer@i                  cstackCOMRAM 00000B
Lo_ISR@command                 cstackCOMRAM 00001F
MyusartRead@receivedData       cstackCOMRAM 000010
UART_Write@data                cstackBANK0  000080
UART_Write_Text@i              cstackBANK0  000083
UART_Write_Text@text           cstackBANK0  000081
_ADCON0bits                    (abs)        000FC2
_ADCON1                        (abs)        000FC1
_ADCON2bits                    (abs)        000FC0
_ADFM                          (abs)        007E07
_ADRESH                        (abs)        000FC4
_ADRESL                        (abs)        000FC3
_BAUDCONbits                   (abs)        000FB8
_CCP1CON                       (abs)        000FBD
_CREN                          (abs)        007D5C
_ClearBuffer                   text15       0008FA
_GetString                     text14       000A3C
_Hi_ISR                        intcode      000008
_INTCONbits                    (abs)        000FF2
_INTERRUPT_Initialize          text7        000A34
_IPR1bits                      (abs)        000F9F
_IRCF0                         (abs)        007E9C
_IRCF1                         (abs)        007E9D
_IRCF2                         (abs)        007E9E
_LATA                          (abs)        000F89
_LATAbits                      (abs)        000F89
_LATBbits                      (abs)        000F8A
_Lo_ISR                        intcodelo    000018
_MyusartRead                   text11       000936
_OSCILLATOR_Initialize         text6        000A2C
_PIE1bits                      (abs)        000F9D
_PIR1bits                      (abs)        000F9E
_RCIF                          (abs)        007CF5
_RCONbits                      (abs)        000FD0
_RCREG                         (abs)        000FAE
_RCSTAbits                     (abs)        000FAB
_SPBRG                         (abs)        000FAF
_SYSTEM_Initialize             text4        000A1E
_TRISA                         (abs)        000F92
_TRISAbits                     (abs)        000F92
_TRISB                         (abs)        000F93
_TRISCbits                     (abs)        000F94
_TXREG                         (abs)        000FAD
_TXSTAbits                     (abs)        000FAC
_UART_Initialize               text5        00099E
_UART_Write                    text3        0009DA
_UART_Write_Text               text2        0007CC
__HRAM                         (abs)        000000
__H__absolute__                __absolute__ 000000
__Habs1                        abs1         000000
__Hbank0                       bank0        000000
__Hbank1                       bank1        000000
__Hbank2                       bank2        000000
__Hbank3                       bank3        000000
__Hbank4                       bank4        000000
__Hbank5                       bank5        000000
__Hbigbss                      bigbss       000000
__Hbigdata                     bigdata      000000
__Hbigram                      bigram       000000
__Hbigsfr                      bigsfr       000000
__Hbss                         bss          000000
__HbssCOMRAM                   bssCOMRAM    000000
__Hcinit                       cinit        000000
__Hclrtext                     clrtext      000000
__Hcomram                      comram       000000
__Hconfig                      config       30000E
__Hconst                       const        000000
__HcstackBANK0                 cstackBANK0  000000
__HcstackCOMRAM                cstackCOMRAM 000000
__Hdata                        data         000000
__Heeprom_data                 eeprom_data  000000
__Hfarbss                      farbss       000000
__Hfardata                     fardata      000000
__Hheap                        heap         000000
__Hibigdata                    ibigdata     000000
__Hidata                       idata        000000
__Hidloc                       idloc        200008
__Hifardata                    ifardata     000000
__Hinit                        init         00022A
__Hintcode                     intcode      00000E
__Hintcode_body                intcode_body 000000
__Hintcodelo                   intcodelo    000226
__Hintentry                    intentry     000000
__Hintret                      intret       000000
__Hintsave_regs                intsave_regs 000000
__Hirdata                      irdata       000000
__Hmediumconst                 mediumconst  000000
__HnvFARRAM                    nvFARRAM     000000
__Hnvbit                       nvbit        000000
__Hnvrram                      nvrram       000000
__Hparam                       rparam       000000
__Hpowerup                     powerup      000226
__Hram                         ram          000000
__Hramtop                      ramtop       000600
__Hrbit                        rbit         000000
__Hrbss                        rbss         000000
__Hrdata                       rdata        000000
__Hreset_vec                   reset_vec    000004
__Hrparam                      rparam       000000
__Hsfr                         sfr          000000
__Hsivt_hi                     sivt_hi      000000
__Hsivt_lo                     sivt_lo      000000
__Hsmallconst                  smallconst   000622
__Hspace_0                     (abs)        000A40
__Hspace_1                     (abs)        000085
__Hspace_2                     (abs)        000000
__Hspace_4                     (abs)        60000E
__Hstack                       stack        000000
__Hstruct                      struct       000000
__Htemp                        temp         000064
__Htext                        text         000000
__Htext0                       text0        000000
__Htext1                       text1        000000
__Htext10                      text10       000000
__Htext11                      text11       000000
__Htext12                      text12       000000
__Htext13                      text13       000000
__Htext14                      text14       000000
__Htext15                      text15       000000
__Htext17                      text17       000000
__Htext18                      text18       000000
__Htext2                       text2        000000
__Htext3                       text3        000000
__Htext4                       text4        000000
__Htext5                       text5        000000
__Htext6                       text6        000000
__Htext7                       text7        000000
__Htext9                       text9        000000
__LRAM                         (abs)        000001
__L__absolute__                __absolute__ 000000
__Labs1                        abs1         000000
__Lbank0                       bank0        000000
__Lbank1                       bank1        000000
__Lbank2                       bank2        000000
__Lbank3                       bank3        000000
__Lbank4                       bank4        000000
__Lbank5                       bank5        000000
__Lbigbss                      bigbss       000000
__Lbigdata                     bigdata      000000
__Lbigram                      bigram       000000
__Lbigsfr                      bigsfr       000000
__Lbss                         bss          000000
__LbssCOMRAM                   bssCOMRAM    000000
__Lcinit                       cinit        000000
__Lclrtext                     clrtext      000000
__Lcomram                      comram       000000
__Lconfig                      config       000000
__Lconst                       const        000000
__LcstackBANK0                 cstackBANK0  000000
__LcstackCOMRAM                cstackCOMRAM 000000
__Ldata                        data         000000
__Leeprom_data                 eeprom_data  000000
__Lfarbss                      farbss       000000
__Lfardata                     fardata      000000
__Lheap                        heap         000000
__Libigdata                    ibigdata     000000
__Lidata                       idata        000000
__Lidloc                       idloc        000000
__Lifardata                    ifardata     000000
__Linit                        init         000226
__Lintcode                     intcode      000008
__Lintcode_body                intcode_body 000000
__Lintcodelo                   intcodelo    000018
__Lintentry                    intentry     000000
__Lintret                      intret       000000
__Lintsave_regs                intsave_regs 000000
__Lirdata                      irdata       000000
__Lmediumconst                 mediumconst  000000
__LnvFARRAM                    nvFARRAM     000000
__Lnvbit                       nvbit        000000
__Lnvrram                      nvrram       000000
__Lparam                       rparam       000000
__Lpowerup                     powerup      000226
__Lram                         ram          000000
__Lramtop                      ramtop       000600
__Lrbit                        rbit         000000
__Lrbss                        rbss         000000
__Lrdata                       rdata        000000
__Lreset_vec                   reset_vec    000000
__Lrparam                      rparam       000000
__Lsfr                         sfr          000000
__Lsivt_hi                     sivt_hi      000000
__Lsivt_lo                     sivt_lo      000000
__Lsmallconst                  smallconst   000600
__Lspace_0                     (abs)        000000
__Lspace_1                     (abs)        000000
__Lspace_2                     (abs)        000000
__Lspace_4                     (abs)        000000
__Lstack                       stack        000000
__Lstruct                      struct       000000
__Ltemp                        temp         000063
__Ltext                        text         000000
__Ltext0                       text0        000000
__Ltext1                       text1        000000
__Ltext10                      text10       000000
__Ltext11                      text11       000000
__Ltext12                      text12       000000
__Ltext13                      text13       000000
__Ltext14                      text14       000000
__Ltext15                      text15       000000
__Ltext17                      text17       000000
__Ltext18                      text18       000000
__Ltext2                       text2        000000
__Ltext3                       text3        000000
__Ltext4                       text4        000000
__Ltext5                       text5        000000
__Ltext6                       text6        000000
__Ltext7                       text7        000000
__Ltext9                       text9        000000
__S0                           (abs)        000A40
__S1                           (abs)        000085
__S4                           (abs)        000000
__S5                           (abs)        000000
___heap_hi                     (abs)        000000
___heap_lo                     (abs)        000000
___inthi_sp                    stack        000000
___inthi_stack_hi              stack        000000
___inthi_stack_lo              stack        000000
___intlo_sp                    stack        000000
___intlo_stack_hi              stack        000000
___intlo_stack_lo              stack        000000
___param_bank                  (abs)        000000
___rparam_used                 (abs)        000001
___sp                          stack        000000
___stack_hi                    stack        000000
___stack_lo                    stack        000000
__accesstop                    (abs)        000080
__activetblptr                 (abs)        000002
__end_of_ClearBuffer           text15       000936
__end_of_GetString             text14       000A40
__end_of_Hi_ISR                intcode_body 0006C6
__end_of_INTERRUPT_Initialize  text7        000A3C
__end_of_Lo_ISR                intcodelo    000226
__end_of_MyusartRead           text11       000970
__end_of_OSCILLATOR_Initialize text6        000A34
__end_of_SYSTEM_Initialize     text4        000A2C
__end_of_UART_Initialize       text5        0009C0
__end_of_UART_Write            text3        0009F2
__end_of_UART_Write_Text       text2        00081A
__end_of__initialization       cinit        0009CC
__end_of_displayBinary         text1        000758
__end_of_main                  text0        0007CC
__end_of_strcpy                text10       000866
__end_of_strlen                text9        00099E
__end_ofi1_UART_Write          text13       000A08
__end_ofi1_UART_Write_Text     text12       0008B0
__end_ofi2_UART_Write          text18       000A1E
__end_ofi2_UART_Write_Text     text17       0008FA
__initialization               cinit        0009C0
__mediumconst                  mediumconst  000000
__pbssCOMRAM                   bssCOMRAM    000033
__pcinit                       cinit        0009C0
__pcstackBANK0                 cstackBANK0  000080
__pcstackCOMRAM                cstackCOMRAM 000001
__pintcode                     intcode      000008
__pintcode_body                intcode_body 000622
__pintcodelo                   intcodelo    000018
__psmallconst                  smallconst   000600
__ptext0                       text0        000758
__ptext1                       text1        0006C6
__ptext10                      text10       00081A
__ptext11                      text11       000936
__ptext12                      text12       000866
__ptext13                      text13       0009F2
__ptext14                      text14       000A3C
__ptext15                      text15       0008FA
__ptext17                      text17       0008B0
__ptext18                      text18       000A08
__ptext2                       text2        0007CC
__ptext3                       text3        0009DA
__ptext4                       text4        000A1E
__ptext5                       text5        00099E
__ptext6                       text6        000A2C
__ptext7                       text7        000A34
__ptext9                       text9        000970
__ramtop                       ramtop       000600
__smallconst                   smallconst   000600
_count                         bssCOMRAM    00004B
_displayBinary                 text1        0006C6
_isConnected                   bssCOMRAM    000049
_lenStr                        bssCOMRAM    00004D
_main                          text0        000758
_mystring                      bssCOMRAM    00004F
_needSendMsg                   bssCOMRAM    000047
_str                           bssCOMRAM    000033
_strcpy                        text10       00081A
_strlen                        text9        000970
btemp                          temp         000063
displayBinary@num              cstackBANK0  000080
end_of_initialization          cinit        0009CC
i1UART_Write@data              cstackCOMRAM 00000B
i1UART_Write_Text@i            cstackCOMRAM 00000E
i1UART_Write_Text@text         cstackCOMRAM 00000C
i1_UART_Write                  text13       0009F2
i1_UART_Write_Text             text12       000866
i2UART_Write@data              cstackCOMRAM 000001
i2UART_Write_Text@i            cstackCOMRAM 000004
i2UART_Write_Text@text         cstackCOMRAM 000002
i2_UART_Write                  text18       000A08
i2_UART_Write_Text             text17       0008B0
int$flags                      temp         000063
int_func                       intcode_body 000622
intlevel0                      text         000000
intlevel1                      text         000000
intlevel2                      text         000000
intlevel3                      text         000000
isa$std                        (abs)        000001
isa$xinst                      (abs)        000000
stackhi                        (abs)        000000
stacklo                        (abs)        000000
start                          init         000226
start_initialization           cinit        0009C0
strcpy@d                       cstackCOMRAM 000012
strcpy@dest                    cstackCOMRAM 00000D
strcpy@src                     cstackCOMRAM 00000E
strlen@a                       cstackCOMRAM 00000D
strlen@s                       cstackCOMRAM 00000B
ttemp5                         temp         000064
ttemp6                         temp         000067
ttemp7                         temp         00006B
wtemp8                         temp         000064


MODULE INFORMATION

Module		Function		Class		Link	Load	Size
setting_hardaware/interrupt_manager.c
		_INTERRUPT_Initialize		CODE           	0A34	0000	8

setting_hardaware/interrupt_manager.c estimated size: 8

setting_hardaware/uart.c
		_MyusartRead   		CODE           	0936	0000	58
		_UART_Write_Text		CODE           	07CC	0000	78
		_GetString     		CODE           	0A3C	0000	4
		_ClearBuffer   		CODE           	08FA	0000	60
		_UART_Initialize		CODE           	099E	0000	34
		_UART_Write    		CODE           	09DA	0000	24

setting_hardaware/uart.c estimated size: 258

C:\Program Files\Microchip\xc8\v2.50\pic\sources\c99\common\strlen.c
		_strlen        		CODE           	0970	0000	46

C:\Program Files\Microchip\xc8\v2.50\pic\sources\c99\common\strlen.c estimated size: 46

C:\Program Files\Microchip\xc8\v2.50\pic\sources\c99\common\strcpy.c
		_strcpy        		CODE           	081A	0000	76

C:\Program Files\Microchip\xc8\v2.50\pic\sources\c99\common\strcpy.c estimated size: 76

shared
		i1_UART_Write  		CODE           	09F2	0000	22
		i2_UART_Write  		CODE           	0A08	0000	22
		__initialization		CODE           	09C0	0000	12
		i1_UART_Write_Text		CODE           	0866	0000	74
		i2_UART_Write_Text		CODE           	08B0	0000	74

shared estimated size: 204

setting_hardaware/setting.c
		_OSCILLATOR_Initialize		CODE           	0A2C	0000	8
		_SYSTEM_Initialize		CODE           	0A1E	0000	14

setting_hardaware/setting.c estimated size: 22

main.c
		_Lo_ISR        		CODE           	0018	0000	526
		_main          		CODE           	0758	0000	116
		_displayBinary 		CODE           	06C6	0000	146
		_Hi_ISR        		CODE           	0008	0000	170

main.c estimated size: 958

