Microchip MPLAB XC8 Compiler V2.50

Linker command line:

-W-3 \
  --edf=C:\Program Files\Microchip\xc8\v2.50\pic\dat\20240725155939_en.msgs \
  -cn -h+dist/default/debug\BT_Server.X.debug.sym \
  --cmf=dist/default/debug\BT_Server.X.debug.cmf -z -Q18F4520 \
  -oC:\Users\user\AppData\Local\Temp\xcBsgog.1\driver_tmp_3.o \
  --defsym=__MPLAB_BUILD=1 --fixupoverflow=error \
  -Mdist/default/debug/BT_Server.X.debug.map \
  --md=C:\Users\user\AppData\Local\Temp\xcBsgog.1\driver_tmp_0.dat -E1 \
  -ver=XC8 Compiler --acfsm=1493 -ACODE=00h-07D2Fh -ACONST=00h-07D2Fh \
  -ASMALLCONST=0600h-06FFhx119,07D00h-07D2Fh -AMEDIUMCONST=0600h-07D2Fh \
  -ACOMRAM=01h-07Fh -AABS1=00h-05EEh -ABIGRAM=01h-05EEh \
  -ARAM=080h-0FFh,0100h-01FFhx4,0500h-05EEh -ABANK0=080h-0FFh \
  -ABANK1=0100h-01FFh -ABANK2=0200h-02FFh -ABANK3=0300h-03FFh \
  -ABANK4=0400h-04FFh -ABANK5=0500h-05EEh \
  -ASFR=0F80h-0F9Bh,0F9Dh-0FD3h,0FD5h-0FDAh,0FE0h-0FE2h,0FE8h-0FEAh,0FF0h-0FFBh \
  -ABIGSFR=0F80h-0F9Bh,0F9Dh-0FD3h,0FD5h-0FDAh,0FE0h-0FE2h,0FE8h-0FEAh,0FF0h-0FFBh \
  -ACONFIG=0300000h-030000Dh -AIDLOC=0200000h-0200007h \
  -AEEDATA=0F00000h-0F000FFh -peeprom_data=EEDATA \
  -preset_vec=00h,intcode,sivt_hi,intcodelo,sivt_lo,powerup,init \
  -pramtop=0600h -psmallconst=SMALLCONST -pmediumconst=MEDIUMCONST \
  -pconst=CONST -AFARRAM=00h-00h \
  -prdata=COMRAM,nvrram=COMRAM,nvbit=COMRAM,rbss=COMRAM,rbit=COMRAM \
  -pfarbss=FARRAM,fardata=FARRAM,nvFARRAM=FARRAM \
  -pintsave_regs=BIGRAM,bigbss=BIGRAM,bigdata=BIGRAM -pbss=RAM \
  -pidata=CODE,irdata=CODE,ibigdata=CODE,ifardata=CODE -prparam=COMRAM \
  C:\Users\user\AppData\Local\Temp\xcBsgog.1\driver_tmp_9.o \
  dist/default/debug\BT_Server.X.debug.o 

Object code version is 3.11

Machine type is 18F4520



                Name                               Link     Load   Length Selector   Space Scale
C:\Users\user\AppData\Local\Temp\xcBsgog.1\driver_tmp_9.o
                idloc                            200000   200000        8        0       5
                config                           300000   300000        E        0       4
                init                                  0        0        4        0       0
dist/default/debug\BT_Server.X.debug.o
                idloc                            200000   200000        8        0       5
                config                           300000   300000        E        0       4
                mediumconst                        7CEE     7CEE       42     3E77       0
                text27                             54B2     54B2       32     2A59       0
                text26                             564E     564E       96     2B27       0
                text25                             558A     558A       3E     2AC5       0
                text24                             5400     5400       12     2A00       0
                text23                             5412     5412       12     2A09       0
                text22                             548E     548E       24     2A47       0
                text21                             58AE     58AE      104     2C57       0
                text20                             5B48     5B48      1B4     2DA4       0
                text19                             5F7E     5F7E      390     2FBF       0
                text18                             66EC     66EC      426     3376       0
                text17                             5518     5518       38     2A8C       0
                text16                             6B12     6B12      4B6     3589       0
                text15                             5608     5608       46     2B04       0
                text14                             57B0     57B0       FE     2BD8       0
                text13                             54E4     54E4       34     2A72       0
                text12                             7584     7584      76A     3AC2       0
                text11                             6FC8     6FC8      5BC     37E4       0
                text10                             630E     630E      3DE     3187       0
                text9                              59B2     59B2      196     2CD9       0
                text8                              5CFC     5CFC      282     2E7E       0
                text7                              5436     5436       1A     2A1B       0
                text6                              56E4     56E4       CC     2B72       0
                text5                              53F2     53F2        E     29F9       0
                text4                              5550     5550       3A     2AA8       0
                text3                              5450     5450       1C     2A28       0
                text2                              53EA     53EA        8     29F5       0
                text1                              5424     5424       12     2A12       0
                text0                              55C8     55C8       40     2AE4       0
                cstackCOMRAM                          1        1       7F        1       1
                cstackBANK0                          80       80       73       80       1
                bssBANK1                            100      100       48      100       1
                bssBANK0                             F3       F3        C       80       1
                cinit                              546C     546C       22     2A36       0

TOTAL           Name                               Link     Load   Length     Space
        CLASS   CODE           
                init                                  0        0        4         0
                text27                             54B2     54B2       32         0
                text26                             564E     564E       96         0
                text25                             558A     558A       3E         0
                text24                             5400     5400       12         0
                text23                             5412     5412       12         0
                text22                             548E     548E       24         0
                text21                             58AE     58AE      104         0
                text20                             5B48     5B48      1B4         0
                text19                             5F7E     5F7E      390         0
                text18                             66EC     66EC      426         0
                text17                             5518     5518       38         0
                text16                             6B12     6B12      4B6         0
                text15                             5608     5608       46         0
                text14                             57B0     57B0       FE         0
                text13                             54E4     54E4       34         0
                text12                             7584     7584      76A         0
                text11                             6FC8     6FC8      5BC         0
                text10                             630E     630E      3DE         0
                text9                              59B2     59B2      196         0
                text8                              5CFC     5CFC      282         0
                text7                              5436     5436       1A         0
                text6                              56E4     56E4       CC         0
                text5                              53F2     53F2        E         0
                text4                              5550     5550       3A         0
                text3                              5450     5450       1C         0
                text2                              53EA     53EA        8         0
                text1                              5424     5424       12         0
                text0                              55C8     55C8       40         0
                cinit                              546C     546C       22         0

        CLASS   CONST          

        CLASS   SMALLCONST     

        CLASS   MEDIUMCONST    
                mediumconst                        7CEE     7CEE       42         0

        CLASS   COMRAM         
                cstackCOMRAM                          1        1       7F         1

        CLASS   ABS1           

        CLASS   BIGRAM         

        CLASS   RAM            

        CLASS   BANK0          
                cstackBANK0                          80       80       73         1
                bssBANK0                             F3       F3        C         1

        CLASS   BANK1          
                bssBANK1                            100      100       48         1

        CLASS   BANK2          

        CLASS   BANK3          

        CLASS   BANK4          

        CLASS   BANK5          

        CLASS   SFR            

        CLASS   BIGSFR         

        CLASS   CONFIG         
                config                           300000   300000        E         4

        CLASS   IDLOC          
                idloc                            200000   200000        8         5

        CLASS   EEDATA         

        CLASS   FARRAM         

        CLASS   HEAP           

        CLASS   STACK          



SEGMENTS        Name                           Load    Length   Top    Selector   Space  Class

                reset_vec                      000000  000004  000004         0       0  CODE    
                cstackCOMRAM                   000001  00007F  000080         1       1  COMRAM  
                cstackBANK0                    000080  00007F  0000FF        80       1  BANK0   
                bssBANK1                       000100  000048  000148       100       1  BANK1   
                text2                          0053EA  000008  0053F2      29F5       0  CODE    
                text5                          0053F2  00000E  005400      29F9       0  CODE    
                text24                         005400  000012  005412      2A00       0  CODE    
                text23                         005412  000012  005424      2A09       0  CODE    
                text1                          005424  000012  005436      2A12       0  CODE    
                text7                          005436  00001A  005450      2A1B       0  CODE    
                text3                          005450  00001C  00546C      2A28       0  CODE    
                cinit                          00546C  000022  00548E      2A36       0  CODE    
                text22                         00548E  000024  0054B2      2A47       0  CODE    
                text27                         0054B2  000032  0054E4      2A59       0  CODE    
                text13                         0054E4  000034  005518      2A72       0  CODE    
                text17                         005518  000038  005550      2A8C       0  CODE    
                text4                          005550  00003A  00558A      2AA8       0  CODE    
                text25                         00558A  00003E  0055C8      2AC5       0  CODE    
                text0                          0055C8  000040  005608      2AE4       0  CODE    
                text15                         005608  000046  00564E      2B04       0  CODE    
                text26                         00564E  000096  0056E4      2B27       0  CODE    
                text6                          0056E4  0000CC  0057B0      2B72       0  CODE    
                text14                         0057B0  0000FE  0058AE      2BD8       0  CODE    
                text21                         0058AE  000104  0059B2      2C57       0  CODE    
                text9                          0059B2  000196  005B48      2CD9       0  CODE    
                text20                         005B48  0001B4  005CFC      2DA4       0  CODE    
                text8                          005CFC  000282  005F7E      2E7E       0  CODE    
                text19                         005F7E  000390  00630E      2FBF       0  CODE    
                text10                         00630E  0003DE  0066EC      3187       0  CODE    
                text18                         0066EC  000426  006B12      3376       0  CODE    
                text16                         006B12  0004B6  006FC8      3589       0  CODE    
                text11                         006FC8  0005BC  007584      37E4       0  CODE    
                text12                         007584  00076A  007CEE      3AC2       0  CODE    
                mediumconst                    007CEE  000042  007D30      3E77       0  MEDIUMCO


UNUSED ADDRESS RANGES

        Name                Unused          Largest block    Delta
        BANK0            0000FF-0000FF                1
        BANK1            000148-0001FF               B8
        BANK2            000200-0002FF              100
        BANK3            000300-0003FF              100
        BANK4            000400-0004FF              100
        BANK5            000500-0005EE               EF
        BIGRAM           0000FF-0000FF                1
                         000148-0005EE              4A7
        BIGSFR           000F80-000F9B               1C
                         000F9D-000FD3               37
                         000FD5-000FDA                6
                         000FE0-000FE2                3
                         000FE8-000FEA                3
                         000FF0-000FFB                C
        CODE             000004-0053E9             53E6
        CONST            000004-0053E9             53E6
        EEDATA           F00000-F000FF              100
        MEDIUMCONST      000600-0053E9             4DEA
        RAM              0000FF-0000FF                1
                         000148-0005EE              100
        SFR              000F80-000F9B               1C
                         000F9D-000FD3               37
                         000FD5-000FDA                6
                         000FE0-000FE2                3
                         000FE8-000FEA                3
                         000FF0-000FFB                C
        SMALLCONST       000600-0053E9              100

                                  Symbol Table

?_ADC_Read                     cstackCOMRAM 000001
?___fladd                      cstackCOMRAM 000028
?___fldiv                      cstackCOMRAM 00005D
?___flmul                      cstackCOMRAM 00000F
?___flneg                      cstackCOMRAM 000001
?___flsub                      cstackCOMRAM 000038
?___fpclassifyf                cstackCOMRAM 000001
?___xxtofl                     cstackCOMRAM 000001
?_atan2f                       cstackBANK0  0000AE
?_atanf                        cstackBANK0  000080
?_calculate_angle              cstackBANK0  0000D7
?_fabsf                        cstackCOMRAM 000076
?_sqrtf                        cstackCOMRAM 000038
ADC_Read@channel               cstackCOMRAM 000001
ADC_Read@digital               cstackCOMRAM 000005
Calibration@accX               cstackBANK0  0000E5
Calibration@accX_high          cstackBANK0  0000E9
Calibration@accX_low           cstackBANK0  0000EA
Calibration@accZ               cstackBANK0  0000E7
Calibration@accZ_high          cstackBANK0  0000EB
Calibration@accZ_low           cstackBANK0  0000EC
Check_ADC@bend_sensor_val      cstackCOMRAM 00000C
Check_ADC@prev_sensor_val      cstackCOMRAM 000007
Check_Gyroscope@blinker_dir    cstackCOMRAM 00007E
I2C_Read@ack                   cstackCOMRAM 000001
I2C_Read@data                  cstackCOMRAM 000002
I2C_Write@data                 cstackCOMRAM 000001
_ACKDT                         (abs)        007E2D
_ACKEN                         (abs)        007E2C
_ADCON0bits                    (abs)        000FC2
_ADCON1                        (abs)        000FC1
_ADCON2bits                    (abs)        000FC0
_ADC_Initialize                text7        005436
_ADC_Read                      text27       0054B2
_ADFM                          (abs)        007E07
_ADRESH                        (abs)        000FC4
_ADRESL                        (abs)        000FC3
_BAUDCONbits                   (abs)        000FB8
_BF                            (abs)        007E38
_CCP1CON                       (abs)        000FBD
_Calibration                   text6        0056E4
_Check_ADC                     text26       00564E
_Check_Gyroscope               text8        005CFC
_Check_Gyroscope$1833          cstackBANK0  0000E7
_Gyroscope_Initialize          text4        005550
_I2C_Init                      text5        0053F2
_I2C_Read                      text25       00558A
_I2C_Start                     text24       005400
_I2C_Stop                      text23       005412
_I2C_Write                     text22       00548E
_INTCONbits                    (abs)        000FF2
_INTERRUPT_Initialize          text3        005450
_IPR1bits                      (abs)        000F9F
_IRCF0                         (abs)        007E9C
_IRCF1                         (abs)        007E9D
_IRCF2                         (abs)        007E9E
_LATA                          (abs)        000F89
_LATAbits                      (abs)        000F89
_LATBbits                      (abs)        000F8A
_OSCCON                        (abs)        000FD3
_OSCILLATOR_Initialize         text2        0053EA
_PEN                           (abs)        007E2A
_PIE1bits                      (abs)        000F9D
_PIR1bits                      (abs)        000F9E
_RCEN                          (abs)        007E2B
_RCONbits                      (abs)        000FD0
_RCREG                         (abs)        000FAE
_RCSTAbits                     (abs)        000FAB
_SEN                           (abs)        007E28
_SPBRG                         (abs)        000FAF
_SSPADD                        (abs)        000FC8
_SSPBUF                        (abs)        000FC9
_SSPCON1                       (abs)        000FC6
_SSPCON2                       (abs)        000FC5
_SSPCON2bits                   (abs)        000FC5
_SSPSTAT                       (abs)        000FC7
_SYSTEM_Initialize             text1        005424
_TRISA                         (abs)        000F92
_TRISAbits                     (abs)        000F92
_TRISB                         (abs)        000F93
_TRISCbits                     (abs)        000F94
_TXREG                         (abs)        000FAD
_TXSTAbits                     (abs)        000FAC
__HRAM                         (abs)        000000
__H__absolute__                __absolute__ 000000
__Habs1                        abs1         000000
__Hbank0                       bank0        000000
__Hbank1                       bank1        000000
__Hbank2                       bank2        000000
__Hbank3                       bank3        000000
__Hbank4                       bank4        000000
__Hbank5                       bank5        000000
__Hbigbss                      bigbss       000000
__Hbigdata                     bigdata      000000
__Hbigram                      bigram       000000
__Hbigsfr                      bigsfr       000000
__Hbss                         bss          000000
__HbssBANK0                    bssBANK0     000000
__HbssBANK1                    bssBANK1     000000
__Hcinit                       cinit        000000
__Hclrtext                     clrtext      000000
__Hcomram                      comram       000000
__Hconfig                      config       30000E
__Hconst                       const        000000
__HcstackBANK0                 cstackBANK0  000000
__HcstackCOMRAM                cstackCOMRAM 000000
__Hdata                        data         000000
__Heeprom_data                 eeprom_data  000000
__Hfarbss                      farbss       000000
__Hfardata                     fardata      000000
__Hheap                        heap         000000
__Hibigdata                    ibigdata     000000
__Hidata                       idata        000000
__Hidloc                       idloc        200008
__Hifardata                    ifardata     000000
__Hinit                        init         000004
__Hintcode                     intcode      000000
__Hintcode_body                intcode_body 000000
__Hintcodelo                   intcodelo    000000
__Hintentry                    intentry     000000
__Hintret                      intret       000000
__Hintsave_regs                intsave_regs 000000
__Hirdata                      irdata       000000
__Hmediumconst                 mediumconst  007D30
__HnvFARRAM                    nvFARRAM     000000
__Hnvbit                       nvbit        000000
__Hnvrram                      nvrram       000000
__Hparam                       rparam       000000
__Hpowerup                     powerup      000000
__Hram                         ram          000000
__Hramtop                      ramtop       000600
__Hrbit                        rbit         000000
__Hrbss                        rbss         000000
__Hrdata                       rdata        000000
__Hreset_vec                   reset_vec    000000
__Hrparam                      rparam       000000
__Hsfr                         sfr          000000
__Hsivt_hi                     sivt_hi      000000
__Hsivt_lo                     sivt_lo      000000
__Hsmallconst                  smallconst   000000
__Hspace_0                     (abs)        007D30
__Hspace_1                     (abs)        000148
__Hspace_2                     (abs)        000000
__Hspace_4                     (abs)        60000E
__Hstack                       stack        000000
__Hstruct                      struct       000000
__Htemp                        temp         000000
__Htext                        text         000000
__Htext0                       text0        000000
__Htext1                       text1        000000
__Htext10                      text10       000000
__Htext11                      text11       000000
__Htext12                      text12       000000
__Htext13                      text13       000000
__Htext14                      text14       000000
__Htext15                      text15       000000
__Htext16                      text16       000000
__Htext17                      text17       000000
__Htext18                      text18       000000
__Htext19                      text19       000000
__Htext2                       text2        000000
__Htext20                      text20       000000
__Htext21                      text21       000000
__Htext22                      text22       000000
__Htext23                      text23       000000
__Htext24                      text24       000000
__Htext25                      text25       000000
__Htext26                      text26       000000
__Htext27                      text27       000000
__Htext3                       text3        000000
__Htext4                       text4        000000
__Htext5                       text5        000000
__Htext6                       text6        000000
__Htext7                       text7        000000
__Htext8                       text8        000000
__Htext9                       text9        000000
__LRAM                         (abs)        000001
__L__absolute__                __absolute__ 000000
__Labs1                        abs1         000000
__Lbank0                       bank0        000000
__Lbank1                       bank1        000000
__Lbank2                       bank2        000000
__Lbank3                       bank3        000000
__Lbank4                       bank4        000000
__Lbank5                       bank5        000000
__Lbigbss                      bigbss       000000
__Lbigdata                     bigdata      000000
__Lbigram                      bigram       000000
__Lbigsfr                      bigsfr       000000
__Lbss                         bss          000000
__LbssBANK0                    bssBANK0     000000
__LbssBANK1                    bssBANK1     000000
__Lcinit                       cinit        000000
__Lclrtext                     clrtext      000000
__Lcomram                      comram       000000
__Lconfig                      config       000000
__Lconst                       const        000000
__LcstackBANK0                 cstackBANK0  000000
__LcstackCOMRAM                cstackCOMRAM 000000
__Ldata                        data         000000
__Leeprom_data                 eeprom_data  000000
__Lfarbss                      farbss       000000
__Lfardata                     fardata      000000
__Lheap                        heap         000000
__Libigdata                    ibigdata     000000
__Lidata                       idata        000000
__Lidloc                       idloc        000000
__Lifardata                    ifardata     000000
__Linit                        init         000000
__Lintcode                     intcode      000000
__Lintcode_body                intcode_body 000000
__Lintcodelo                   intcodelo    000000
__Lintentry                    intentry     000000
__Lintret                      intret       000000
__Lintsave_regs                intsave_regs 000000
__Lirdata                      irdata       000000
__Lmediumconst                 mediumconst  007CEE
__LnvFARRAM                    nvFARRAM     000000
__Lnvbit                       nvbit        000000
__Lnvrram                      nvrram       000000
__Lparam                       rparam       000000
__Lpowerup                     powerup      000000
__Lram                         ram          000000
__Lramtop                      ramtop       000600
__Lrbit                        rbit         000000
__Lrbss                        rbss         000000
__Lrdata                       rdata        000000
__Lreset_vec                   reset_vec    000000
__Lrparam                      rparam       000000
__Lsfr                         sfr          000000
__Lsivt_hi                     sivt_hi      000000
__Lsivt_lo                     sivt_lo      000000
__Lsmallconst                  smallconst   000000
__Lspace_0                     (abs)        000000
__Lspace_1                     (abs)        000000
__Lspace_2                     (abs)        000000
__Lspace_4                     (abs)        000000
__Lstack                       stack        000000
__Lstruct                      struct       000000
__Ltemp                        temp         000000
__Ltext                        text         000000
__Ltext0                       text0        000000
__Ltext1                       text1        000000
__Ltext10                      text10       000000
__Ltext11                      text11       000000
__Ltext12                      text12       000000
__Ltext13                      text13       000000
__Ltext14                      text14       000000
__Ltext15                      text15       000000
__Ltext16                      text16       000000
__Ltext17                      text17       000000
__Ltext18                      text18       000000
__Ltext19                      text19       000000
__Ltext2                       text2        000000
__Ltext20                      text20       000000
__Ltext21                      text21       000000
__Ltext22                      text22       000000
__Ltext23                      text23       000000
__Ltext24                      text24       000000
__Ltext25                      text25       000000
__Ltext26                      text26       000000
__Ltext27                      text27       000000
__Ltext3                       text3        000000
__Ltext4                       text4        000000
__Ltext5                       text5        000000
__Ltext6                       text6        000000
__Ltext7                       text7        000000
__Ltext8                       text8        000000
__Ltext9                       text9        000000
__S0                           (abs)        007D30
__S1                           (abs)        000148
__S4                           (abs)        000000
__S5                           (abs)        000000
___fladd                       text16       006B12
___fladd@a                     cstackCOMRAM 00002C
___fladd@aexp                  cstackCOMRAM 000035
___fladd@b                     cstackCOMRAM 000028
___fladd@bexp                  cstackCOMRAM 000036
___fladd@grs                   cstackCOMRAM 000037
___fladd@signs                 cstackCOMRAM 000034
___fldiv                       text19       005F7E
___fldiv@a                     cstackCOMRAM 000061
___fldiv@aexp                  cstackCOMRAM 000075
___fldiv@b                     cstackCOMRAM 00005D
___fldiv@bexp                  cstackCOMRAM 000074
___fldiv@grs                   cstackCOMRAM 000070
___fldiv@new_exp               cstackCOMRAM 00006E
___fldiv@rem                   cstackCOMRAM 000069
___fldiv@sign                  cstackCOMRAM 00006D
___flge                        text21       0058AE
___flge@ff1                    cstackCOMRAM 000001
___flge@ff2                    cstackCOMRAM 000005
___flmul                       text18       0066EC
___flmul@a                     cstackCOMRAM 000013
___flmul@aexp                  cstackCOMRAM 000020
___flmul@b                     cstackCOMRAM 00000F
___flmul@bexp                  cstackCOMRAM 000021
___flmul@grs                   cstackCOMRAM 00001C
___flmul@prod                  cstackCOMRAM 000022
___flmul@sign                  cstackCOMRAM 00001B
___flmul@temp                  cstackCOMRAM 000026
___flneg                       text17       005518
___flneg@f1                    cstackCOMRAM 000001
___flsub                       text15       005608
___flsub@a                     cstackCOMRAM 00003C
___flsub@b                     cstackCOMRAM 000038
___fpclassifyf                 text14       0057B0
___fpclassifyf@F465            bssBANK1     000118
___fpclassifyf@e               cstackCOMRAM 000009
___fpclassifyf@u               cstackCOMRAM 00000B
___fpclassifyf@x               cstackCOMRAM 000001
___heap_hi                     (abs)        000000
___heap_lo                     (abs)        000000
___inthi_sp                    stack        000000
___inthi_stack_hi              stack        000000
___inthi_stack_lo              stack        000000
___intlo_sp                    stack        000000
___intlo_stack_hi              stack        000000
___intlo_stack_lo              stack        000000
___param_bank                  (abs)        000000
___rparam_used                 (abs)        000001
___sp                          stack        000000
___stack_hi                    stack        000000
___stack_lo                    stack        000000
___xxtofl                      text20       005B48
___xxtofl@arg                  cstackCOMRAM 00000B
___xxtofl@exp                  cstackCOMRAM 00000A
___xxtofl@sign                 cstackCOMRAM 000009
___xxtofl@val                  cstackCOMRAM 000001
__accesstop                    (abs)        000080
__activetblptr                 (abs)        000002
__end_of_ADC_Initialize        text7        005450
__end_of_ADC_Read              text27       0054E4
__end_of_Calibration           text6        0057B0
__end_of_Check_ADC             text26       0056E4
__end_of_Check_Gyroscope       text8        005F7E
__end_of_Gyroscope_Initialize  text4        00558A
__end_of_I2C_Init              text5        005400
__end_of_I2C_Read              text25       0055C8
__end_of_I2C_Start             text24       005412
__end_of_I2C_Stop              text23       005424
__end_of_I2C_Write             text22       0054B2
__end_of_INTERRUPT_Initialize  text3        00546C
__end_of_OSCILLATOR_Initialize text2        0053F2
__end_of_SYSTEM_Initialize     text1        005436
__end_of___fladd               text16       006FC8
__end_of___fldiv               text19       00630E
__end_of___flge                text21       0059B2
__end_of___flmul               text18       006B12
__end_of___flneg               text17       005550
__end_of___flsub               text15       00564E
__end_of___fpclassifyf         text14       0058AE
__end_of___xxtofl              text20       005CFC
__end_of__initialization       cinit        005484
__end_of_aT0                   mediumconst  007D23
__end_of_aT1                   mediumconst  007D1F
__end_of_aT2                   mediumconst  007D1B
__end_of_aT3                   mediumconst  007D17
__end_of_aT4                   mediumconst  007D13
__end_of_atan2f                text11       007584
__end_of_atanf                 text12       007CEE
__end_of_atanhi                mediumconst  007D0F
__end_of_atanlo                mediumconst  007CFF
__end_of_calculate_angle       text9        005B48
__end_of_fabsf                 text13       005518
__end_of_main                  text0        005608
__end_of_pi                    mediumconst  007D2B
__end_of_pi_lo                 mediumconst  007D27
__end_of_sqrtf                 text10       0066EC
__initialization               cinit        00546C
__mediumconst                  mediumconst  007CEE
__pbssBANK0                    bssBANK0     0000F3
__pbssBANK1                    bssBANK1     000100
__pcinit                       cinit        00546C
__pcstackBANK0                 cstackBANK0  000080
__pcstackCOMRAM                cstackCOMRAM 000001
__pmediumconst                 mediumconst  007CEE
__ptext0                       text0        0055C8
__ptext1                       text1        005424
__ptext10                      text10       00630E
__ptext11                      text11       006FC8
__ptext12                      text12       007584
__ptext13                      text13       0054E4
__ptext14                      text14       0057B0
__ptext15                      text15       005608
__ptext16                      text16       006B12
__ptext17                      text17       005518
__ptext18                      text18       0066EC
__ptext19                      text19       005F7E
__ptext2                       text2        0053EA
__ptext20                      text20       005B48
__ptext21                      text21       0058AE
__ptext22                      text22       00548E
__ptext23                      text23       005412
__ptext24                      text24       005400
__ptext25                      text25       00558A
__ptext26                      text26       00564E
__ptext27                      text27       0054B2
__ptext3                       text3        005450
__ptext4                       text4        005550
__ptext5                       text5        0053F2
__ptext6                       text6        0056E4
__ptext7                       text7        005436
__ptext8                       text8        005CFC
__ptext9                       text9        0059B2
__ramtop                       ramtop       000600
__smallconst                   smallconst   000000
_accX                          bssBANK1     00012A
_accX_high                     bssBANK0     0000FE
_accX_low                      bssBANK0     0000FD
_accY                          bssBANK0     0000F7
_accY_high                     bssBANK0     0000FC
_accY_low                      bssBANK0     0000FB
_accZ                          bssBANK1     000128
_accZ_high                     bssBANK0     0000FA
_accZ_low                      bssBANK0     0000F9
_angle                         bssBANK1     00011C
_atan2f                        text11       006FC8
_atan2f$1836                   cstackBANK0  0000BE
_atan2f$1837                   cstackBANK0  0000C2
_atan2f$1838                   cstackBANK0  0000C6
_atanf                         text12       007584
_atanf$1839                    cstackBANK0  000098
_atanf$1840                    cstackBANK0  000084
_atanf$1841                    cstackBANK0  00009C
_atanf$1842                    cstackBANK0  000088
_atanf$1843                    cstackBANK0  00008C
_atanhi                        mediumconst  007CFF
_atanlo                        mediumconst  007CEF
_calculate_angle               text9        0059B2
_calculate_angle$1834          cstackBANK0  0000DD
_calculate_angle$1835          cstackBANK0  0000E1
_count                         bssBANK1     000130
_dir                           bssBANK0     0000F5
_errno                         bssBANK1     000124
_fabsf                         text13       0054E4
_from_mid                      bssBANK0     0000F3
_isConnected                   bssBANK1     00012E
_lenStr                        bssBANK1     000132
_main                          text0        0055C8
_mystring                      bssBANK1     000134
_needSendMsg                   bssBANK1     00012C
_pitch_offset                  bssBANK1     000120
_postpostscaler                bssBANK1     000126
_sqrtf                         text10       00630E
_str                           bssBANK1     000100
atan2f@ix                      cstackBANK0  0000CE
atan2f@iy                      cstackBANK0  0000D2
atan2f@m                       cstackBANK0  0000D6
atan2f@x                       cstackBANK0  0000B2
atan2f@y                       cstackBANK0  0000AE
atan2f@z                       cstackBANK0  0000CA
atanf@id                       cstackBANK0  0000A5
atanf@ix                       cstackBANK0  0000AA
atanf@s1                       cstackBANK0  000090
atanf@s2                       cstackBANK0  000094
atanf@sign                     cstackBANK0  0000A0
atanf@w                        cstackBANK0  0000A1
atanf@x                        cstackBANK0  000080
atanf@z                        cstackBANK0  0000A6
calculate_angle@accX           cstackBANK0  0000D7
calculate_angle@accY           cstackBANK0  0000D9
calculate_angle@accZ           cstackBANK0  0000DB
end_of_initialization          cinit        005484
fabsf@F465                     bssBANK1     000114
fabsf@u                        cstackCOMRAM 00007A
fabsf@x                        cstackCOMRAM 000076
intlevel0                      text         000000
intlevel1                      text         000000
intlevel2                      text         000000
intlevel3                      text         000000
isa$std                        (abs)        000001
isa$xinst                      (abs)        000000
main@blinker_dir               cstackBANK0  0000F1
main@prev_bend_sensor_val      cstackBANK0  0000EF
sqrtf@i                        cstackCOMRAM 000045
sqrtf@ix                       cstackCOMRAM 000059
sqrtf@m                        cstackCOMRAM 000051
sqrtf@q                        cstackCOMRAM 000049
sqrtf@r                        cstackCOMRAM 000055
sqrtf@s                        cstackCOMRAM 000041
sqrtf@t                        cstackCOMRAM 00004D
sqrtf@x                        cstackCOMRAM 000038
stackhi                        (abs)        000000
stacklo                        (abs)        000000
start                          init         000000
start_initialization           cinit        00546C


MODULE INFORMATION

Module		Function		Class		Link	Load	Size
C:\Program Files\Microchip\xc8\v2.50\pic\sources\c99\common\flneg.c
		___flneg       		CODE           	5518	0000	56

C:\Program Files\Microchip\xc8\v2.50\pic\sources\c99\common\flneg.c estimated size: 56

C:\Program Files\Microchip\xc8\v2.50\pic\sources\c99\common\fabsf.c
		_fabsf         		CODE           	54E4	0000	52

C:\Program Files\Microchip\xc8\v2.50\pic\sources\c99\common\fabsf.c estimated size: 52

C:\Program Files\Microchip\xc8\v2.50\pic\sources\c99\common\atanf.c
		_atanf         		CODE           	7584	0000	1898

C:\Program Files\Microchip\xc8\v2.50\pic\sources\c99\common\atanf.c estimated size: 1898

setting_hardaware/interrupt_manager.c
		_INTERRUPT_Initialize		CODE           	5450	0000	28

setting_hardaware/interrupt_manager.c estimated size: 28

setting_hardaware/gyroscope.c
		_Check_Gyroscope		CODE           	5CFC	0000	642
		_Calibration   		CODE           	56E4	0000	204
		_I2C_Write     		CODE           	548E	0000	36
		_Gyroscope_Initialize		CODE           	5550	0000	58
		_I2C_Stop      		CODE           	5412	0000	18
		_I2C_Read      		CODE           	558A	0000	62
		_I2C_Init      		CODE           	53F2	0000	14
		_I2C_Start     		CODE           	5400	0000	18
		_calculate_angle		CODE           	59B2	0000	406

setting_hardaware/gyroscope.c estimated size: 1458

C:\Program Files\Microchip\xc8\v2.50\pic\sources\c99\common\sprcmul.c
		___flmul       		CODE           	66EC	0000	1062

C:\Program Files\Microchip\xc8\v2.50\pic\sources\c99\common\sprcmul.c estimated size: 1062

C:\Program Files\Microchip\xc8\v2.50\pic\sources\c99\common\sprcdiv.c
		___fldiv       		CODE           	5F7E	0000	912

C:\Program Files\Microchip\xc8\v2.50\pic\sources\c99\common\sprcdiv.c estimated size: 912

setting_hardaware/adc.c
		_ADC_Initialize		CODE           	5436	0000	26
		_Check_ADC     		CODE           	564E	0000	150
		_ADC_Read      		CODE           	54B2	0000	50

setting_hardaware/adc.c estimated size: 226

C:\Program Files\Microchip\xc8\v2.50\pic\sources\c99\common\xxtofl.c
		___xxtofl      		CODE           	5B48	0000	436

C:\Program Files\Microchip\xc8\v2.50\pic\sources\c99\common\xxtofl.c estimated size: 436

C:\Program Files\Microchip\xc8\v2.50\pic\sources\c99\common\__fpclassifyf.c
		___fpclassifyf 		CODE           	57B0	0000	254

C:\Program Files\Microchip\xc8\v2.50\pic\sources\c99\common\__fpclassifyf.c estimated size: 254

C:\Program Files\Microchip\xc8\v2.50\pic\sources\c99\common\sprcadd.c
		___flsub       		CODE           	5608	0000	70
		___fladd       		CODE           	6B12	0000	1206

C:\Program Files\Microchip\xc8\v2.50\pic\sources\c99\common\sprcadd.c estimated size: 1276

shared
		_aT1           		MEDIUMCONST    	0000	0000	0
		_aT2           		MEDIUMCONST    	0000	0000	0
		_aT3           		MEDIUMCONST    	0000	0000	0
		_aT4           		MEDIUMCONST    	0000	0000	0
		_atanhi        		MEDIUMCONST    	7CFF	0000	16
		__initialization		CODE           	546C	0000	24
		_pi            		MEDIUMCONST    	0000	0000	0
		_aT0           		MEDIUMCONST    	0000	0000	0
		_pi_lo         		MEDIUMCONST    	0000	0000	0
		_atanlo        		MEDIUMCONST    	7CEF	0000	16

shared estimated size: 56

C:\Program Files\Microchip\xc8\v2.50\pic\sources\c99\common\sqrtf.c
		_sqrtf         		CODE           	630E	0000	990

C:\Program Files\Microchip\xc8\v2.50\pic\sources\c99\common\sqrtf.c estimated size: 990

setting_hardaware/setting.c
		_OSCILLATOR_Initialize		CODE           	53EA	0000	8
		_SYSTEM_Initialize		CODE           	5424	0000	18

setting_hardaware/setting.c estimated size: 26

C:\Program Files\Microchip\xc8\v2.50\pic\sources\c99\common\atan2f.c
		_atan2f        		CODE           	6FC8	0000	1468

C:\Program Files\Microchip\xc8\v2.50\pic\sources\c99\common\atan2f.c estimated size: 1468

main.c
		_main          		CODE           	55C8	0000	64

main.c estimated size: 64

C:\Program Files\Microchip\xc8\v2.50\pic\sources\c99\common\flge.c
		___flge        		CODE           	58AE	0000	260

C:\Program Files\Microchip\xc8\v2.50\pic\sources\c99\common\flge.c estimated size: 260

