Microchip MPLAB XC8 Compiler V2.50

Linker command line:

-W-3 \
  --edf=C:\Program Files\Microchip\xc8\v2.50\pic\dat\20240725155939_en.msgs \
  -cn -h+dist/default/debug\BT_Server.X.debug.sym \
  --cmf=dist/default/debug\BT_Server.X.debug.cmf -z -Q18F4520 \
  -oC:\Users\user\AppData\Local\Temp\xcBs1lo.1\driver_tmp_3.o \
  --defsym=__MPLAB_BUILD=1 --fixupoverflow=error \
  -Mdist/default/debug/BT_Server.X.debug.map \
  --md=C:\Users\user\AppData\Local\Temp\xcBs1lo.1\driver_tmp_0.dat -E1 \
  -ver=XC8 Compiler --acfsm=1493 -ACODE=00h-07D2Fh -ACONST=00h-07D2Fh \
  -ASMALLCONST=0600h-06FFhx119,07D00h-07D2Fh -AMEDIUMCONST=0600h-07D2Fh \
  -ACOMRAM=01h-07Fh -AABS1=00h-05EEh -ABIGRAM=01h-05EEh \
  -ARAM=080h-0FFh,0100h-01FFhx4,0500h-05EEh -ABANK0=080h-0FFh \
  -ABANK1=0100h-01FFh -ABANK2=0200h-02FFh -ABANK3=0300h-03FFh \
  -ABANK4=0400h-04FFh -ABANK5=0500h-05EEh \
  -ASFR=0F80h-0F9Bh,0F9Dh-0FD3h,0FD5h-0FDAh,0FE0h-0FE2h,0FE8h-0FEAh,0FF0h-0FFBh \
  -ABIGSFR=0F80h-0F9Bh,0F9Dh-0FD3h,0FD5h-0FDAh,0FE0h-0FE2h,0FE8h-0FEAh,0FF0h-0FFBh \
  -ACONFIG=0300000h-030000Dh -AIDLOC=0200000h-0200007h \
  -AEEDATA=0F00000h-0F000FFh -peeprom_data=EEDATA \
  -preset_vec=00h,intcode=8h,intcodelo=18h,powerup,init -pramtop=0600h \
  -psmallconst=SMALLCONST -pmediumconst=MEDIUMCONST -pconst=CONST \
  -AFARRAM=00h-00h \
  -prdata=COMRAM,nvrram=COMRAM,nvbit=COMRAM,rbss=COMRAM,rbit=COMRAM \
  -pfarbss=FARRAM,fardata=FARRAM,nvFARRAM=FARRAM \
  -pintsave_regs=BIGRAM,bigbss=BIGRAM,bigdata=BIGRAM -pbss=RAM \
  -pidata=CODE,irdata=CODE,ibigdata=CODE,ifardata=CODE -prparam=COMRAM \
  C:\Users\user\AppData\Local\Temp\xcBs1lo.1\driver_tmp_14.o \
  dist/default/debug\BT_Server.X.debug.o 

Object code version is 3.11

Machine type is 18F4520



                Name                               Link     Load   Length Selector   Space Scale
C:\Users\user\AppData\Local\Temp\xcBs1lo.1\driver_tmp_14.o
                idloc                            200000   200000        8        0       5
                config                           300000   300000        E        0       4
                init                                21C      21C        4        C       0
                reset_vec                             0        0        4        0       0
dist/default/debug\BT_Server.X.debug.o
                intcodelo                            18       18      204        C       0
                intcode                               8        8        6        4       0
                idloc                            200000   200000        8        0       5
                config                           300000   300000        E        0       4
                temp                                 67       67        1        1       1
                mediumconst                        7CBE     7CBE       72     3E5F       0
                text29                              CBE      CBE       16        C       0
                text28                              944      944       7E        C       0
                intcode_body                        594      594       C0        C       0
                text26                              B30      B30       3C        C       0
                text25                              CEE      CEE        4        C       0
                text24                              CA8      CA8       16        C       0
                text23                              8C6      8C6       7E        C       0
                text22                              AB6      AB6       3E        C       0
                text21                              A24      A24       4C        C       0
                text20                              BD6      BD6       2E        C       0
                text18                              BA2      BA2       34        C       0
                text17                              C90      C90       18        C       0
                text16                              842      842       84        C       0
                text15                              4D0      4D0       C4        C       0
                text14                              654      654       B0        C       0
                text13                              B6C      B6C       36        C       0
                text12                              CF2      CF2        2        C       0
                text11                              704      704       AC        C       0
                text10                              220      220      1DE        C       0
                text9                               A70      A70       46        C       0
                text8                               AF4      AF4       3C        C       0
                text7                               3FE      3FE       D2        C       0
                text6                               C76      C76       1A        C       0
                text5                               C04      C04       2A        C       0
                text4                               CE6      CE6        8        C       0
                text3                               C54      C54       22        C       0
                text2                               CD4      CD4       12        C       0
                text1                               7B0      7B0       92        C       0
                text0                               9C2      9C2       62        C       0
                cstackCOMRAM                          1        1       36        1       1
                cstackBANK0                          80       80       41       80       1
                bssBANK0                             C1       C1       3D       80       1
                bssCOMRAM                            37       37       30        1       1
                cinit                               C2E      C2E       26        C       0

TOTAL           Name                               Link     Load   Length     Space
        CLASS   CODE           
                intcodelo                            18       18      204         0
                intcode                               8        8        6         0
                init                                21C      21C        4         0
                reset_vec                             0        0        4         0
                text29                              CBE      CBE       16         0
                text28                              944      944       7E         0
                intcode_body                        594      594       C0         0
                text26                              B30      B30       3C         0
                text25                              CEE      CEE        4         0
                text24                              CA8      CA8       16         0
                text23                              8C6      8C6       7E         0
                text22                              AB6      AB6       3E         0
                text21                              A24      A24       4C         0
                text20                              BD6      BD6       2E         0
                text18                              BA2      BA2       34         0
                text17                              C90      C90       18         0
                text16                              842      842       84         0
                text15                              4D0      4D0       C4         0
                text14                              654      654       B0         0
                text13                              B6C      B6C       36         0
                text12                              CF2      CF2        2         0
                text11                              704      704       AC         0
                text10                              220      220      1DE         0
                text9                               A70      A70       46         0
                text8                               AF4      AF4       3C         0
                text7                               3FE      3FE       D2         0
                text6                               C76      C76       1A         0
                text5                               C04      C04       2A         0
                text4                               CE6      CE6        8         0
                text3                               C54      C54       22         0
                text2                               CD4      CD4       12         0
                text1                               7B0      7B0       92         0
                text0                               9C2      9C2       62         0
                cinit                               C2E      C2E       26         0

        CLASS   CONST          

        CLASS   SMALLCONST     

        CLASS   MEDIUMCONST    
                mediumconst                        7CBE     7CBE       72         0

        CLASS   COMRAM         
                temp                                 67       67        1         1
                cstackCOMRAM                          1        1       36         1
                bssCOMRAM                            37       37       30         1

        CLASS   ABS1           

        CLASS   BIGRAM         

        CLASS   RAM            

        CLASS   BANK0          
                cstackBANK0                          80       80       41         1
                bssBANK0                             C1       C1       3D         1

        CLASS   BANK1          

        CLASS   BANK2          

        CLASS   BANK3          

        CLASS   BANK4          

        CLASS   BANK5          

        CLASS   SFR            

        CLASS   BIGSFR         

        CLASS   CONFIG         
                config                           300000   300000        E         4

        CLASS   IDLOC          
                idloc                            200000   200000        8         5

        CLASS   EEDATA         

        CLASS   FARRAM         

        CLASS   HEAP           

        CLASS   STACK          



SEGMENTS        Name                           Load    Length   Top    Selector   Space  Class

                reset_vec                      000000  000004  000004         0       0  CODE    
                cstackCOMRAM                   000001  000067  000068         1       1  COMRAM  
                intcode                        000008  000006  00000E         4       0  CODE    
                intcodelo                      000018  000CDC  000CF4         C       0  CODE    
                cstackBANK0                    000080  00007E  0000FE        80       1  BANK0   
                mediumconst                    007CBE  000072  007D30      3E5F       0  MEDIUMCO


UNUSED ADDRESS RANGES

        Name                Unused          Largest block    Delta
        BANK0            0000FE-0000FF                2
        BANK1            000100-0001FF              100
        BANK2            000200-0002FF              100
        BANK3            000300-0003FF              100
        BANK4            000400-0004FF              100
        BANK5            000500-0005EE               EF
        BIGRAM           000068-00007F               18
                         0000FE-0005EE              4F1
        BIGSFR           000F80-000F9B               1C
                         000F9D-000FD3               37
                         000FD5-000FDA                6
                         000FE0-000FE2                3
                         000FE8-000FEA                3
                         000FF0-000FFB                C
        CODE             000004-000007                4
                         00000E-000017                A
                         000CF4-007CBD             6FCA
        COMRAM           000068-00007F               18
        CONST            000004-000007                4
                         00000E-000017                A
                         000CF4-007CBD             6FCA
        EEDATA           F00000-F000FF              100
        MEDIUMCONST      000CF4-007CBD             6FCA
        RAM              0000FE-0005EE              100
        SFR              000F80-000F9B               1C
                         000F9D-000FD3               37
                         000FD5-000FDA                6
                         000FE0-000FE2                3
                         000FE8-000FEA                3
                         000FF0-000FFB                C
        SMALLCONST       000CF4-007CBD              100

                                  Symbol Table

?_ADC_Read                     cstackBANK0  000080
?___awdiv                      cstackBANK0  000080
?___awmod                      cstackBANK0  000080
?_abs                          cstackBANK0  000086
?_sprintf                      cstackBANK0  00009D
?_strlen                       cstackCOMRAM 00000F
?_vfprintf                     cstackBANK0  000097
ADC_Read@channel               cstackBANK0  000080
ADC_Read@digital               cstackBANK0  000084
Check_ADC@bend_sensor_val      cstackBANK0  0000BD
Check_ADC@prev_sensor_val      cstackBANK0  0000AE
Check_ADC@tmp                  cstackBANK0  0000B3
ClearBuffer@i                  cstackCOMRAM 00000F
Lo_ISR@command                 cstackCOMRAM 000023
MyusartRead@receivedData       cstackCOMRAM 000016
UART_Write@data                cstackBANK0  000080
UART_Write_Text@i              cstackBANK0  000085
UART_Write_Text@text           cstackBANK0  000081
_ACKDT                         (abs)        007E2D
_ACKEN                         (abs)        007E2C
_ADCON0bits                    (abs)        000FC2
_ADCON1                        (abs)        000FC1
_ADCON2bits                    (abs)        000FC0
_ADC_Initialize                text6        000C76
_ADC_Read                      text18       000BA2
_ADFM                          (abs)        007E07
_ADRESH                        (abs)        000FC4
_ADRESL                        (abs)        000FC3
_BAUDCONbits                   (abs)        000FB8
_BF                            (abs)        007E38
_CCP1CON                       (abs)        000FBD
_CREN                          (abs)        007D5C
_Check_ADC                     text7        0003FE
_ClearBuffer                   text26       000B30
_GetString                     text25       000CEE
_Hi_ISR                        intcode      000008
_INTCONbits                    (abs)        000FF2
_INTERRUPT_Initialize          text5        000C04
_IPR1bits                      (abs)        000F9F
_IRCF0                         (abs)        007E9C
_IRCF1                         (abs)        007E9D
_IRCF2                         (abs)        007E9E
_LATA                          (abs)        000F89
_LATAbits                      (abs)        000F89
_LATBbits                      (abs)        000F8A
_Lo_ISR                        intcodelo    000018
_MyusartRead                   text22       000AB6
_OSCCON                        (abs)        000FD3
_OSCILLATOR_Initialize         text4        000CE6
_PEN                           (abs)        007E2A
_PIE1bits                      (abs)        000F9D
_PIR1bits                      (abs)        000F9E
_RCEN                          (abs)        007E2B
_RCIF                          (abs)        007CF5
_RCONbits                      (abs)        000FD0
_RCREG                         (abs)        000FAE
_RCSTAbits                     (abs)        000FAB
_SEN                           (abs)        007E28
_SPBRG                         (abs)        000FAF
_SSPADD                        (abs)        000FC8
_SSPBUF                        (abs)        000FC9
_SSPCON1                       (abs)        000FC6
_SSPCON2                       (abs)        000FC5
_SSPCON2bits                   (abs)        000FC5
_SSPSTAT                       (abs)        000FC7
_SYSTEM_Initialize             text2        000CD4
_TRISA                         (abs)        000F92
_TRISAbits                     (abs)        000F92
_TRISB                         (abs)        000F93
_TRISCbits                     (abs)        000F94
_TXREG                         (abs)        000FAD
_TXSTAbits                     (abs)        000FAC
_UART_Initialize               text3        000C54
_UART_Write                    text17       000C90
_UART_Write_Text               text16       000842
__HRAM                         (abs)        000000
__H__absolute__                __absolute__ 000000
__Habs1                        abs1         000000
__Hbank0                       bank0        000000
__Hbank1                       bank1        000000
__Hbank2                       bank2        000000
__Hbank3                       bank3        000000
__Hbank4                       bank4        000000
__Hbank5                       bank5        000000
__Hbigbss                      bigbss       000000
__Hbigdata                     bigdata      000000
__Hbigram                      bigram       000000
__Hbigsfr                      bigsfr       000000
__Hbss                         bss          000000
__HbssBANK0                    bssBANK0     000000
__HbssCOMRAM                   bssCOMRAM    000000
__Hcinit                       cinit        000000
__Hclrtext                     clrtext      000000
__Hcomram                      comram       000000
__Hconfig                      config       30000E
__Hconst                       const        000000
__HcstackBANK0                 cstackBANK0  000000
__HcstackCOMRAM                cstackCOMRAM 000000
__Hdata                        data         000000
__Heeprom_data                 eeprom_data  000000
__Hfarbss                      farbss       000000
__Hfardata                     fardata      000000
__Hheap                        heap         000000
__Hibigdata                    ibigdata     000000
__Hidata                       idata        000000
__Hidloc                       idloc        200008
__Hifardata                    ifardata     000000
__Hinit                        init         000220
__Hintcode                     intcode      00000E
__Hintcode_body                intcode_body 000000
__Hintcodelo                   intcodelo    00021C
__Hintentry                    intentry     000000
__Hintret                      intret       000000
__Hintsave_regs                intsave_regs 000000
__Hirdata                      irdata       000000
__Hmediumconst                 mediumconst  007D30
__HnvFARRAM                    nvFARRAM     000000
__Hnvbit                       nvbit        000000
__Hnvrram                      nvrram       000000
__Hparam                       rparam       000000
__Hpowerup                     powerup      00021C
__Hram                         ram          000000
__Hramtop                      ramtop       000600
__Hrbit                        rbit         000000
__Hrbss                        rbss         000000
__Hrdata                       rdata        000000
__Hreset_vec                   reset_vec    000004
__Hrparam                      rparam       000000
__Hsfr                         sfr          000000
__Hsivt_hi                     sivt_hi      000000
__Hsivt_lo                     sivt_lo      000000
__Hsmallconst                  smallconst   000000
__Hspace_0                     (abs)        007D30
__Hspace_1                     (abs)        0000FE
__Hspace_2                     (abs)        000000
__Hspace_4                     (abs)        60000E
__Hstack                       stack        000000
__Hstruct                      struct       000000
__Htemp                        temp         000068
__Htext                        text         000000
__Htext0                       text0        000000
__Htext1                       text1        000000
__Htext10                      text10       000000
__Htext11                      text11       000000
__Htext12                      text12       000000
__Htext13                      text13       000000
__Htext14                      text14       000000
__Htext15                      text15       000000
__Htext16                      text16       000000
__Htext17                      text17       000000
__Htext18                      text18       000000
__Htext2                       text2        000000
__Htext20                      text20       000000
__Htext21                      text21       000000
__Htext22                      text22       000000
__Htext23                      text23       000000
__Htext24                      text24       000000
__Htext25                      text25       000000
__Htext26                      text26       000000
__Htext28                      text28       000000
__Htext29                      text29       000000
__Htext3                       text3        000000
__Htext4                       text4        000000
__Htext5                       text5        000000
__Htext6                       text6        000000
__Htext7                       text7        000000
__Htext8                       text8        000000
__Htext9                       text9        000000
__LRAM                         (abs)        000001
__L__absolute__                __absolute__ 000000
__Labs1                        abs1         000000
__Lbank0                       bank0        000000
__Lbank1                       bank1        000000
__Lbank2                       bank2        000000
__Lbank3                       bank3        000000
__Lbank4                       bank4        000000
__Lbank5                       bank5        000000
__Lbigbss                      bigbss       000000
__Lbigdata                     bigdata      000000
__Lbigram                      bigram       000000
__Lbigsfr                      bigsfr       000000
__Lbss                         bss          000000
__LbssBANK0                    bssBANK0     000000
__LbssCOMRAM                   bssCOMRAM    000000
__Lcinit                       cinit        000000
__Lclrtext                     clrtext      000000
__Lcomram                      comram       000000
__Lconfig                      config       000000
__Lconst                       const        000000
__LcstackBANK0                 cstackBANK0  000000
__LcstackCOMRAM                cstackCOMRAM 000000
__Ldata                        data         000000
__Leeprom_data                 eeprom_data  000000
__Lfarbss                      farbss       000000
__Lfardata                     fardata      000000
__Lheap                        heap         000000
__Libigdata                    ibigdata     000000
__Lidata                       idata        000000
__Lidloc                       idloc        000000
__Lifardata                    ifardata     000000
__Linit                        init         00021C
__Lintcode                     intcode      000008
__Lintcode_body                intcode_body 000000
__Lintcodelo                   intcodelo    000018
__Lintentry                    intentry     000000
__Lintret                      intret       000000
__Lintsave_regs                intsave_regs 000000
__Lirdata                      irdata       000000
__Lmediumconst                 mediumconst  007CBE
__LnvFARRAM                    nvFARRAM     000000
__Lnvbit                       nvbit        000000
__Lnvrram                      nvrram       000000
__Lparam                       rparam       000000
__Lpowerup                     powerup      00021C
__Lram                         ram          000000
__Lramtop                      ramtop       000600
__Lrbit                        rbit         000000
__Lrbss                        rbss         000000
__Lrdata                       rdata        000000
__Lreset_vec                   reset_vec    000000
__Lrparam                      rparam       000000
__Lsfr                         sfr          000000
__Lsivt_hi                     sivt_hi      000000
__Lsivt_lo                     sivt_lo      000000
__Lsmallconst                  smallconst   000000
__Lspace_0                     (abs)        000000
__Lspace_1                     (abs)        000000
__Lspace_2                     (abs)        000000
__Lspace_4                     (abs)        000000
__Lstack                       stack        000000
__Lstruct                      struct       000000
__Ltemp                        temp         000067
__Ltext                        text         000000
__Ltext0                       text0        000000
__Ltext1                       text1        000000
__Ltext10                      text10       000000
__Ltext11                      text11       000000
__Ltext12                      text12       000000
__Ltext13                      text13       000000
__Ltext14                      text14       000000
__Ltext15                      text15       000000
__Ltext16                      text16       000000
__Ltext17                      text17       000000
__Ltext18                      text18       000000
__Ltext2                       text2        000000
__Ltext20                      text20       000000
__Ltext21                      text21       000000
__Ltext22                      text22       000000
__Ltext23                      text23       000000
__Ltext24                      text24       000000
__Ltext25                      text25       000000
__Ltext26                      text26       000000
__Ltext28                      text28       000000
__Ltext29                      text29       000000
__Ltext3                       text3        000000
__Ltext4                       text4        000000
__Ltext5                       text5        000000
__Ltext6                       text6        000000
__Ltext7                       text7        000000
__Ltext8                       text8        000000
__Ltext9                       text9        000000
__S0                           (abs)        007D30
__S1                           (abs)        0000FE
__S4                           (abs)        000000
__S5                           (abs)        000000
___awdiv                       text15       0004D0
___awdiv@counter               cstackBANK0  000084
___awdiv@dividend              cstackBANK0  000080
___awdiv@divisor               cstackBANK0  000082
___awdiv@quotient              cstackBANK0  000086
___awdiv@sign                  cstackBANK0  000085
___awmod                       text14       000654
___awmod@counter               cstackBANK0  000084
___awmod@dividend              cstackBANK0  000080
___awmod@divisor               cstackBANK0  000082
___awmod@sign                  cstackBANK0  000085
___heap_hi                     (abs)        000000
___heap_lo                     (abs)        000000
___inthi_sp                    stack        000000
___inthi_stack_hi              stack        000000
___inthi_stack_lo              stack        000000
___intlo_sp                    stack        000000
___intlo_stack_hi              stack        000000
___intlo_stack_lo              stack        000000
___param_bank                  (abs)        000000
___rparam_used                 (abs)        000001
___sp                          stack        000000
___stack_hi                    stack        000000
___stack_lo                    stack        000000
__accesstop                    (abs)        000080
__activetblptr                 (abs)        000002
__end_of_ADC_Initialize        text6        000C90
__end_of_ADC_Read              text18       000BD6
__end_of_Check_ADC             text7        0004D0
__end_of_ClearBuffer           text26       000B6C
__end_of_GetString             text25       000CF2
__end_of_Hi_ISR                intcode_body 000654
__end_of_INTERRUPT_Initialize  text5        000C2E
__end_of_Lo_ISR                intcodelo    00021C
__end_of_MyusartRead           text22       000AF4
__end_of_OSCILLATOR_Initialize text4        000CEE
__end_of_SYSTEM_Initialize     text2        000CE6
__end_of_UART_Initialize       text3        000C76
__end_of_UART_Write            text17       000CA8
__end_of_UART_Write_Text       text16       0008C6
__end_of___awdiv               text15       000594
__end_of___awmod               text14       000704
__end_of__initialization       cinit        000C46
__end_of_aT0                   mediumconst  007CF3
__end_of_aT1                   mediumconst  007CEF
__end_of_aT2                   mediumconst  007CEB
__end_of_aT3                   mediumconst  007CE7
__end_of_aT4                   mediumconst  007CE3
__end_of_abs                   text13       000BA2
__end_of_atanhi                mediumconst  007CDF
__end_of_atanlo                mediumconst  007CCF
__end_of_displayBinary         text1        000842
__end_of_fputc                 text11       0007B0
__end_of_main                  text0        000A24
__end_of_pi                    mediumconst  007CFB
__end_of_pi_lo                 mediumconst  007CF7
__end_of_putch                 text12       000CF4
__end_of_sprintf               text8        000B30
__end_of_strcpy                text21       000A70
__end_of_strlen                text20       000C04
__end_of_vfpfcnvrt             text10       0003FE
__end_of_vfprintf              text9        000AB6
__end_ofi1_UART_Write          text24       000CBE
__end_ofi1_UART_Write_Text     text23       000944
__end_ofi2_UART_Write          text29       000CD4
__end_ofi2_UART_Write_Text     text28       0009C2
__initialization               cinit        000C2E
__mediumconst                  mediumconst  007CBE
__pbssBANK0                    bssBANK0     0000C1
__pbssCOMRAM                   bssCOMRAM    000037
__pcinit                       cinit        000C2E
__pcstackBANK0                 cstackBANK0  000080
__pcstackCOMRAM                cstackCOMRAM 000001
__pintcode                     intcode      000008
__pintcode_body                intcode_body 000594
__pintcodelo                   intcodelo    000018
__pmediumconst                 mediumconst  007CBE
__ptext0                       text0        0009C2
__ptext1                       text1        0007B0
__ptext10                      text10       000220
__ptext11                      text11       000704
__ptext12                      text12       000CF2
__ptext13                      text13       000B6C
__ptext14                      text14       000654
__ptext15                      text15       0004D0
__ptext16                      text16       000842
__ptext17                      text17       000C90
__ptext18                      text18       000BA2
__ptext2                       text2        000CD4
__ptext20                      text20       000BD6
__ptext21                      text21       000A24
__ptext22                      text22       000AB6
__ptext23                      text23       0008C6
__ptext24                      text24       000CA8
__ptext25                      text25       000CEE
__ptext26                      text26       000B30
__ptext28                      text28       000944
__ptext29                      text29       000CBE
__ptext3                       text3        000C54
__ptext4                       text4        000CE6
__ptext5                       text5        000C04
__ptext6                       text6        000C76
__ptext7                       text7        0003FE
__ptext8                       text8        000AF4
__ptext9                       text9        000A70
__ramtop                       ramtop       000600
__smallconst                   smallconst   000000
_abs                           text13       000B6C
_accX                          bssCOMRAM    000049
_accX_high                     bssCOMRAM    000052
_accX_low                      bssCOMRAM    000051
_accZ                          bssCOMRAM    000047
_accZ_high                     bssCOMRAM    000050
_accZ_low                      bssCOMRAM    00004F
_angle                         bssCOMRAM    00003F
_count                         bssCOMRAM    00004B
_dbuf                          bssBANK0     0000C1
_displayBinary                 text1        0007B0
_flags                         bssBANK0     0000FD
_fputc                         text11       000704
_isConnected                   bssBANK0     0000FB
_lenStr                        bssCOMRAM    00004D
_main                          text0        0009C2
_mystring                      bssCOMRAM    000053
_needSendMsg                   bssBANK0     0000F9
_pitch_offset                  bssCOMRAM    000043
_prec                          bssBANK0     0000F7
_putch                         text12       000CF2
_sprintf                       text8        000AF4
_str                           bssBANK0     0000E1
_strcpy                        text21       000A24
_strlen                        text20       000BD6
_vfpfcnvrt                     text10       000220
_vfprintf                      text9        000A70
_width                         bssBANK0     0000F5
abs@a                          cstackBANK0  000086
btemp                          temp         000067
displayBinary@num              cstackBANK0  000080
end_of_initialization          cinit        000C46
fputc@c                        cstackBANK0  000080
fputc@fp                       cstackBANK0  000082
i1UART_Write@data              cstackCOMRAM 00000F
i1UART_Write_Text@i            cstackCOMRAM 000014
i1UART_Write_Text@text         cstackCOMRAM 000010
i1_UART_Write                  text24       000CA8
i1_UART_Write_Text             text23       0008C6
i2UART_Write@data              cstackCOMRAM 000001
i2UART_Write_Text@i            cstackCOMRAM 000006
i2UART_Write_Text@text         cstackCOMRAM 000002
i2_UART_Write                  text29       000CBE
i2_UART_Write_Text             text28       000944
int$flags                      temp         000067
int_func                       intcode_body 000594
intlevel0                      text         000000
intlevel1                      text         000000
intlevel2                      text         000000
intlevel3                      text         000000
isa$std                        (abs)        000001
isa$xinst                      (abs)        000000
main@prev_bend_sensor_val      cstackBANK0  0000BF
sprintf@ap                     cstackBANK0  0000A2
sprintf@f                      cstackBANK0  0000A3
sprintf@fmt                    cstackBANK0  00009E
sprintf@s                      cstackBANK0  00009D
stackhi                        (abs)        000000
stacklo                        (abs)        000000
start                          init         00021C
start_initialization           cinit        000C2E
strcpy@d                       cstackCOMRAM 000016
strcpy@dest                    cstackCOMRAM 000011
strcpy@src                     cstackCOMRAM 000012
strlen@a                       cstackCOMRAM 000011
strlen@s                       cstackCOMRAM 00000F
ttemp5                         temp         000068
ttemp6                         temp         00006B
ttemp7                         temp         00006F
vfpfcnvrt@ap                   cstackBANK0  00008C
vfpfcnvrt@c                    cstackBANK0  000096
vfpfcnvrt@convarg              cstackBANK0  000092
vfpfcnvrt@cp                   cstackBANK0  000090
vfpfcnvrt@done                 cstackBANK0  00008F
vfpfcnvrt@fmt                  cstackBANK0  00008B
vfpfcnvrt@fp                   cstackBANK0  00008A
vfprintf@ap                    cstackBANK0  00009A
vfprintf@cfmt                  cstackBANK0  00009B
vfprintf@fmt                   cstackBANK0  000098
vfprintf@fp                    cstackBANK0  000097
wtemp8                         temp         000068


MODULE INFORMATION

Module		Function		Class		Link	Load	Size
setting_hardaware/interrupt_manager.c
		_INTERRUPT_Initialize		CODE           	0C04	0000	42

setting_hardaware/interrupt_manager.c estimated size: 42

setting_hardaware/uart.c
		_MyusartRead   		CODE           	0AB6	0000	62
		_UART_Write_Text		CODE           	0842	0000	132
		_GetString     		CODE           	0CEE	0000	4
		_ClearBuffer   		CODE           	0B30	0000	60
		_UART_Initialize		CODE           	0C54	0000	34
		_UART_Write    		CODE           	0C90	0000	24

setting_hardaware/uart.c estimated size: 316

C:\Program Files\Microchip\xc8\v2.50\pic\sources\c99\common\awmod.c
		___awmod       		CODE           	0654	0000	176

C:\Program Files\Microchip\xc8\v2.50\pic\sources\c99\common\awmod.c estimated size: 176

C:\Program Files\Microchip\xc8\v2.50\pic\sources\c99\common\putch.c
		_putch         		CODE           	0CF2	0000	2

C:\Program Files\Microchip\xc8\v2.50\pic\sources\c99\common\putch.c estimated size: 2

C:\Program Files\Microchip\xc8\v2.50\pic\sources\c99\common\abs.c
		_abs           		CODE           	0B6C	0000	54

C:\Program Files\Microchip\xc8\v2.50\pic\sources\c99\common\abs.c estimated size: 54

setting_hardaware/adc.c
		_ADC_Initialize		CODE           	0C76	0000	26
		_Check_ADC     		CODE           	03FE	0000	210
		_ADC_Read      		CODE           	0BA2	0000	52

setting_hardaware/adc.c estimated size: 288

C:\Program Files\Microchip\xc8\v2.50\pic\sources\c99\common\strlen.c
		_strlen        		CODE           	0BD6	0000	46

C:\Program Files\Microchip\xc8\v2.50\pic\sources\c99\common\strlen.c estimated size: 46

C:\Program Files\Microchip\xc8\v2.50\pic\sources\c99\common\strcpy.c
		_strcpy        		CODE           	0A24	0000	76

C:\Program Files\Microchip\xc8\v2.50\pic\sources\c99\common\strcpy.c estimated size: 76

C:\Program Files\Microchip\xc8\v2.50\pic\sources\c99\common\nf_sprintf.c
		_sprintf       		CODE           	0AF4	0000	60

C:\Program Files\Microchip\xc8\v2.50\pic\sources\c99\common\nf_sprintf.c estimated size: 60

C:\Program Files\Microchip\xc8\v2.50\pic\sources\c99\common\nf_fputc.c
		_fputc         		CODE           	0704	0000	172

C:\Program Files\Microchip\xc8\v2.50\pic\sources\c99\common\nf_fputc.c estimated size: 172

shared
		_aT1           		MEDIUMCONST    	0000	0000	0
		_aT2           		MEDIUMCONST    	0000	0000	0
		_aT3           		MEDIUMCONST    	0000	0000	0
		_aT4           		MEDIUMCONST    	0000	0000	0
		_atanhi        		MEDIUMCONST    	0000	0000	0
		i1_UART_Write  		CODE           	0CA8	0000	22
		i2_UART_Write  		CODE           	0CBE	0000	22
		__initialization		CODE           	0C2E	0000	24
		_pi            		MEDIUMCONST    	0000	0000	0
		i1_UART_Write_Text		CODE           	08C6	0000	126
		i2_UART_Write_Text		CODE           	0944	0000	126
		_aT0           		MEDIUMCONST    	0000	0000	0
		_pi_lo         		MEDIUMCONST    	0000	0000	0
		_atanlo        		MEDIUMCONST    	0000	0000	0

shared estimated size: 320

C:\Program Files\Microchip\xc8\v2.50\pic\sources\c99\common\awdiv.c
		___awdiv       		CODE           	04D0	0000	196

C:\Program Files\Microchip\xc8\v2.50\pic\sources\c99\common\awdiv.c estimated size: 196

setting_hardaware/setting.c
		_OSCILLATOR_Initialize		CODE           	0CE6	0000	8
		_SYSTEM_Initialize		CODE           	0CD4	0000	18

setting_hardaware/setting.c estimated size: 26

C:\Program Files\Microchip\xc8\v2.50\pic\sources\c99\common\doprnt.c
		_vfpfcnvrt     		CODE           	0220	0000	478
		_vfprintf      		CODE           	0A70	0000	70

C:\Program Files\Microchip\xc8\v2.50\pic\sources\c99\common\doprnt.c estimated size: 548

main.c
		_Lo_ISR        		CODE           	0018	0000	516
		_main          		CODE           	09C2	0000	98
		_displayBinary 		CODE           	07B0	0000	146
		_Hi_ISR        		CODE           	0008	0000	198

main.c estimated size: 958

