Microchip MPLAB XC8 Compiler V2.50

Linker command line:

-W-3 \
  --edf=C:\Program Files\Microchip\xc8\v2.50\pic\dat\20240725155939_en.msgs \
  -cn -h+dist/default/debug\BT_Server.X.debug.sym \
  --cmf=dist/default/debug\BT_Server.X.debug.cmf -z -Q18F4520 \
  -oC:\Users\user\AppData\Local\Temp\xcAs8hs.\driver_tmp_3.o \
  --defsym=__MPLAB_BUILD=1 --fixupoverflow=error \
  -Mdist/default/debug/BT_Server.X.debug.map \
  --md=C:\Users\user\AppData\Local\Temp\xcAs8hs.\driver_tmp_0.dat -E1 \
  -ver=XC8 Compiler --acfsm=1493 -ACODE=00h-07D2Fh -ACONST=00h-07D2Fh \
  -ASMALLCONST=0600h-06FFhx119,07D00h-07D2Fh -AMEDIUMCONST=0600h-07D2Fh \
  -ACOMRAM=01h-07Fh -AABS1=00h-05EEh -ABIGRAM=01h-05EEh \
  -ARAM=080h-0FFh,0100h-01FFhx4,0500h-05EEh -ABANK0=080h-0FFh \
  -ABANK1=0100h-01FFh -ABANK2=0200h-02FFh -ABANK3=0300h-03FFh \
  -ABANK4=0400h-04FFh -ABANK5=0500h-05EEh \
  -ASFR=0F80h-0F9Bh,0F9Dh-0FD3h,0FD5h-0FDAh,0FE0h-0FE2h,0FE8h-0FEAh,0FF0h-0FFBh \
  -ABIGSFR=0F80h-0F9Bh,0F9Dh-0FD3h,0FD5h-0FDAh,0FE0h-0FE2h,0FE8h-0FEAh,0FF0h-0FFBh \
  -ACONFIG=0300000h-030000Dh -AIDLOC=0200000h-0200007h \
  -AEEDATA=0F00000h-0F000FFh -peeprom_data=EEDATA \
  -preset_vec=00h,intcode=8h,intcodelo=18h,powerup,init -pramtop=0600h \
  -psmallconst=SMALLCONST -pmediumconst=MEDIUMCONST -pconst=CONST \
  -AFARRAM=00h-00h \
  -prdata=COMRAM,nvrram=COMRAM,nvbit=COMRAM,rbss=COMRAM,rbit=COMRAM \
  -pfarbss=FARRAM,fardata=FARRAM,nvFARRAM=FARRAM \
  -pintsave_regs=BIGRAM,bigbss=BIGRAM,bigdata=BIGRAM -pbss=RAM \
  -pidata=CODE,irdata=CODE,ibigdata=CODE,ifardata=CODE -prparam=COMRAM \
  C:\Users\user\AppData\Local\Temp\xcAs8hs.\driver_tmp_9.o \
  dist/default/debug\BT_Server.X.debug.o 

Object code version is 3.11

Machine type is 18F4520



                Name                               Link     Load   Length Selector   Space Scale
C:\Users\user\AppData\Local\Temp\xcAs8hs.\driver_tmp_9.o
                idloc                            200000   200000        8        0       5
                config                           300000   300000        E        0       4
                init                                21C      21C        4        C       0
                reset_vec                             0        0        4        0       0
dist/default/debug\BT_Server.X.debug.o
                intcodelo                            18       18      204        C       0
                intcode                               8        8        6        4       0
                idloc                            200000   200000        8        0       5
                config                           300000   300000        E        0       4
                temp                                 69       69        1        1       1
                mediumconst                        7CC2     7CC2       6E     3E61       0
                text41                             2A42     2A42       16        C       0
                text40                             2698     2698       56        C       0
                intcode_body                       236E     236E       B0        C       0
                text38                             2804     2804       3C        C       0
                text37                             2A92     2A92        4        C       0
                text36                             2A2C     2A2C       16        C       0
                text35                             2642     2642       56        C       0
                text34                             27C6     27C6       3E        C       0
                text33                             26EE     26EE       4C        C       0
                text32                             291E     291E       2E        C       0
                text30                             28EA     28EA       34        C       0
                text29                             29FE     29FE       18        C       0
                text28                             25E8     25E8       5A        C       0
                text27                             241E     241E       AC        C       0
                text26                             2782     2782       44        C       0
                text25                             2A6A     2A6A       12        C       0
                text24                             2A58     2A58       12        C       0
                text23                             299C     299C       26        C       0
                text22                             20A2     20A2      106        C       0
                text21                             1C3C     1C3C      1B8        C       0
                text20                             18AA     18AA      392        C       0
                text19                             1482     1482      428        C       0
                text18                             287A     287A       3A        C       0
                text17                              FCA      FCA      4B8        C       0
                text16                             273A     273A       48        C       0
                text15                             21A8     21A8      100        C       0
                text14                             28B4     28B4       36        C       0
                text13                              220      220      780        C       0
                text12                              9A0      9A0      62A        C       0
                text11                             22A8     22A8       C6        C       0
                text10                             1DF4     1DF4      176        C       0
                text9                              29E4     29E4       1A        C       0
                text8                              1F6A     1F6A      138        C       0
                text7                              2A7C     2A7C        E        C       0
                text6                              2840     2840       3A        C       0
                text5                              294C     294C       2A        C       0
                text4                              2A8A     2A8A        8        C       0
                text3                              29C2     29C2       22        C       0
                text2                              2A16     2A16       16        C       0
                text1                              24CA     24CA       92        C       0
                text0                              255C     255C       8C        C       0
                cstackCOMRAM                         35       35       34        1       1
                cstackBANK0                          80       80       80       80       1
                cstackBANK1                         100      100       49      100       1
                bssBANK1                            149      149       14      100       1
                bssCOMRAM                             1        1       34        1       1
                cinit                              2976     2976       26        C       0

TOTAL           Name                               Link     Load   Length     Space
        CLASS   CODE           
                intcodelo                            18       18      204         0
                intcode                               8        8        6         0
                init                                21C      21C        4         0
                reset_vec                             0        0        4         0
                text41                             2A42     2A42       16         0
                text40                             2698     2698       56         0
                intcode_body                       236E     236E       B0         0
                text38                             2804     2804       3C         0
                text37                             2A92     2A92        4         0
                text36                             2A2C     2A2C       16         0
                text35                             2642     2642       56         0
                text34                             27C6     27C6       3E         0
                text33                             26EE     26EE       4C         0
                text32                             291E     291E       2E         0
                text30                             28EA     28EA       34         0
                text29                             29FE     29FE       18         0
                text28                             25E8     25E8       5A         0
                text27                             241E     241E       AC         0
                text26                             2782     2782       44         0
                text25                             2A6A     2A6A       12         0
                text24                             2A58     2A58       12         0
                text23                             299C     299C       26         0
                text22                             20A2     20A2      106         0
                text21                             1C3C     1C3C      1B8         0
                text20                             18AA     18AA      392         0
                text19                             1482     1482      428         0
                text18                             287A     287A       3A         0
                text17                              FCA      FCA      4B8         0
                text16                             273A     273A       48         0
                text15                             21A8     21A8      100         0
                text14                             28B4     28B4       36         0
                text13                              220      220      780         0
                text12                              9A0      9A0      62A         0
                text11                             22A8     22A8       C6         0
                text10                             1DF4     1DF4      176         0
                text9                              29E4     29E4       1A         0
                text8                              1F6A     1F6A      138         0
                text7                              2A7C     2A7C        E         0
                text6                              2840     2840       3A         0
                text5                              294C     294C       2A         0
                text4                              2A8A     2A8A        8         0
                text3                              29C2     29C2       22         0
                text2                              2A16     2A16       16         0
                text1                              24CA     24CA       92         0
                text0                              255C     255C       8C         0
                cinit                              2976     2976       26         0

        CLASS   CONST          

        CLASS   SMALLCONST     

        CLASS   MEDIUMCONST    
                mediumconst                        7CC2     7CC2       6E         0

        CLASS   COMRAM         
                temp                                 69       69        1         1
                cstackCOMRAM                         35       35       34         1
                bssCOMRAM                             1        1       34         1

        CLASS   ABS1           

        CLASS   BIGRAM         

        CLASS   RAM            

        CLASS   BANK0          
                cstackBANK0                          80       80       80         1

        CLASS   BANK1          
                cstackBANK1                         100      100       49         1
                bssBANK1                            149      149       14         1

        CLASS   BANK2          

        CLASS   BANK3          

        CLASS   BANK4          

        CLASS   BANK5          

        CLASS   SFR            

        CLASS   BIGSFR         

        CLASS   CONFIG         
                config                           300000   300000        E         4

        CLASS   IDLOC          
                idloc                            200000   200000        8         5

        CLASS   EEDATA         

        CLASS   FARRAM         

        CLASS   HEAP           

        CLASS   STACK          



SEGMENTS        Name                           Load    Length   Top    Selector   Space  Class

                reset_vec                      000000  000004  000004         0       0  CODE    
                bssCOMRAM                      000001  000069  00006A         1       1  COMRAM  
                intcode                        000008  000006  00000E         4       0  CODE    
                intcodelo                      000018  002A7E  002A96         C       0  CODE    
                cstackBANK0                    000080  000080  000100        80       1  BANK0   
                cstackBANK1                    000100  00005D  00015D       100       1  BANK1   
                mediumconst                    007CC2  00006E  007D30      3E61       0  MEDIUMCO


UNUSED ADDRESS RANGES

        Name                Unused          Largest block    Delta
        BANK1            00015D-0001FF               A3
        BANK2            000200-0002FF              100
        BANK3            000300-0003FF              100
        BANK4            000400-0004FF              100
        BANK5            000500-0005EE               EF
        BIGRAM           00006A-00007F               16
                         00015D-0005EE              492
        BIGSFR           000F80-000F9B               1C
                         000F9D-000FD3               37
                         000FD5-000FDA                6
                         000FE0-000FE2                3
                         000FE8-000FEA                3
                         000FF0-000FFB                C
        CODE             000004-000007                4
                         00000E-000017                A
                         002A96-007CC1             522C
        COMRAM           00006A-00007F               16
        CONST            000004-000007                4
                         00000E-000017                A
                         002A96-007CC1             522C
        EEDATA           F00000-F000FF              100
        MEDIUMCONST      002A96-007CC1             522C
        RAM              00015D-0005EE              100
        SFR              000F80-000F9B               1C
                         000F9D-000FD3               37
                         000FD5-000FDA                6
                         000FE0-000FE2                3
                         000FE8-000FEA                3
                         000FF0-000FFB                C
        SMALLCONST       002A96-007CC1              100

                                  Symbol Table

?_ADC_Read                     cstackBANK0  000080
?___fladd                      cstackBANK0  0000A7
?___fldiv                      cstackBANK0  0000B7
?___flmul                      cstackBANK0  00008E
?___flneg                      cstackBANK0  000080
?___flsub                      cstackBANK0  0000B7
?___fpclassifyf                cstackBANK0  000080
?___xxtofl                     cstackBANK0  000080
?_atan2f                       cstackBANK0  0000DC
?_atanf                        cstackBANK0  0000D8
?_calculate_angle              cstackBANK1  000143
?_fabsf                        cstackBANK0  0000D0
?_strlen                       cstackCOMRAM 000041
ADC_Read@channel               cstackBANK0  000080
ADC_Read@digital               cstackBANK0  000084
Calibration@accX               cstackBANK0  0000F2
Calibration@accX_high          cstackBANK0  0000F6
Calibration@accX_low           cstackBANK0  0000F7
Calibration@accZ               cstackBANK0  0000F4
Calibration@accZ_high          cstackBANK0  0000F8
Calibration@accZ_low           cstackBANK0  0000F9
Check_ADC@bend_sensor_val      cstackBANK0  00008C
Check_ADC@prev_sensor_val      cstackBANK0  000087
Check_Gyroscope@blinker_dir    cstackBANK1  000147
ClearBuffer@i                  cstackCOMRAM 000041
I2C_Read@ack                   cstackBANK0  000080
I2C_Read@data                  cstackBANK0  000081
I2C_Write@data                 cstackBANK0  000080
Lo_ISR@command                 cstackCOMRAM 000055
MyusartRead@receivedData       cstackCOMRAM 000048
UART_Write@data                cstackBANK0  000080
UART_Write_Text@i              cstackBANK0  000085
UART_Write_Text@text           cstackBANK0  000081
_ACKDT                         (abs)        007E2D
_ACKEN                         (abs)        007E2C
_ADCON0bits                    (abs)        000FC2
_ADCON1                        (abs)        000FC1
_ADCON2bits                    (abs)        000FC0
_ADC_Initialize                text9        0029E4
_ADC_Read                      text30       0028EA
_ADFM                          (abs)        007E07
_ADRESH                        (abs)        000FC4
_ADRESL                        (abs)        000FC3
_BAUDCONbits                   (abs)        000FB8
_BF                            (abs)        007E38
_CCP1CON                       (abs)        000FBD
_CREN                          (abs)        007D5C
_Calibration                   text8        001F6A
_Calibration$1920              cstackBANK0  0000EE
_Check_ADC                     text27       00241E
_Check_Gyroscope               text10       001DF4
_Check_Gyroscope$1918          cstackBANK0  0000F2
_ClearBuffer                   text38       002804
_GetString                     text37       002A92
_Gyroscope_Initialize          text6        002840
_Hi_ISR                        intcode      000008
_I2C_Init                      text7        002A7C
_I2C_Read                      text26       002782
_I2C_Start                     text25       002A6A
_I2C_Stop                      text24       002A58
_I2C_Write                     text23       00299C
_INTCONbits                    (abs)        000FF2
_INTERRUPT_Initialize          text5        00294C
_IPR1bits                      (abs)        000F9F
_IRCF0                         (abs)        007E9C
_IRCF1                         (abs)        007E9D
_IRCF2                         (abs)        007E9E
_LATA                          (abs)        000F89
_LATAbits                      (abs)        000F89
_LATBbits                      (abs)        000F8A
_Lo_ISR                        intcodelo    000018
_MyusartRead                   text34       0027C6
_OSCCON                        (abs)        000FD3
_OSCILLATOR_Initialize         text4        002A8A
_PEN                           (abs)        007E2A
_PIE1bits                      (abs)        000F9D
_PIR1bits                      (abs)        000F9E
_RCEN                          (abs)        007E2B
_RCIF                          (abs)        007CF5
_RCONbits                      (abs)        000FD0
_RCREG                         (abs)        000FAE
_RCSTAbits                     (abs)        000FAB
_SEN                           (abs)        007E28
_SPBRG                         (abs)        000FAF
_SSPADD                        (abs)        000FC8
_SSPBUF                        (abs)        000FC9
_SSPCON1                       (abs)        000FC6
_SSPCON2                       (abs)        000FC5
_SSPCON2bits                   (abs)        000FC5
_SSPSTAT                       (abs)        000FC7
_SYSTEM_Initialize             text2        002A16
_TRISAbits                     (abs)        000F92
_TRISB                         (abs)        000F93
_TRISCbits                     (abs)        000F94
_TXREG                         (abs)        000FAD
_TXSTAbits                     (abs)        000FAC
_UART_Initialize               text3        0029C2
_UART_Write                    text29       0029FE
_UART_Write_Text               text28       0025E8
__HRAM                         (abs)        000000
__H__absolute__                __absolute__ 000000
__Habs1                        abs1         000000
__Hbank0                       bank0        000000
__Hbank1                       bank1        000000
__Hbank2                       bank2        000000
__Hbank3                       bank3        000000
__Hbank4                       bank4        000000
__Hbank5                       bank5        000000
__Hbigbss                      bigbss       000000
__Hbigdata                     bigdata      000000
__Hbigram                      bigram       000000
__Hbigsfr                      bigsfr       000000
__Hbss                         bss          000000
__HbssBANK1                    bssBANK1     000000
__HbssCOMRAM                   bssCOMRAM    000000
__Hcinit                       cinit        000000
__Hclrtext                     clrtext      000000
__Hcomram                      comram       000000
__Hconfig                      config       30000E
__Hconst                       const        000000
__HcstackBANK0                 cstackBANK0  000000
__HcstackBANK1                 cstackBANK1  000000
__HcstackCOMRAM                cstackCOMRAM 000000
__Hdata                        data         000000
__Heeprom_data                 eeprom_data  000000
__Hfarbss                      farbss       000000
__Hfardata                     fardata      000000
__Hheap                        heap         000000
__Hibigdata                    ibigdata     000000
__Hidata                       idata        000000
__Hidloc                       idloc        200008
__Hifardata                    ifardata     000000
__Hinit                        init         000220
__Hintcode                     intcode      00000E
__Hintcode_body                intcode_body 000000
__Hintcodelo                   intcodelo    00021C
__Hintentry                    intentry     000000
__Hintret                      intret       000000
__Hintsave_regs                intsave_regs 000000
__Hirdata                      irdata       000000
__Hmediumconst                 mediumconst  007D30
__HnvFARRAM                    nvFARRAM     000000
__Hnvbit                       nvbit        000000
__Hnvrram                      nvrram       000000
__Hparam                       rparam       000000
__Hpowerup                     powerup      00021C
__Hram                         ram          000000
__Hramtop                      ramtop       000600
__Hrbit                        rbit         000000
__Hrbss                        rbss         000000
__Hrdata                       rdata        000000
__Hreset_vec                   reset_vec    000004
__Hrparam                      rparam       000000
__Hsfr                         sfr          000000
__Hsivt_hi                     sivt_hi      000000
__Hsivt_lo                     sivt_lo      000000
__Hsmallconst                  smallconst   000000
__Hspace_0                     (abs)        007D30
__Hspace_1                     (abs)        00015D
__Hspace_2                     (abs)        000000
__Hspace_4                     (abs)        60000E
__Hstack                       stack        000000
__Hstruct                      struct       000000
__Htemp                        temp         00006A
__Htext                        text         000000
__Htext0                       text0        000000
__Htext1                       text1        000000
__Htext10                      text10       000000
__Htext11                      text11       000000
__Htext12                      text12       000000
__Htext13                      text13       000000
__Htext14                      text14       000000
__Htext15                      text15       000000
__Htext16                      text16       000000
__Htext17                      text17       000000
__Htext18                      text18       000000
__Htext19                      text19       000000
__Htext2                       text2        000000
__Htext20                      text20       000000
__Htext21                      text21       000000
__Htext22                      text22       000000
__Htext23                      text23       000000
__Htext24                      text24       000000
__Htext25                      text25       000000
__Htext26                      text26       000000
__Htext27                      text27       000000
__Htext28                      text28       000000
__Htext29                      text29       000000
__Htext3                       text3        000000
__Htext30                      text30       000000
__Htext32                      text32       000000
__Htext33                      text33       000000
__Htext34                      text34       000000
__Htext35                      text35       000000
__Htext36                      text36       000000
__Htext37                      text37       000000
__Htext38                      text38       000000
__Htext4                       text4        000000
__Htext40                      text40       000000
__Htext41                      text41       000000
__Htext5                       text5        000000
__Htext6                       text6        000000
__Htext7                       text7        000000
__Htext8                       text8        000000
__Htext9                       text9        000000
__LRAM                         (abs)        000001
__L__absolute__                __absolute__ 000000
__Labs1                        abs1         000000
__Lbank0                       bank0        000000
__Lbank1                       bank1        000000
__Lbank2                       bank2        000000
__Lbank3                       bank3        000000
__Lbank4                       bank4        000000
__Lbank5                       bank5        000000
__Lbigbss                      bigbss       000000
__Lbigdata                     bigdata      000000
__Lbigram                      bigram       000000
__Lbigsfr                      bigsfr       000000
__Lbss                         bss          000000
__LbssBANK1                    bssBANK1     000000
__LbssCOMRAM                   bssCOMRAM    000000
__Lcinit                       cinit        000000
__Lclrtext                     clrtext      000000
__Lcomram                      comram       000000
__Lconfig                      config       000000
__Lconst                       const        000000
__LcstackBANK0                 cstackBANK0  000000
__LcstackBANK1                 cstackBANK1  000000
__LcstackCOMRAM                cstackCOMRAM 000000
__Ldata                        data         000000
__Leeprom_data                 eeprom_data  000000
__Lfarbss                      farbss       000000
__Lfardata                     fardata      000000
__Lheap                        heap         000000
__Libigdata                    ibigdata     000000
__Lidata                       idata        000000
__Lidloc                       idloc        000000
__Lifardata                    ifardata     000000
__Linit                        init         00021C
__Lintcode                     intcode      000008
__Lintcode_body                intcode_body 000000
__Lintcodelo                   intcodelo    000018
__Lintentry                    intentry     000000
__Lintret                      intret       000000
__Lintsave_regs                intsave_regs 000000
__Lirdata                      irdata       000000
__Lmediumconst                 mediumconst  007CC2
__LnvFARRAM                    nvFARRAM     000000
__Lnvbit                       nvbit        000000
__Lnvrram                      nvrram       000000
__Lparam                       rparam       000000
__Lpowerup                     powerup      00021C
__Lram                         ram          000000
__Lramtop                      ramtop       000600
__Lrbit                        rbit         000000
__Lrbss                        rbss         000000
__Lrdata                       rdata        000000
__Lreset_vec                   reset_vec    000000
__Lrparam                      rparam       000000
__Lsfr                         sfr          000000
__Lsivt_hi                     sivt_hi      000000
__Lsivt_lo                     sivt_lo      000000
__Lsmallconst                  smallconst   000000
__Lspace_0                     (abs)        000000
__Lspace_1                     (abs)        000000
__Lspace_2                     (abs)        000000
__Lspace_4                     (abs)        000000
__Lstack                       stack        000000
__Lstruct                      struct       000000
__Ltemp                        temp         000069
__Ltext                        text         000000
__Ltext0                       text0        000000
__Ltext1                       text1        000000
__Ltext10                      text10       000000
__Ltext11                      text11       000000
__Ltext12                      text12       000000
__Ltext13                      text13       000000
__Ltext14                      text14       000000
__Ltext15                      text15       000000
__Ltext16                      text16       000000
__Ltext17                      text17       000000
__Ltext18                      text18       000000
__Ltext19                      text19       000000
__Ltext2                       text2        000000
__Ltext20                      text20       000000
__Ltext21                      text21       000000
__Ltext22                      text22       000000
__Ltext23                      text23       000000
__Ltext24                      text24       000000
__Ltext25                      text25       000000
__Ltext26                      text26       000000
__Ltext27                      text27       000000
__Ltext28                      text28       000000
__Ltext29                      text29       000000
__Ltext3                       text3        000000
__Ltext30                      text30       000000
__Ltext32                      text32       000000
__Ltext33                      text33       000000
__Ltext34                      text34       000000
__Ltext35                      text35       000000
__Ltext36                      text36       000000
__Ltext37                      text37       000000
__Ltext38                      text38       000000
__Ltext4                       text4        000000
__Ltext40                      text40       000000
__Ltext41                      text41       000000
__Ltext5                       text5        000000
__Ltext6                       text6        000000
__Ltext7                       text7        000000
__Ltext8                       text8        000000
__Ltext9                       text9        000000
__S0                           (abs)        007D30
__S1                           (abs)        00015D
__S4                           (abs)        000000
__S5                           (abs)        000000
___fladd                       text17       000FCA
___fladd@a                     cstackBANK0  0000AB
___fladd@aexp                  cstackBANK0  0000B4
___fladd@b                     cstackBANK0  0000A7
___fladd@bexp                  cstackBANK0  0000B5
___fladd@grs                   cstackBANK0  0000B6
___fladd@signs                 cstackBANK0  0000B3
___fldiv                       text20       0018AA
___fldiv@a                     cstackBANK0  0000BB
___fldiv@aexp                  cstackBANK0  0000CF
___fldiv@b                     cstackBANK0  0000B7
___fldiv@bexp                  cstackBANK0  0000CE
___fldiv@grs                   cstackBANK0  0000CA
___fldiv@new_exp               cstackBANK0  0000C8
___fldiv@rem                   cstackBANK0  0000C3
___fldiv@sign                  cstackBANK0  0000C7
___flge                        text22       0020A2
___flge@ff1                    cstackBANK0  000080
___flge@ff2                    cstackBANK0  000084
___flmul                       text19       001482
___flmul@a                     cstackBANK0  000092
___flmul@aexp                  cstackBANK0  00009B
___flmul@b                     cstackBANK0  00008E
___flmul@bexp                  cstackBANK0  0000A0
___flmul@grs                   cstackBANK0  00009C
___flmul@prod                  cstackBANK0  0000A1
___flmul@sign                  cstackBANK0  00009A
___flmul@temp                  cstackBANK0  0000A5
___flneg                       text18       00287A
___flneg@f1                    cstackBANK0  000080
___flsub                       text16       00273A
___flsub@a                     cstackBANK0  0000BB
___flsub@b                     cstackBANK0  0000B7
___fpclassifyf                 text15       0021A8
___fpclassifyf@F465            bssCOMRAM    000019
___fpclassifyf@e               cstackBANK0  000088
___fpclassifyf@u               cstackBANK0  00008A
___fpclassifyf@x               cstackBANK0  000080
___heap_hi                     (abs)        000000
___heap_lo                     (abs)        000000
___inthi_sp                    stack        000000
___inthi_stack_hi              stack        000000
___inthi_stack_lo              stack        000000
___intlo_sp                    stack        000000
___intlo_stack_hi              stack        000000
___intlo_stack_lo              stack        000000
___param_bank                  (abs)        000000
___rparam_used                 (abs)        000001
___sp                          stack        000000
___stack_hi                    stack        000000
___stack_lo                    stack        000000
___xxtofl                      text21       001C3C
___xxtofl@arg                  cstackBANK0  00008A
___xxtofl@exp                  cstackBANK0  000089
___xxtofl@sign                 cstackBANK0  000088
___xxtofl@val                  cstackBANK0  000080
__accesstop                    (abs)        000080
__activetblptr                 (abs)        000002
__end_of_ADC_Initialize        text9        0029FE
__end_of_ADC_Read              text30       00291E
__end_of_Calibration           text8        0020A2
__end_of_Check_ADC             text27       0024CA
__end_of_Check_Gyroscope       text10       001F6A
__end_of_ClearBuffer           text38       002840
__end_of_GetString             text37       002A96
__end_of_Gyroscope_Initialize  text6        00287A
__end_of_Hi_ISR                intcode_body 00241E
__end_of_I2C_Init              text7        002A8A
__end_of_I2C_Read              text26       0027C6
__end_of_I2C_Start             text25       002A7C
__end_of_I2C_Stop              text24       002A6A
__end_of_I2C_Write             text23       0029C2
__end_of_INTERRUPT_Initialize  text5        002976
__end_of_Lo_ISR                intcodelo    00021C
__end_of_MyusartRead           text34       002804
__end_of_OSCILLATOR_Initialize text4        002A92
__end_of_SYSTEM_Initialize     text2        002A2C
__end_of_UART_Initialize       text3        0029E4
__end_of_UART_Write            text29       002A16
__end_of_UART_Write_Text       text28       002642
__end_of___fladd               text17       001482
__end_of___fldiv               text20       001C3C
__end_of___flge                text22       0021A8
__end_of___flmul               text19       0018AA
__end_of___flneg               text18       0028B4
__end_of___flsub               text16       002782
__end_of___fpclassifyf         text15       0022A8
__end_of___xxtofl              text21       001DF4
__end_of__initialization       cinit        00298E
__end_of_aT0                   mediumconst  007CF7
__end_of_aT1                   mediumconst  007CF3
__end_of_aT2                   mediumconst  007CEF
__end_of_aT3                   mediumconst  007CEB
__end_of_aT4                   mediumconst  007CE7
__end_of_atan2f                text12       000FCA
__end_of_atanf                 text13       0009A0
__end_of_atanhi                mediumconst  007CE3
__end_of_atanlo                mediumconst  007CD3
__end_of_calculate_angle       text11       00236E
__end_of_displayBinary         text1        00255C
__end_of_fabsf                 text14       0028EA
__end_of_main                  text0        0025E8
__end_of_pi                    mediumconst  007CFF
__end_of_pi_lo                 mediumconst  007CFB
__end_of_strcpy                text33       00273A
__end_of_strlen                text32       00294C
__end_ofi1_UART_Write          text36       002A42
__end_ofi1_UART_Write_Text     text35       002698
__end_ofi2_UART_Write          text41       002A58
__end_ofi2_UART_Write_Text     text40       0026EE
__initialization               cinit        002976
__mediumconst                  mediumconst  007CC2
__pbssBANK1                    bssBANK1     000149
__pbssCOMRAM                   bssCOMRAM    000001
__pcinit                       cinit        002976
__pcstackBANK0                 cstackBANK0  000080
__pcstackBANK1                 cstackBANK1  000100
__pcstackCOMRAM                cstackCOMRAM 000035
__pintcode                     intcode      000008
__pintcode_body                intcode_body 00236E
__pintcodelo                   intcodelo    000018
__pmediumconst                 mediumconst  007CC2
__ptext0                       text0        00255C
__ptext1                       text1        0024CA
__ptext10                      text10       001DF4
__ptext11                      text11       0022A8
__ptext12                      text12       0009A0
__ptext13                      text13       000220
__ptext14                      text14       0028B4
__ptext15                      text15       0021A8
__ptext16                      text16       00273A
__ptext17                      text17       000FCA
__ptext18                      text18       00287A
__ptext19                      text19       001482
__ptext2                       text2        002A16
__ptext20                      text20       0018AA
__ptext21                      text21       001C3C
__ptext22                      text22       0020A2
__ptext23                      text23       00299C
__ptext24                      text24       002A58
__ptext25                      text25       002A6A
__ptext26                      text26       002782
__ptext27                      text27       00241E
__ptext28                      text28       0025E8
__ptext29                      text29       0029FE
__ptext3                       text3        0029C2
__ptext30                      text30       0028EA
__ptext32                      text32       00291E
__ptext33                      text33       0026EE
__ptext34                      text34       0027C6
__ptext35                      text35       002642
__ptext36                      text36       002A2C
__ptext37                      text37       002A92
__ptext38                      text38       002804
__ptext4                       text4        002A8A
__ptext40                      text40       002698
__ptext41                      text41       002A42
__ptext5                       text5        00294C
__ptext6                       text6        002840
__ptext7                       text7        002A7C
__ptext8                       text8        001F6A
__ptext9                       text9        0029E4
__ramtop                       ramtop       000600
__smallconst                   smallconst   000000
_accX                          bssBANK1     000153
_accX_high                     bssBANK1     00015C
_accX_low                      bssBANK1     00015B
_accZ                          bssBANK1     000151
_accZ_high                     bssBANK1     00015A
_accZ_low                      bssBANK1     000159
_angle                         bssBANK1     000149
_atan2f                        text12       0009A0
_atan2f$1921                   cstackBANK1  00012A
_atan2f$1922                   cstackBANK1  00012E
_atan2f$1923                   cstackBANK1  000132
_atanf                         text13       000220
_atanf$1924                    cstackBANK1  000114
_atanf$1925                    cstackBANK1  000100
_atanf$1926                    cstackBANK1  000118
_atanf$1927                    cstackBANK1  000104
_atanf$1928                    cstackBANK1  000108
_atanhi                        mediumconst  007CD3
_atanlo                        mediumconst  007CC3
_calculate_angle               text11       0022A8
_calculate_angle$1919          cstackBANK0  0000EC
_count                         bssCOMRAM    00001D
_displayBinary                 text1        0024CA
_fabsf                         text14       0028B4
_isConnected                   bssBANK1     000157
_lenStr                        bssCOMRAM    00001F
_main                          text0        00255C
_mystring                      bssCOMRAM    000021
_needSendMsg                   bssBANK1     000155
_pitch_offset                  bssBANK1     00014D
_str                           bssCOMRAM    000001
_strcpy                        text33       0026EE
_strlen                        text32       00291E
atan2f@ix                      cstackBANK1  00013A
atan2f@iy                      cstackBANK1  00013E
atan2f@m                       cstackBANK1  000142
atan2f@x                       cstackBANK0  0000E0
atan2f@y                       cstackBANK0  0000DC
atan2f@z                       cstackBANK1  000136
atanf@id                       cstackBANK1  000121
atanf@ix                       cstackBANK1  000126
atanf@s1                       cstackBANK1  00010C
atanf@s2                       cstackBANK1  000110
atanf@sign                     cstackBANK1  00011C
atanf@w                        cstackBANK1  00011D
atanf@x                        cstackBANK0  0000D8
atanf@z                        cstackBANK1  000122
btemp                          temp         000069
calculate_angle@accX           cstackBANK1  000143
calculate_angle@accZ           cstackBANK1  000145
displayBinary@num              cstackBANK0  000080
end_of_initialization          cinit        00298E
fabsf@F465                     bssCOMRAM    000015
fabsf@u                        cstackBANK0  0000D4
fabsf@x                        cstackBANK0  0000D0
i1UART_Write@data              cstackCOMRAM 000041
i1UART_Write_Text@i            cstackCOMRAM 000046
i1UART_Write_Text@text         cstackCOMRAM 000042
i1_UART_Write                  text36       002A2C
i1_UART_Write_Text             text35       002642
i2UART_Write@data              cstackCOMRAM 000035
i2UART_Write_Text@i            cstackCOMRAM 00003A
i2UART_Write_Text@text         cstackCOMRAM 000036
i2_UART_Write                  text41       002A42
i2_UART_Write_Text             text40       002698
int$flags                      temp         000069
int_func                       intcode_body 00236E
intlevel0                      text         000000
intlevel1                      text         000000
intlevel2                      text         000000
intlevel3                      text         000000
isa$std                        (abs)        000001
isa$xinst                      (abs)        000000
main@blinker_dir               cstackBANK0  0000FE
main@prev_bend_sensor_val      cstackBANK0  0000FC
stackhi                        (abs)        000000
stacklo                        (abs)        000000
start                          init         00021C
start_initialization           cinit        002976
strcpy@d                       cstackCOMRAM 000048
strcpy@dest                    cstackCOMRAM 000043
strcpy@src                     cstackCOMRAM 000044
strlen@a                       cstackCOMRAM 000043
strlen@s                       cstackCOMRAM 000041
ttemp5                         temp         00006A
ttemp6                         temp         00006D
ttemp7                         temp         000071
wtemp8                         temp         00006A


MODULE INFORMATION

Module		Function		Class		Link	Load	Size
C:\Program Files\Microchip\xc8\v2.50\pic\sources\c99\common\flneg.c
		___flneg       		CODE           	287A	0000	58

C:\Program Files\Microchip\xc8\v2.50\pic\sources\c99\common\flneg.c estimated size: 58

C:\Program Files\Microchip\xc8\v2.50\pic\sources\c99\common\fabsf.c
		_fabsf         		CODE           	28B4	0000	54

C:\Program Files\Microchip\xc8\v2.50\pic\sources\c99\common\fabsf.c estimated size: 54

C:\Program Files\Microchip\xc8\v2.50\pic\sources\c99\common\atanf.c
		_atanf         		CODE           	0220	0000	1920

C:\Program Files\Microchip\xc8\v2.50\pic\sources\c99\common\atanf.c estimated size: 1920

setting_hardaware/interrupt_manager.c
		_INTERRUPT_Initialize		CODE           	294C	0000	42

setting_hardaware/interrupt_manager.c estimated size: 42

setting_hardaware/gyroscope.c
		_Check_Gyroscope		CODE           	1DF4	0000	374
		_Calibration   		CODE           	1F6A	0000	312
		_I2C_Write     		CODE           	299C	0000	38
		_Gyroscope_Initialize		CODE           	2840	0000	58
		_I2C_Stop      		CODE           	2A58	0000	18
		_I2C_Read      		CODE           	2782	0000	68
		_I2C_Init      		CODE           	2A7C	0000	14
		_I2C_Start     		CODE           	2A6A	0000	18
		_calculate_angle		CODE           	22A8	0000	198

setting_hardaware/gyroscope.c estimated size: 1098

C:\Program Files\Microchip\xc8\v2.50\pic\sources\c99\common\sprcmul.c
		___flmul       		CODE           	1482	0000	1064

C:\Program Files\Microchip\xc8\v2.50\pic\sources\c99\common\sprcmul.c estimated size: 1064

setting_hardaware/uart.c
		_MyusartRead   		CODE           	27C6	0000	62
		_UART_Write_Text		CODE           	25E8	0000	90
		_GetString     		CODE           	2A92	0000	4
		_ClearBuffer   		CODE           	2804	0000	60
		_UART_Initialize		CODE           	29C2	0000	34
		_UART_Write    		CODE           	29FE	0000	24

setting_hardaware/uart.c estimated size: 274

C:\Program Files\Microchip\xc8\v2.50\pic\sources\c99\common\sprcdiv.c
		___fldiv       		CODE           	18AA	0000	914

C:\Program Files\Microchip\xc8\v2.50\pic\sources\c99\common\sprcdiv.c estimated size: 914

setting_hardaware/adc.c
		_ADC_Initialize		CODE           	29E4	0000	26
		_Check_ADC     		CODE           	241E	0000	172
		_ADC_Read      		CODE           	28EA	0000	52

setting_hardaware/adc.c estimated size: 250

C:\Program Files\Microchip\xc8\v2.50\pic\sources\c99\common\xxtofl.c
		___xxtofl      		CODE           	1C3C	0000	440

C:\Program Files\Microchip\xc8\v2.50\pic\sources\c99\common\xxtofl.c estimated size: 440

C:\Program Files\Microchip\xc8\v2.50\pic\sources\c99\common\__fpclassifyf.c
		___fpclassifyf 		CODE           	21A8	0000	256

C:\Program Files\Microchip\xc8\v2.50\pic\sources\c99\common\__fpclassifyf.c estimated size: 256

C:\Program Files\Microchip\xc8\v2.50\pic\sources\c99\common\strlen.c
		_strlen        		CODE           	291E	0000	46

C:\Program Files\Microchip\xc8\v2.50\pic\sources\c99\common\strlen.c estimated size: 46

C:\Program Files\Microchip\xc8\v2.50\pic\sources\c99\common\strcpy.c
		_strcpy        		CODE           	26EE	0000	76

C:\Program Files\Microchip\xc8\v2.50\pic\sources\c99\common\strcpy.c estimated size: 76

C:\Program Files\Microchip\xc8\v2.50\pic\sources\c99\common\sprcadd.c
		___flsub       		CODE           	273A	0000	72
		___fladd       		CODE           	0FCA	0000	1208

C:\Program Files\Microchip\xc8\v2.50\pic\sources\c99\common\sprcadd.c estimated size: 1280

shared
		_aT1           		MEDIUMCONST    	0000	0000	0
		_aT2           		MEDIUMCONST    	0000	0000	0
		_aT3           		MEDIUMCONST    	0000	0000	0
		_aT4           		MEDIUMCONST    	0000	0000	0
		_atanhi        		MEDIUMCONST    	7CD3	0000	16
		i1_UART_Write  		CODE           	2A2C	0000	22
		i2_UART_Write  		CODE           	2A42	0000	22
		__initialization		CODE           	2976	0000	24
		_pi            		MEDIUMCONST    	0000	0000	0
		i1_UART_Write_Text		CODE           	2642	0000	86
		i2_UART_Write_Text		CODE           	2698	0000	86
		_aT0           		MEDIUMCONST    	0000	0000	0
		_pi_lo         		MEDIUMCONST    	0000	0000	0
		_atanlo        		MEDIUMCONST    	7CC3	0000	16

shared estimated size: 272

setting_hardaware/setting.c
		_OSCILLATOR_Initialize		CODE           	2A8A	0000	8
		_SYSTEM_Initialize		CODE           	2A16	0000	22

setting_hardaware/setting.c estimated size: 30

C:\Program Files\Microchip\xc8\v2.50\pic\sources\c99\common\atan2f.c
		_atan2f        		CODE           	09A0	0000	1578

C:\Program Files\Microchip\xc8\v2.50\pic\sources\c99\common\atan2f.c estimated size: 1578

main.c
		_Lo_ISR        		CODE           	0018	0000	516
		_main          		CODE           	255C	0000	140
		_displayBinary 		CODE           	24CA	0000	146
		_Hi_ISR        		CODE           	0008	0000	182

main.c estimated size: 984

C:\Program Files\Microchip\xc8\v2.50\pic\sources\c99\common\flge.c
		___flge        		CODE           	20A2	0000	262

C:\Program Files\Microchip\xc8\v2.50\pic\sources\c99\common\flge.c estimated size: 262

