Microchip MPLAB XC8 Compiler V2.50

Linker command line:

-W-3 \
  --edf=C:\Program Files\Microchip\xc8\v2.50\pic\dat\20240725155939_en.msgs \
  -cn -h+dist/default/debug\BT_Server.X.debug.sym \
  --cmf=dist/default/debug\BT_Server.X.debug.cmf -z -Q18F4520 \
  -oC:\Users\RONALD~1\AppData\Local\Temp\xcAsuek.\driver_tmp_3.o \
  --defsym=__MPLAB_BUILD=1 --fixupoverflow=error \
  -Mdist/default/debug/BT_Server.X.debug.map \
  --md=C:\Users\RONALD~1\AppData\Local\Temp\xcAsuek.\driver_tmp_0.dat -E1 \
  -ver=XC8 Compiler --acfsm=1493 -ACODE=00h-07D2Fh -ACONST=00h-07D2Fh \
  -ASMALLCONST=0600h-06FFhx119,07D00h-07D2Fh -AMEDIUMCONST=0600h-07D2Fh \
  -ACOMRAM=01h-07Fh -AABS1=00h-05EEh -ABIGRAM=01h-05EEh \
  -ARAM=080h-0FFh,0100h-01FFhx4,0500h-05EEh -ABANK0=080h-0FFh \
  -ABANK1=0100h-01FFh -ABANK2=0200h-02FFh -ABANK3=0300h-03FFh \
  -ABANK4=0400h-04FFh -ABANK5=0500h-05EEh \
  -ASFR=0F80h-0F9Bh,0F9Dh-0FD3h,0FD5h-0FDAh,0FE0h-0FE2h,0FE8h-0FEAh,0FF0h-0FFBh \
  -ABIGSFR=0F80h-0F9Bh,0F9Dh-0FD3h,0FD5h-0FDAh,0FE0h-0FE2h,0FE8h-0FEAh,0FF0h-0FFBh \
  -ACONFIG=0300000h-030000Dh -AIDLOC=0200000h-0200007h \
  -AEEDATA=0F00000h-0F000FFh -peeprom_data=EEDATA \
  -preset_vec=00h,intcode=8h,intcodelo=18h,powerup,init -pramtop=0600h \
  -psmallconst=SMALLCONST -pmediumconst=MEDIUMCONST -pconst=CONST \
  -AFARRAM=00h-00h \
  -prdata=COMRAM,nvrram=COMRAM,nvbit=COMRAM,rbss=COMRAM,rbit=COMRAM \
  -pfarbss=FARRAM,fardata=FARRAM,nvFARRAM=FARRAM \
  -pintsave_regs=BIGRAM,bigbss=BIGRAM,bigdata=BIGRAM -pbss=RAM \
  -pidata=CODE,irdata=CODE,ibigdata=CODE,ifardata=CODE -prparam=COMRAM \
  C:\Users\RONALD~1\AppData\Local\Temp\xcAsuek.\driver_tmp_9.o \
  dist/default/debug\BT_Server.X.debug.o 

Object code version is 3.11

Machine type is 18F4520



                Name                               Link     Load   Length Selector   Space Scale
C:\Users\RONALD~1\AppData\Local\Temp\xcAsuek.\driver_tmp_9.o
                idloc                            200000   200000        8        0       5
                config                           300000   300000        E        0       4
                init                                21A      21A        4        C       0
                reset_vec                             0        0        4        0       0
dist/default/debug\BT_Server.X.debug.o
                intcodelo                            18       18      202        C       0
                intcode                               8        8        6        4       0
                idloc                            200000   200000        8        0       5
                config                           300000   300000        E        0       4
                temp                                 5B       5B        1        1       1
                mediumconst                        7CCC     7CCC       64     3E66       0
                text41                             2D8C     2D8C       16        C       0
                text40                             29A2     29A2       56        C       0
                intcode_body                       2796     2796       B0        C       0
                text38                             2B4E     2B4E       3C        C       0
                text37                             2DDC     2DDC        4        C       0
                text36                             2D76     2D76       16        C       0
                text35                             294C     294C       56        C       0
                text34                             2B10     2B10       3E        C       0
                text33                             29F8     29F8       4C        C       0
                text32                             2C68     2C68       2E        C       0
                text30                             2C34     2C34       34        C       0
                text29                             2D48     2D48       18        C       0
                text28                             28F2     28F2       5A        C       0
                text27                             2846     2846       AC        C       0
                text26                             2A8C     2A8C       44        C       0
                text25                             2DB4     2DB4       12        C       0
                text24                             2DA2     2DA2       12        C       0
                text23                             2CE6     2CE6       26        C       0
                text22                             24AC     24AC      106        C       0
                text21                             1FB8     1FB8      1B8        C       0
                text20                             1C26     1C26      392        C       0
                text19                             141E     141E      428        C       0
                text18                             2BC4     2BC4       3A        C       0
                text17                              F66      F66      4B8        C       0
                text16                             2A44     2A44       48        C       0
                text15                             25B2     25B2      100        C       0
                text14                             2BFE     2BFE       36        C       0
                text13                              21E      21E      780        C       0
                text12                              99E      99E      5C8        C       0
                text11                             1846     1846      3E0        C       0
                text10                             2170     2170      1A4        C       0
                text9                              2314     2314      198        C       0
                text8                              2D2E     2D2E       1A        C       0
                text7                              26B2     26B2       E4        C       0
                text6                              2DC6     2DC6        E        C       0
                text5                              2B8A     2B8A       3A        C       0
                text4                              2C96     2C96       2A        C       0
                text3                              2DD4     2DD4        8        C       0
                text2                              2D0C     2D0C       22        C       0
                text1                              2D60     2D60       16        C       0
                text0                              2AD0     2AD0       40        C       0
                cstackCOMRAM                          1        1       34        1       1
                cstackBANK0                          80       80       80       80       1
                cstackBANK1                         100      100       72      100       1
                bssBANK1                            172      172       28      100       1
                bssCOMRAM                            35       35       26        1       1
                cinit                              2CC0     2CC0       26        C       0

TOTAL           Name                               Link     Load   Length     Space
        CLASS   CODE           
                intcodelo                            18       18      202         0
                intcode                               8        8        6         0
                init                                21A      21A        4         0
                reset_vec                             0        0        4         0
                text41                             2D8C     2D8C       16         0
                text40                             29A2     29A2       56         0
                intcode_body                       2796     2796       B0         0
                text38                             2B4E     2B4E       3C         0
                text37                             2DDC     2DDC        4         0
                text36                             2D76     2D76       16         0
                text35                             294C     294C       56         0
                text34                             2B10     2B10       3E         0
                text33                             29F8     29F8       4C         0
                text32                             2C68     2C68       2E         0
                text30                             2C34     2C34       34         0
                text29                             2D48     2D48       18         0
                text28                             28F2     28F2       5A         0
                text27                             2846     2846       AC         0
                text26                             2A8C     2A8C       44         0
                text25                             2DB4     2DB4       12         0
                text24                             2DA2     2DA2       12         0
                text23                             2CE6     2CE6       26         0
                text22                             24AC     24AC      106         0
                text21                             1FB8     1FB8      1B8         0
                text20                             1C26     1C26      392         0
                text19                             141E     141E      428         0
                text18                             2BC4     2BC4       3A         0
                text17                              F66      F66      4B8         0
                text16                             2A44     2A44       48         0
                text15                             25B2     25B2      100         0
                text14                             2BFE     2BFE       36         0
                text13                              21E      21E      780         0
                text12                              99E      99E      5C8         0
                text11                             1846     1846      3E0         0
                text10                             2170     2170      1A4         0
                text9                              2314     2314      198         0
                text8                              2D2E     2D2E       1A         0
                text7                              26B2     26B2       E4         0
                text6                              2DC6     2DC6        E         0
                text5                              2B8A     2B8A       3A         0
                text4                              2C96     2C96       2A         0
                text3                              2DD4     2DD4        8         0
                text2                              2D0C     2D0C       22         0
                text1                              2D60     2D60       16         0
                text0                              2AD0     2AD0       40         0
                cinit                              2CC0     2CC0       26         0

        CLASS   CONST          

        CLASS   SMALLCONST     

        CLASS   MEDIUMCONST    
                mediumconst                        7CCC     7CCC       64         0

        CLASS   COMRAM         
                temp                                 5B       5B        1         1
                cstackCOMRAM                          1        1       34         1
                bssCOMRAM                            35       35       26         1

        CLASS   ABS1           

        CLASS   BIGRAM         

        CLASS   RAM            

        CLASS   BANK0          
                cstackBANK0                          80       80       80         1

        CLASS   BANK1          
                cstackBANK1                         100      100       72         1
                bssBANK1                            172      172       28         1

        CLASS   BANK2          

        CLASS   BANK3          

        CLASS   BANK4          

        CLASS   BANK5          

        CLASS   SFR            

        CLASS   BIGSFR         

        CLASS   CONFIG         
                config                           300000   300000        E         4

        CLASS   IDLOC          
                idloc                            200000   200000        8         5

        CLASS   EEDATA         

        CLASS   FARRAM         

        CLASS   HEAP           

        CLASS   STACK          



SEGMENTS        Name                           Load    Length   Top    Selector   Space  Class

                reset_vec                      000000  000004  000004         0       0  CODE    
                cstackCOMRAM                   000001  00005B  00005C         1       1  COMRAM  
                intcode                        000008  000006  00000E         4       0  CODE    
                intcodelo                      000018  002DC8  002DE0         C       0  CODE    
                cstackBANK0                    000080  000080  000100        80       1  BANK0   
                cstackBANK1                    000100  00009A  00019A       100       1  BANK1   
                mediumconst                    007CCC  000064  007D30      3E66       0  MEDIUMCO


UNUSED ADDRESS RANGES

        Name                Unused          Largest block    Delta
        BANK1            00019A-0001FF               66
        BANK2            000200-0002FF              100
        BANK3            000300-0003FF              100
        BANK4            000400-0004FF              100
        BANK5            000500-0005EE               EF
        BIGRAM           00005C-00007F               24
                         00019A-0005EE              455
        BIGSFR           000F80-000F9B               1C
                         000F9D-000FD3               37
                         000FD5-000FDA                6
                         000FE0-000FE2                3
                         000FE8-000FEA                3
                         000FF0-000FFB                C
        CODE             000004-000007                4
                         00000E-000017                A
                         002DE0-007CCB             4EEC
        COMRAM           00005C-00007F               24
        CONST            000004-000007                4
                         00000E-000017                A
                         002DE0-007CCB             4EEC
        EEDATA           F00000-F000FF              100
        MEDIUMCONST      002DE0-007CCB             4EEC
        RAM              00019A-0005EE              100
        SFR              000F80-000F9B               1C
                         000F9D-000FD3               37
                         000FD5-000FDA                6
                         000FE0-000FE2                3
                         000FE8-000FEA                3
                         000FF0-000FFB                C
        SMALLCONST       002DE0-007CCB              100

                                  Symbol Table

?_ADC_Read                     cstackBANK0  000080
?___fladd                      cstackBANK0  0000A7
?___fldiv                      cstackBANK0  0000DC
?___flmul                      cstackBANK0  00008E
?___flneg                      cstackBANK0  000080
?___flsub                      cstackBANK0  0000B7
?___fpclassifyf                cstackBANK0  000080
?___xxtofl                     cstackBANK0  000080
?_atan2f                       cstackBANK1  00012E
?_atanf                        cstackBANK1  000100
?_calculate_angle              cstackBANK1  000157
?_fabsf                        cstackBANK0  0000F5
?_sqrtf                        cstackBANK0  0000B7
?_strlen                       cstackCOMRAM 00000D
ADC_Read@channel               cstackBANK0  000080
ADC_Read@digital               cstackBANK0  000084
Calibration@accX               cstackBANK1  000165
Calibration@accX_high          cstackBANK1  000169
Calibration@accX_low           cstackBANK1  00016A
Calibration@accZ               cstackBANK1  000167
Calibration@accZ_high          cstackBANK1  00016B
Calibration@accZ_low           cstackBANK1  00016C
Check_ADC@bend_sensor_val      cstackBANK0  00008C
Check_ADC@prev_sensor_val      cstackBANK0  000087
Check_Gyroscope@blinker_dir    cstackBANK0  0000FD
ClearBuffer@i                  cstackCOMRAM 00000D
I2C_Read@ack                   cstackBANK0  000080
I2C_Read@data                  cstackBANK0  000081
I2C_Write@data                 cstackBANK0  000080
Lo_ISR@command                 cstackCOMRAM 000021
MyusartRead@receivedData       cstackCOMRAM 000014
UART_Write@data                cstackBANK0  000080
UART_Write_Text@i              cstackBANK0  000085
UART_Write_Text@text           cstackBANK0  000081
_ACKDT                         (abs)        007E2D
_ACKEN                         (abs)        007E2C
_ADCON0bits                    (abs)        000FC2
_ADCON1                        (abs)        000FC1
_ADCON2bits                    (abs)        000FC0
_ADC_Initialize                text8        002D2E
_ADC_Read                      text30       002C34
_ADFM                          (abs)        007E07
_ADRESH                        (abs)        000FC4
_ADRESL                        (abs)        000FC3
_BAUDCONbits                   (abs)        000FB8
_BF                            (abs)        007E38
_CCP1CON                       (abs)        000FBD
_CREN                          (abs)        007D5C
_Calibration                   text7        0026B2
_Check_ADC                     text27       002846
_Check_Gyroscope               text9        002314
_Check_Gyroscope$1944          cstackBANK1  000167
_ClearBuffer                   text38       002B4E
_GetString                     text37       002DDC
_Gyroscope_Initialize          text5        002B8A
_Hi_ISR                        intcode      000008
_I2C_Init                      text6        002DC6
_I2C_Read                      text26       002A8C
_I2C_Start                     text25       002DB4
_I2C_Stop                      text24       002DA2
_I2C_Write                     text23       002CE6
_INTCONbits                    (abs)        000FF2
_INTERRUPT_Initialize          text4        002C96
_IPR1bits                      (abs)        000F9F
_IRCF0                         (abs)        007E9C
_IRCF1                         (abs)        007E9D
_IRCF2                         (abs)        007E9E
_LATA                          (abs)        000F89
_LATAbits                      (abs)        000F89
_LATBbits                      (abs)        000F8A
_Lo_ISR                        intcodelo    000018
_MyusartRead                   text34       002B10
_OSCCON                        (abs)        000FD3
_OSCILLATOR_Initialize         text3        002DD4
_PEN                           (abs)        007E2A
_PIE1bits                      (abs)        000F9D
_PIR1bits                      (abs)        000F9E
_RCEN                          (abs)        007E2B
_RCIF                          (abs)        007CF5
_RCONbits                      (abs)        000FD0
_RCREG                         (abs)        000FAE
_RCSTAbits                     (abs)        000FAB
_SEN                           (abs)        007E28
_SPBRG                         (abs)        000FAF
_SSPADD                        (abs)        000FC8
_SSPBUF                        (abs)        000FC9
_SSPCON1                       (abs)        000FC6
_SSPCON2                       (abs)        000FC5
_SSPCON2bits                   (abs)        000FC5
_SSPSTAT                       (abs)        000FC7
_SYSTEM_Initialize             text1        002D60
_TRISAbits                     (abs)        000F92
_TRISB                         (abs)        000F93
_TRISCbits                     (abs)        000F94
_TXREG                         (abs)        000FAD
_TXSTAbits                     (abs)        000FAC
_UART_Initialize               text2        002D0C
_UART_Write                    text29       002D48
_UART_Write_Text               text28       0028F2
__HRAM                         (abs)        000000
__H__absolute__                __absolute__ 000000
__Habs1                        abs1         000000
__Hbank0                       bank0        000000
__Hbank1                       bank1        000000
__Hbank2                       bank2        000000
__Hbank3                       bank3        000000
__Hbank4                       bank4        000000
__Hbank5                       bank5        000000
__Hbigbss                      bigbss       000000
__Hbigdata                     bigdata      000000
__Hbigram                      bigram       000000
__Hbigsfr                      bigsfr       000000
__Hbss                         bss          000000
__HbssBANK1                    bssBANK1     000000
__HbssCOMRAM                   bssCOMRAM    000000
__Hcinit                       cinit        000000
__Hclrtext                     clrtext      000000
__Hcomram                      comram       000000
__Hconfig                      config       30000E
__Hconst                       const        000000
__HcstackBANK0                 cstackBANK0  000000
__HcstackBANK1                 cstackBANK1  000000
__HcstackCOMRAM                cstackCOMRAM 000000
__Hdata                        data         000000
__Heeprom_data                 eeprom_data  000000
__Hfarbss                      farbss       000000
__Hfardata                     fardata      000000
__Hheap                        heap         000000
__Hibigdata                    ibigdata     000000
__Hidata                       idata        000000
__Hidloc                       idloc        200008
__Hifardata                    ifardata     000000
__Hinit                        init         00021E
__Hintcode                     intcode      00000E
__Hintcode_body                intcode_body 000000
__Hintcodelo                   intcodelo    00021A
__Hintentry                    intentry     000000
__Hintret                      intret       000000
__Hintsave_regs                intsave_regs 000000
__Hirdata                      irdata       000000
__Hmediumconst                 mediumconst  007D30
__HnvFARRAM                    nvFARRAM     000000
__Hnvbit                       nvbit        000000
__Hnvrram                      nvrram       000000
__Hparam                       rparam       000000
__Hpowerup                     powerup      00021A
__Hram                         ram          000000
__Hramtop                      ramtop       000600
__Hrbit                        rbit         000000
__Hrbss                        rbss         000000
__Hrdata                       rdata        000000
__Hreset_vec                   reset_vec    000004
__Hrparam                      rparam       000000
__Hsfr                         sfr          000000
__Hsivt_hi                     sivt_hi      000000
__Hsivt_lo                     sivt_lo      000000
__Hsmallconst                  smallconst   000000
__Hspace_0                     (abs)        007D30
__Hspace_1                     (abs)        00019A
__Hspace_2                     (abs)        000000
__Hspace_4                     (abs)        60000E
__Hstack                       stack        000000
__Hstruct                      struct       000000
__Htemp                        temp         00005C
__Htext                        text         000000
__Htext0                       text0        000000
__Htext1                       text1        000000
__Htext10                      text10       000000
__Htext11                      text11       000000
__Htext12                      text12       000000
__Htext13                      text13       000000
__Htext14                      text14       000000
__Htext15                      text15       000000
__Htext16                      text16       000000
__Htext17                      text17       000000
__Htext18                      text18       000000
__Htext19                      text19       000000
__Htext2                       text2        000000
__Htext20                      text20       000000
__Htext21                      text21       000000
__Htext22                      text22       000000
__Htext23                      text23       000000
__Htext24                      text24       000000
__Htext25                      text25       000000
__Htext26                      text26       000000
__Htext27                      text27       000000
__Htext28                      text28       000000
__Htext29                      text29       000000
__Htext3                       text3        000000
__Htext30                      text30       000000
__Htext32                      text32       000000
__Htext33                      text33       000000
__Htext34                      text34       000000
__Htext35                      text35       000000
__Htext36                      text36       000000
__Htext37                      text37       000000
__Htext38                      text38       000000
__Htext4                       text4        000000
__Htext40                      text40       000000
__Htext41                      text41       000000
__Htext5                       text5        000000
__Htext6                       text6        000000
__Htext7                       text7        000000
__Htext8                       text8        000000
__Htext9                       text9        000000
__LRAM                         (abs)        000001
__L__absolute__                __absolute__ 000000
__Labs1                        abs1         000000
__Lbank0                       bank0        000000
__Lbank1                       bank1        000000
__Lbank2                       bank2        000000
__Lbank3                       bank3        000000
__Lbank4                       bank4        000000
__Lbank5                       bank5        000000
__Lbigbss                      bigbss       000000
__Lbigdata                     bigdata      000000
__Lbigram                      bigram       000000
__Lbigsfr                      bigsfr       000000
__Lbss                         bss          000000
__LbssBANK1                    bssBANK1     000000
__LbssCOMRAM                   bssCOMRAM    000000
__Lcinit                       cinit        000000
__Lclrtext                     clrtext      000000
__Lcomram                      comram       000000
__Lconfig                      config       000000
__Lconst                       const        000000
__LcstackBANK0                 cstackBANK0  000000
__LcstackBANK1                 cstackBANK1  000000
__LcstackCOMRAM                cstackCOMRAM 000000
__Ldata                        data         000000
__Leeprom_data                 eeprom_data  000000
__Lfarbss                      farbss       000000
__Lfardata                     fardata      000000
__Lheap                        heap         000000
__Libigdata                    ibigdata     000000
__Lidata                       idata        000000
__Lidloc                       idloc        000000
__Lifardata                    ifardata     000000
__Linit                        init         00021A
__Lintcode                     intcode      000008
__Lintcode_body                intcode_body 000000
__Lintcodelo                   intcodelo    000018
__Lintentry                    intentry     000000
__Lintret                      intret       000000
__Lintsave_regs                intsave_regs 000000
__Lirdata                      irdata       000000
__Lmediumconst                 mediumconst  007CCC
__LnvFARRAM                    nvFARRAM     000000
__Lnvbit                       nvbit        000000
__Lnvrram                      nvrram       000000
__Lparam                       rparam       000000
__Lpowerup                     powerup      00021A
__Lram                         ram          000000
__Lramtop                      ramtop       000600
__Lrbit                        rbit         000000
__Lrbss                        rbss         000000
__Lrdata                       rdata        000000
__Lreset_vec                   reset_vec    000000
__Lrparam                      rparam       000000
__Lsfr                         sfr          000000
__Lsivt_hi                     sivt_hi      000000
__Lsivt_lo                     sivt_lo      000000
__Lsmallconst                  smallconst   000000
__Lspace_0                     (abs)        000000
__Lspace_1                     (abs)        000000
__Lspace_2                     (abs)        000000
__Lspace_4                     (abs)        000000
__Lstack                       stack        000000
__Lstruct                      struct       000000
__Ltemp                        temp         00005B
__Ltext                        text         000000
__Ltext0                       text0        000000
__Ltext1                       text1        000000
__Ltext10                      text10       000000
__Ltext11                      text11       000000
__Ltext12                      text12       000000
__Ltext13                      text13       000000
__Ltext14                      text14       000000
__Ltext15                      text15       000000
__Ltext16                      text16       000000
__Ltext17                      text17       000000
__Ltext18                      text18       000000
__Ltext19                      text19       000000
__Ltext2                       text2        000000
__Ltext20                      text20       000000
__Ltext21                      text21       000000
__Ltext22                      text22       000000
__Ltext23                      text23       000000
__Ltext24                      text24       000000
__Ltext25                      text25       000000
__Ltext26                      text26       000000
__Ltext27                      text27       000000
__Ltext28                      text28       000000
__Ltext29                      text29       000000
__Ltext3                       text3        000000
__Ltext30                      text30       000000
__Ltext32                      text32       000000
__Ltext33                      text33       000000
__Ltext34                      text34       000000
__Ltext35                      text35       000000
__Ltext36                      text36       000000
__Ltext37                      text37       000000
__Ltext38                      text38       000000
__Ltext4                       text4        000000
__Ltext40                      text40       000000
__Ltext41                      text41       000000
__Ltext5                       text5        000000
__Ltext6                       text6        000000
__Ltext7                       text7        000000
__Ltext8                       text8        000000
__Ltext9                       text9        000000
__S0                           (abs)        007D30
__S1                           (abs)        00019A
__S4                           (abs)        000000
__S5                           (abs)        000000
___fladd                       text17       000F66
___fladd@a                     cstackBANK0  0000AB
___fladd@aexp                  cstackBANK0  0000B4
___fladd@b                     cstackBANK0  0000A7
___fladd@bexp                  cstackBANK0  0000B5
___fladd@grs                   cstackBANK0  0000B6
___fladd@signs                 cstackBANK0  0000B3
___fldiv                       text20       001C26
___fldiv@a                     cstackBANK0  0000E0
___fldiv@aexp                  cstackBANK0  0000F4
___fldiv@b                     cstackBANK0  0000DC
___fldiv@bexp                  cstackBANK0  0000F3
___fldiv@grs                   cstackBANK0  0000EF
___fldiv@new_exp               cstackBANK0  0000ED
___fldiv@rem                   cstackBANK0  0000E8
___fldiv@sign                  cstackBANK0  0000EC
___flge                        text22       0024AC
___flge@ff1                    cstackBANK0  000080
___flge@ff2                    cstackBANK0  000084
___flmul                       text19       00141E
___flmul@a                     cstackBANK0  000092
___flmul@aexp                  cstackBANK0  00009B
___flmul@b                     cstackBANK0  00008E
___flmul@bexp                  cstackBANK0  0000A0
___flmul@grs                   cstackBANK0  00009C
___flmul@prod                  cstackBANK0  0000A1
___flmul@sign                  cstackBANK0  00009A
___flmul@temp                  cstackBANK0  0000A5
___flneg                       text18       002BC4
___flneg@f1                    cstackBANK0  000080
___flsub                       text16       002A44
___flsub@a                     cstackBANK0  0000BB
___flsub@b                     cstackBANK0  0000B7
___fpclassifyf                 text15       0025B2
___fpclassifyf@F465            bssCOMRAM    000039
___fpclassifyf@e               cstackBANK0  000088
___fpclassifyf@u               cstackBANK0  00008A
___fpclassifyf@x               cstackBANK0  000080
___heap_hi                     (abs)        000000
___heap_lo                     (abs)        000000
___inthi_sp                    stack        000000
___inthi_stack_hi              stack        000000
___inthi_stack_lo              stack        000000
___intlo_sp                    stack        000000
___intlo_stack_hi              stack        000000
___intlo_stack_lo              stack        000000
___param_bank                  (abs)        000000
___rparam_used                 (abs)        000001
___sp                          stack        000000
___stack_hi                    stack        000000
___stack_lo                    stack        000000
___xxtofl                      text21       001FB8
___xxtofl@arg                  cstackBANK0  00008A
___xxtofl@exp                  cstackBANK0  000089
___xxtofl@sign                 cstackBANK0  000088
___xxtofl@val                  cstackBANK0  000080
__accesstop                    (abs)        000080
__activetblptr                 (abs)        000002
__end_of_ADC_Initialize        text8        002D48
__end_of_ADC_Read              text30       002C68
__end_of_Calibration           text7        002796
__end_of_Check_ADC             text27       0028F2
__end_of_Check_Gyroscope       text9        0024AC
__end_of_ClearBuffer           text38       002B8A
__end_of_GetString             text37       002DE0
__end_of_Gyroscope_Initialize  text5        002BC4
__end_of_Hi_ISR                intcode_body 002846
__end_of_I2C_Init              text6        002DD4
__end_of_I2C_Read              text26       002AD0
__end_of_I2C_Start             text25       002DC6
__end_of_I2C_Stop              text24       002DB4
__end_of_I2C_Write             text23       002D0C
__end_of_INTERRUPT_Initialize  text4        002CC0
__end_of_Lo_ISR                intcodelo    00021A
__end_of_MyusartRead           text34       002B4E
__end_of_OSCILLATOR_Initialize text3        002DDC
__end_of_SYSTEM_Initialize     text1        002D76
__end_of_UART_Initialize       text2        002D2E
__end_of_UART_Write            text29       002D60
__end_of_UART_Write_Text       text28       00294C
__end_of___fladd               text17       00141E
__end_of___fldiv               text20       001FB8
__end_of___flge                text22       0025B2
__end_of___flmul               text19       001846
__end_of___flneg               text18       002BFE
__end_of___flsub               text16       002A8C
__end_of___fpclassifyf         text15       0026B2
__end_of___xxtofl              text21       002170
__end_of__initialization       cinit        002CD8
__end_of_aT0                   mediumconst  007D01
__end_of_aT1                   mediumconst  007CFD
__end_of_aT2                   mediumconst  007CF9
__end_of_aT3                   mediumconst  007CF5
__end_of_aT4                   mediumconst  007CF1
__end_of_atan2f                text12       000F66
__end_of_atanf                 text13       00099E
__end_of_atanhi                mediumconst  007CED
__end_of_atanlo                mediumconst  007CDD
__end_of_calculate_angle       text10       002314
__end_of_fabsf                 text14       002C34
__end_of_main                  text0        002B10
__end_of_pi                    mediumconst  007D09
__end_of_pi_lo                 mediumconst  007D05
__end_of_sqrtf                 text11       001C26
__end_of_strcpy                text33       002A44
__end_of_strlen                text32       002C96
__end_ofi1_UART_Write          text36       002D8C
__end_ofi1_UART_Write_Text     text35       0029A2
__end_ofi2_UART_Write          text41       002DA2
__end_ofi2_UART_Write_Text     text40       0029F8
__initialization               cinit        002CC0
__mediumconst                  mediumconst  007CCC
__pbssBANK1                    bssBANK1     000172
__pbssCOMRAM                   bssCOMRAM    000035
__pcinit                       cinit        002CC0
__pcstackBANK0                 cstackBANK0  000080
__pcstackBANK1                 cstackBANK1  000100
__pcstackCOMRAM                cstackCOMRAM 000001
__pintcode                     intcode      000008
__pintcode_body                intcode_body 002796
__pintcodelo                   intcodelo    000018
__pmediumconst                 mediumconst  007CCC
__ptext0                       text0        002AD0
__ptext1                       text1        002D60
__ptext10                      text10       002170
__ptext11                      text11       001846
__ptext12                      text12       00099E
__ptext13                      text13       00021E
__ptext14                      text14       002BFE
__ptext15                      text15       0025B2
__ptext16                      text16       002A44
__ptext17                      text17       000F66
__ptext18                      text18       002BC4
__ptext19                      text19       00141E
__ptext2                       text2        002D0C
__ptext20                      text20       001C26
__ptext21                      text21       001FB8
__ptext22                      text22       0024AC
__ptext23                      text23       002CE6
__ptext24                      text24       002DA2
__ptext25                      text25       002DB4
__ptext26                      text26       002A8C
__ptext27                      text27       002846
__ptext28                      text28       0028F2
__ptext29                      text29       002D48
__ptext3                       text3        002DD4
__ptext30                      text30       002C34
__ptext32                      text32       002C68
__ptext33                      text33       0029F8
__ptext34                      text34       002B10
__ptext35                      text35       00294C
__ptext36                      text36       002D76
__ptext37                      text37       002DDC
__ptext38                      text38       002B4E
__ptext4                       text4        002C96
__ptext40                      text40       0029A2
__ptext41                      text41       002D8C
__ptext5                       text5        002B8A
__ptext6                       text6        002DC6
__ptext7                       text7        0026B2
__ptext8                       text8        002D2E
__ptext9                       text9        002314
__ramtop                       ramtop       000600
__smallconst                   smallconst   000000
_accX                          bssBANK1     000192
_accX_high                     bssBANK1     000199
_accX_low                      bssBANK1     000198
_accY                          bssBANK1     000190
_accY_high                     bssBANK1     000197
_accY_low                      bssBANK1     000196
_accZ                          bssBANK1     00018E
_accZ_high                     bssBANK1     000195
_accZ_low                      bssBANK1     000194
_angle                         bssBANK1     000186
_atan2f                        text12       00099E
_atan2f$1947                   cstackBANK1  00013E
_atan2f$1948                   cstackBANK1  000142
_atan2f$1949                   cstackBANK1  000146
_atanf                         text13       00021E
_atanf$1950                    cstackBANK1  000118
_atanf$1951                    cstackBANK1  000104
_atanf$1952                    cstackBANK1  00011C
_atanf$1953                    cstackBANK1  000108
_atanf$1954                    cstackBANK1  00010C
_atanhi                        mediumconst  007CDD
_atanlo                        mediumconst  007CCD
_calculate_angle               text10       002170
_calculate_angle$1945          cstackBANK1  00015D
_calculate_angle$1946          cstackBANK1  000161
_count                         bssCOMRAM    000043
_errno                         bssCOMRAM    00003D
_fabsf                         text14       002BFE
_isConnected                   bssCOMRAM    000041
_lenStr                        bssCOMRAM    000045
_main                          text0        002AD0
_mystring                      bssCOMRAM    000047
_needSendMsg                   bssCOMRAM    00003F
_pitch_offset                  bssBANK1     00018A
_sqrtf                         text11       001846
_str                           bssBANK1     000172
_strcpy                        text33       0029F8
_strlen                        text32       002C68
atan2f@ix                      cstackBANK1  00014E
atan2f@iy                      cstackBANK1  000152
atan2f@m                       cstackBANK1  000156
atan2f@x                       cstackBANK1  000132
atan2f@y                       cstackBANK1  00012E
atan2f@z                       cstackBANK1  00014A
atanf@id                       cstackBANK1  000125
atanf@ix                       cstackBANK1  00012A
atanf@s1                       cstackBANK1  000110
atanf@s2                       cstackBANK1  000114
atanf@sign                     cstackBANK1  000120
atanf@w                        cstackBANK1  000121
atanf@x                        cstackBANK1  000100
atanf@z                        cstackBANK1  000126
btemp                          temp         00005B
calculate_angle@accX           cstackBANK1  000157
calculate_angle@accY           cstackBANK1  000159
calculate_angle@accZ           cstackBANK1  00015B
end_of_initialization          cinit        002CD8
fabsf@F465                     bssCOMRAM    000035
fabsf@u                        cstackBANK0  0000F9
fabsf@x                        cstackBANK0  0000F5
i1UART_Write@data              cstackCOMRAM 00000D
i1UART_Write_Text@i            cstackCOMRAM 000012
i1UART_Write_Text@text         cstackCOMRAM 00000E
i1_UART_Write                  text36       002D76
i1_UART_Write_Text             text35       00294C
i2UART_Write@data              cstackCOMRAM 000001
i2UART_Write_Text@i            cstackCOMRAM 000006
i2UART_Write_Text@text         cstackCOMRAM 000002
i2_UART_Write                  text41       002D8C
i2_UART_Write_Text             text40       0029A2
int$flags                      temp         00005B
int_func                       intcode_body 002796
intlevel0                      text         000000
intlevel1                      text         000000
intlevel2                      text         000000
intlevel3                      text         000000
isa$std                        (abs)        000001
isa$xinst                      (abs)        000000
main@blinker_dir               cstackBANK1  000170
main@prev_bend_sensor_val      cstackBANK1  00016E
sqrtf@i                        cstackBANK0  0000C4
sqrtf@ix                       cstackBANK0  0000D8
sqrtf@m                        cstackBANK0  0000D0
sqrtf@q                        cstackBANK0  0000C8
sqrtf@r                        cstackBANK0  0000D4
sqrtf@s                        cstackBANK0  0000C0
sqrtf@t                        cstackBANK0  0000CC
sqrtf@x                        cstackBANK0  0000B7
stackhi                        (abs)        000000
stacklo                        (abs)        000000
start                          init         00021A
start_initialization           cinit        002CC0
strcpy@d                       cstackCOMRAM 000014
strcpy@dest                    cstackCOMRAM 00000F
strcpy@src                     cstackCOMRAM 000010
strlen@a                       cstackCOMRAM 00000F
strlen@s                       cstackCOMRAM 00000D
ttemp5                         temp         00005C
ttemp6                         temp         00005F
ttemp7                         temp         000063
wtemp8                         temp         00005C


MODULE INFORMATION

Module		Function		Class		Link	Load	Size
C:\Program Files\Microchip\xc8\v2.50\pic\sources\c99\common\flneg.c
		___flneg       		CODE           	2BC4	0000	58

C:\Program Files\Microchip\xc8\v2.50\pic\sources\c99\common\flneg.c estimated size: 58

C:\Program Files\Microchip\xc8\v2.50\pic\sources\c99\common\fabsf.c
		_fabsf         		CODE           	2BFE	0000	54

C:\Program Files\Microchip\xc8\v2.50\pic\sources\c99\common\fabsf.c estimated size: 54

C:\Program Files\Microchip\xc8\v2.50\pic\sources\c99\common\atanf.c
		_atanf         		CODE           	021E	0000	1920

C:\Program Files\Microchip\xc8\v2.50\pic\sources\c99\common\atanf.c estimated size: 1920

setting_hardaware/interrupt_manager.c
		_INTERRUPT_Initialize		CODE           	2C96	0000	42

setting_hardaware/interrupt_manager.c estimated size: 42

setting_hardaware/gyroscope.c
		_Check_Gyroscope		CODE           	2314	0000	408
		_Calibration   		CODE           	26B2	0000	228
		_I2C_Write     		CODE           	2CE6	0000	38
		_Gyroscope_Initialize		CODE           	2B8A	0000	58
		_I2C_Stop      		CODE           	2DA2	0000	18
		_I2C_Read      		CODE           	2A8C	0000	68
		_I2C_Init      		CODE           	2DC6	0000	14
		_I2C_Start     		CODE           	2DB4	0000	18
		_calculate_angle		CODE           	2170	0000	420

setting_hardaware/gyroscope.c estimated size: 1270

C:\Program Files\Microchip\xc8\v2.50\pic\sources\c99\common\sprcmul.c
		___flmul       		CODE           	141E	0000	1064

C:\Program Files\Microchip\xc8\v2.50\pic\sources\c99\common\sprcmul.c estimated size: 1064

setting_hardaware/uart.c
		_MyusartRead   		CODE           	2B10	0000	62
		_UART_Write_Text		CODE           	28F2	0000	90
		_GetString     		CODE           	2DDC	0000	4
		_ClearBuffer   		CODE           	2B4E	0000	60
		_UART_Initialize		CODE           	2D0C	0000	34
		_UART_Write    		CODE           	2D48	0000	24

setting_hardaware/uart.c estimated size: 274

C:\Program Files\Microchip\xc8\v2.50\pic\sources\c99\common\sprcdiv.c
		___fldiv       		CODE           	1C26	0000	914

C:\Program Files\Microchip\xc8\v2.50\pic\sources\c99\common\sprcdiv.c estimated size: 914

setting_hardaware/adc.c
		_ADC_Initialize		CODE           	2D2E	0000	26
		_Check_ADC     		CODE           	2846	0000	172
		_ADC_Read      		CODE           	2C34	0000	52

setting_hardaware/adc.c estimated size: 250

C:\Program Files\Microchip\xc8\v2.50\pic\sources\c99\common\xxtofl.c
		___xxtofl      		CODE           	1FB8	0000	440

C:\Program Files\Microchip\xc8\v2.50\pic\sources\c99\common\xxtofl.c estimated size: 440

C:\Program Files\Microchip\xc8\v2.50\pic\sources\c99\common\__fpclassifyf.c
		___fpclassifyf 		CODE           	25B2	0000	256

C:\Program Files\Microchip\xc8\v2.50\pic\sources\c99\common\__fpclassifyf.c estimated size: 256

C:\Program Files\Microchip\xc8\v2.50\pic\sources\c99\common\strlen.c
		_strlen        		CODE           	2C68	0000	46

C:\Program Files\Microchip\xc8\v2.50\pic\sources\c99\common\strlen.c estimated size: 46

C:\Program Files\Microchip\xc8\v2.50\pic\sources\c99\common\strcpy.c
		_strcpy        		CODE           	29F8	0000	76

C:\Program Files\Microchip\xc8\v2.50\pic\sources\c99\common\strcpy.c estimated size: 76

C:\Program Files\Microchip\xc8\v2.50\pic\sources\c99\common\sprcadd.c
		___flsub       		CODE           	2A44	0000	72
		___fladd       		CODE           	0F66	0000	1208

C:\Program Files\Microchip\xc8\v2.50\pic\sources\c99\common\sprcadd.c estimated size: 1280

shared
		_aT1           		MEDIUMCONST    	0000	0000	0
		_aT2           		MEDIUMCONST    	0000	0000	0
		_aT3           		MEDIUMCONST    	0000	0000	0
		_aT4           		MEDIUMCONST    	0000	0000	0
		_atanhi        		MEDIUMCONST    	7CDD	0000	16
		i1_UART_Write  		CODE           	2D76	0000	22
		i2_UART_Write  		CODE           	2D8C	0000	22
		__initialization		CODE           	2CC0	0000	24
		_pi            		MEDIUMCONST    	0000	0000	0
		i1_UART_Write_Text		CODE           	294C	0000	86
		i2_UART_Write_Text		CODE           	29A2	0000	86
		_aT0           		MEDIUMCONST    	0000	0000	0
		_pi_lo         		MEDIUMCONST    	0000	0000	0
		_atanlo        		MEDIUMCONST    	7CCD	0000	16

shared estimated size: 272

C:\Program Files\Microchip\xc8\v2.50\pic\sources\c99\common\sqrtf.c
		_sqrtf         		CODE           	1846	0000	992

C:\Program Files\Microchip\xc8\v2.50\pic\sources\c99\common\sqrtf.c estimated size: 992

setting_hardaware/setting.c
		_OSCILLATOR_Initialize		CODE           	2DD4	0000	8
		_SYSTEM_Initialize		CODE           	2D60	0000	22

setting_hardaware/setting.c estimated size: 30

C:\Program Files\Microchip\xc8\v2.50\pic\sources\c99\common\atan2f.c
		_atan2f        		CODE           	099E	0000	1480

C:\Program Files\Microchip\xc8\v2.50\pic\sources\c99\common\atan2f.c estimated size: 1480

main.c
		_Lo_ISR        		CODE           	0018	0000	514
		_main          		CODE           	2AD0	0000	64
		_Hi_ISR        		CODE           	0008	0000	182

main.c estimated size: 760

C:\Program Files\Microchip\xc8\v2.50\pic\sources\c99\common\flge.c
		___flge        		CODE           	24AC	0000	262

C:\Program Files\Microchip\xc8\v2.50\pic\sources\c99\common\flge.c estimated size: 262

