Microchip MPLAB XC8 Compiler V2.50

Linker command line:

-W-3 \
  --edf=C:\Program Files\Microchip\xc8\v2.50\pic\dat\20240725155939_en.msgs \
  -cn -h+dist/default/debug\final_project.X.debug.sym \
  --cmf=dist/default/debug\final_project.X.debug.cmf -z -Q18F4520 \
  -oC:\Users\RONALD~1\AppData\Local\Temp\xcAsch4.\driver_tmp_3.o \
  --defsym=__MPLAB_BUILD=1 --fixupoverflow=error \
  -Mdist/default/debug/final_project.X.debug.map \
  --md=C:\Users\RONALD~1\AppData\Local\Temp\xcAsch4.\driver_tmp_0.dat -E1 \
  -ver=XC8 Compiler --acfsm=1493 -ACODE=00h-07DBFh -ACONST=00h-07DBFh \
  -ASMALLCONST=0600h-06FFhx119,07D00h-07DBFh -AMEDIUMCONST=0600h-07DBFh \
  -ACOMRAM=01h-07Fh -AABS1=00h-05F3h -ABIGRAM=01h-05F3h \
  -ARAM=080h-0FFh,0100h-01FFhx4,0500h-05F3h -ABANK0=080h-0FFh \
  -ABANK1=0100h-01FFh -ABANK2=0200h-02FFh -ABANK3=0300h-03FFh \
  -ABANK4=0400h-04FFh -ABANK5=0500h-05F3h \
  -ASFR=0F80h-0F9Bh,0F9Dh-0FD3h,0FD5h-0FDAh,0FE0h-0FE2h,0FE8h-0FEAh,0FF0h-0FFCh \
  -ABIGSFR=0F80h-0F9Bh,0F9Dh-0FD3h,0FD5h-0FDAh,0FE0h-0FE2h,0FE8h-0FEAh,0FF0h-0FFCh \
  -ACONFIG=0300000h-030000Dh -AIDLOC=0200000h-0200007h \
  -AEEDATA=0F00000h-0F000FFh -peeprom_data=EEDATA \
  -preset_vec=00h,intcode,sivt_hi,intcodelo,sivt_lo,powerup,init \
  -pramtop=0600h -psmallconst=SMALLCONST -pmediumconst=MEDIUMCONST \
  -pconst=CONST -AFARRAM=00h-00h \
  -prdata=COMRAM,nvrram=COMRAM,nvbit=COMRAM,rbss=COMRAM,rbit=COMRAM \
  -pfarbss=FARRAM,fardata=FARRAM,nvFARRAM=FARRAM \
  -pintsave_regs=BIGRAM,bigbss=BIGRAM,bigdata=BIGRAM -pbss=RAM \
  -pidata=CODE,irdata=CODE,ibigdata=CODE,ifardata=CODE -prparam=COMRAM \
  C:\Users\RONALD~1\AppData\Local\Temp\xcAsch4.\driver_tmp_9.o \
  dist/default/debug\final_project.X.debug.o 

Object code version is 3.11

Machine type is 18F4520



                Name                               Link     Load   Length Selector   Space Scale
C:\Users\RONALD~1\AppData\Local\Temp\xcAsch4.\driver_tmp_9.o
                idloc                            200000   200000        8        0       5
                config                           300000   300000        E        0       4
                init                                  0        0        4        0       0
dist/default/debug\final_project.X.debug.o
                idloc                            200000   200000        8        0       5
                config                           300000   300000        E        0       4
                smallconst                          600      600       3E      300       0
                text18                             2746     2746       3E      31F       0
                text17                             283C     283C       12      31F       0
                text16                             282A     282A       12      31F       0
                text15                             27F0     27F0       24      31F       0
                text14                             1FD4     1FD4      1B4      31F       0
                text13                             1C44     1C44      390      31F       0
                text12                             181E     181E      426      31F       0
                text11                             2784     2784       38      31F       0
                text10                             1368     1368      4B6      31F       0
                text9                              2700     2700       46      31F       0
                text8                              2544     2544       FE      31F       0
                text7                              27BC     27BC       34      31F       0
                text6                               63E      63E      76E      31F       0
                text5                               DAC      DAC      5BC      31F       0
                text4                              2318     2318      128      31F       0
                text3                              284E     284E        E      31F       0
                text2                              2440     2440      104      31F       0
                text1                              2642     2642       BE      31F       0
                text0                              2188     2188      190      31F       0
                cstackCOMRAM                          1        1       7D        1       1
                cstackBANK0                          80       80       57       80       1
                bssBANK0                             D7       D7        C       80       1
                cinit                              2814     2814       16      31F       0

TOTAL           Name                               Link     Load   Length     Space
        CLASS   CODE           
                init                                  0        0        4         0
                text18                             2746     2746       3E         0
                text17                             283C     283C       12         0
                text16                             282A     282A       12         0
                text15                             27F0     27F0       24         0
                text14                             1FD4     1FD4      1B4         0
                text13                             1C44     1C44      390         0
                text12                             181E     181E      426         0
                text11                             2784     2784       38         0
                text10                             1368     1368      4B6         0
                text9                              2700     2700       46         0
                text8                              2544     2544       FE         0
                text7                              27BC     27BC       34         0
                text6                               63E      63E      76E         0
                text5                               DAC      DAC      5BC         0
                text4                              2318     2318      128         0
                text3                              284E     284E        E         0
                text2                              2440     2440      104         0
                text1                              2642     2642       BE         0
                text0                              2188     2188      190         0
                cinit                              2814     2814       16         0

        CLASS   CONST          

        CLASS   SMALLCONST     
                smallconst                          600      600       3E         0

        CLASS   MEDIUMCONST    

        CLASS   COMRAM         
                cstackCOMRAM                          1        1       7D         1

        CLASS   ABS1           

        CLASS   BIGRAM         

        CLASS   RAM            

        CLASS   BANK0          
                cstackBANK0                          80       80       57         1
                bssBANK0                             D7       D7        C         1

        CLASS   BANK1          

        CLASS   BANK2          

        CLASS   BANK3          

        CLASS   BANK4          

        CLASS   BANK5          

        CLASS   SFR            

        CLASS   BIGSFR         

        CLASS   CONFIG         
                config                           300000   300000        E         4

        CLASS   IDLOC          
                idloc                            200000   200000        8         5

        CLASS   EEDATA         

        CLASS   FARRAM         

        CLASS   HEAP           

        CLASS   STACK          



SEGMENTS        Name                           Load    Length   Top    Selector   Space  Class

                reset_vec                      000000  000004  000004         0       0  CODE    
                cstackCOMRAM                   000001  00007D  00007E         1       1  COMRAM  
                cstackBANK0                    000080  000063  0000E3        80       1  BANK0   
                smallconst                     000600  00003E  00063E       300       0  SMALLCON
                text6                          00063E  00221E  00285C       31F       0  CODE    


UNUSED ADDRESS RANGES

        Name                Unused          Largest block    Delta
        BANK0            0000E3-0000FF               1D
        BANK1            000100-0001FF              100
        BANK2            000200-0002FF              100
        BANK3            000300-0003FF              100
        BANK4            000400-0004FF              100
        BANK5            000500-0005F3               F4
        BIGRAM           00007E-00007F                2
                         0000E3-0005F3              511
        BIGSFR           000F80-000F9B               1C
                         000F9D-000FD3               37
                         000FD5-000FDA                6
                         000FE0-000FE2                3
                         000FE8-000FEA                3
                         000FF0-000FFC                D
        CODE             000004-0005FF              5FC
                         00285C-007DBF             5564
        COMRAM           00007E-00007F                2
        CONST            000004-0005FF              5FC
                         00285C-007DBF             5564
        EEDATA           F00000-F000FF              100
        MEDIUMCONST      00285C-007DBF             5564
        RAM              0000E3-0005F3              100
        SFR              000F80-000F9B               1C
                         000F9D-000FD3               37
                         000FD5-000FDA                6
                         000FE0-000FE2                3
                         000FE8-000FEA                3
                         000FF0-000FFC                D
        SMALLCONST       00285C-007DBF              100

                                  Symbol Table

?___fladd                cstackCOMRAM 000028
?___fldiv                cstackCOMRAM 000038
?___flmul                cstackCOMRAM 00000F
?___flneg                cstackCOMRAM 000001
?___flsub                cstackCOMRAM 000038
?___fpclassifyf          cstackCOMRAM 000001
?___xxtofl               cstackCOMRAM 000001
?_atan2f                 cstackCOMRAM 00005E
?_atanf                  cstackCOMRAM 000059
?_calculate_angle        cstackBANK0  0000C3
?_fabsf                  cstackCOMRAM 000051
Calibration@accX         cstackCOMRAM 000074
Calibration@accX_high    cstackCOMRAM 000078
Calibration@accX_low     cstackCOMRAM 000079
Calibration@accZ         cstackCOMRAM 000076
Calibration@accZ_high    cstackCOMRAM 00007A
Calibration@accZ_low     cstackCOMRAM 00007B
I2C_Read@ack             cstackCOMRAM 000001
I2C_Read@data            cstackCOMRAM 000002
I2C_Write@data           cstackCOMRAM 000001
_ACKDT                   (abs)        007E2D
_ACKEN                   (abs)        007E2C
_BF                      (abs)        007E38
_Calibration             text4        002318
_Calibration$842         cstackCOMRAM 000070
_I2C_Init                text3        00284E
_I2C_Read                text18       002746
_I2C_Start               text17       00283C
_I2C_Stop                text16       00282A
_I2C_Write               text15       0027F0
_LATA                    (abs)        000F89
_OSCCON                  (abs)        000FD3
_PEN                     (abs)        007E2A
_RCEN                    (abs)        007E2B
_SEN                     (abs)        007E28
_SSPADD                  (abs)        000FC8
_SSPBUF                  (abs)        000FC9
_SSPCON1                 (abs)        000FC6
_SSPCON2                 (abs)        000FC5
_SSPCON2bits             (abs)        000FC5
_SSPSTAT                 (abs)        000FC7
_TRISA                   (abs)        000F92
__HRAM                   (abs)        000000
__H__absolute__          __absolute__ 000000
__Habs1                  abs1         000000
__Hbank0                 bank0        000000
__Hbank1                 bank1        000000
__Hbank2                 bank2        000000
__Hbank3                 bank3        000000
__Hbank4                 bank4        000000
__Hbank5                 bank5        000000
__Hbigbss                bigbss       000000
__Hbigdata               bigdata      000000
__Hbigram                bigram       000000
__Hbigsfr                bigsfr       000000
__Hbss                   bss          000000
__HbssBANK0              bssBANK0     000000
__Hcinit                 cinit        000000
__Hclrtext               clrtext      000000
__Hcomram                comram       000000
__Hconfig                config       30000E
__Hconst                 const        000000
__HcstackBANK0           cstackBANK0  000000
__HcstackCOMRAM          cstackCOMRAM 000000
__Hdata                  data         000000
__Heeprom_data           eeprom_data  000000
__Hfarbss                farbss       000000
__Hfardata               fardata      000000
__Hheap                  heap         000000
__Hibigdata              ibigdata     000000
__Hidata                 idata        000000
__Hidloc                 idloc        200008
__Hifardata              ifardata     000000
__Hinit                  init         000004
__Hintcode               intcode      000000
__Hintcode_body          intcode_body 000000
__Hintcodelo             intcodelo    000000
__Hintentry              intentry     000000
__Hintret                intret       000000
__Hintsave_regs          intsave_regs 000000
__Hirdata                irdata       000000
__Hmediumconst           mediumconst  000000
__HnvFARRAM              nvFARRAM     000000
__Hnvbit                 nvbit        000000
__Hnvrram                nvrram       000000
__Hparam                 rparam       000000
__Hpowerup               powerup      000000
__Hram                   ram          000000
__Hramtop                ramtop       000600
__Hrbit                  rbit         000000
__Hrbss                  rbss         000000
__Hrdata                 rdata        000000
__Hreset_vec             reset_vec    000000
__Hrparam                rparam       000000
__Hsfr                   sfr          000000
__Hsivt_hi               sivt_hi      000000
__Hsivt_lo               sivt_lo      000000
__Hsmallconst            smallconst   00063E
__Hspace_0               (abs)        00285C
__Hspace_1               (abs)        0000E3
__Hspace_2               (abs)        000000
__Hspace_4               (abs)        60000E
__Hstack                 stack        000000
__Hstruct                struct       000000
__Htemp                  temp         000000
__Htext                  text         000000
__Htext0                 text0        000000
__Htext1                 text1        000000
__Htext10                text10       000000
__Htext11                text11       000000
__Htext12                text12       000000
__Htext13                text13       000000
__Htext14                text14       000000
__Htext15                text15       000000
__Htext16                text16       000000
__Htext17                text17       000000
__Htext18                text18       000000
__Htext2                 text2        000000
__Htext3                 text3        000000
__Htext4                 text4        000000
__Htext5                 text5        000000
__Htext6                 text6        000000
__Htext7                 text7        000000
__Htext8                 text8        000000
__Htext9                 text9        000000
__LRAM                   (abs)        000001
__L__absolute__          __absolute__ 000000
__Labs1                  abs1         000000
__Lbank0                 bank0        000000
__Lbank1                 bank1        000000
__Lbank2                 bank2        000000
__Lbank3                 bank3        000000
__Lbank4                 bank4        000000
__Lbank5                 bank5        000000
__Lbigbss                bigbss       000000
__Lbigdata               bigdata      000000
__Lbigram                bigram       000000
__Lbigsfr                bigsfr       000000
__Lbss                   bss          000000
__LbssBANK0              bssBANK0     000000
__Lcinit                 cinit        000000
__Lclrtext               clrtext      000000
__Lcomram                comram       000000
__Lconfig                config       000000
__Lconst                 const        000000
__LcstackBANK0           cstackBANK0  000000
__LcstackCOMRAM          cstackCOMRAM 000000
__Ldata                  data         000000
__Leeprom_data           eeprom_data  000000
__Lfarbss                farbss       000000
__Lfardata               fardata      000000
__Lheap                  heap         000000
__Libigdata              ibigdata     000000
__Lidata                 idata        000000
__Lidloc                 idloc        000000
__Lifardata              ifardata     000000
__Linit                  init         000000
__Lintcode               intcode      000000
__Lintcode_body          intcode_body 000000
__Lintcodelo             intcodelo    000000
__Lintentry              intentry     000000
__Lintret                intret       000000
__Lintsave_regs          intsave_regs 000000
__Lirdata                irdata       000000
__Lmediumconst           mediumconst  000000
__LnvFARRAM              nvFARRAM     000000
__Lnvbit                 nvbit        000000
__Lnvrram                nvrram       000000
__Lparam                 rparam       000000
__Lpowerup               powerup      000000
__Lram                   ram          000000
__Lramtop                ramtop       000600
__Lrbit                  rbit         000000
__Lrbss                  rbss         000000
__Lrdata                 rdata        000000
__Lreset_vec             reset_vec    000000
__Lrparam                rparam       000000
__Lsfr                   sfr          000000
__Lsivt_hi               sivt_hi      000000
__Lsivt_lo               sivt_lo      000000
__Lsmallconst            smallconst   000600
__Lspace_0               (abs)        000000
__Lspace_1               (abs)        000000
__Lspace_2               (abs)        000000
__Lspace_4               (abs)        000000
__Lstack                 stack        000000
__Lstruct                struct       000000
__Ltemp                  temp         000000
__Ltext                  text         000000
__Ltext0                 text0        000000
__Ltext1                 text1        000000
__Ltext10                text10       000000
__Ltext11                text11       000000
__Ltext12                text12       000000
__Ltext13                text13       000000
__Ltext14                text14       000000
__Ltext15                text15       000000
__Ltext16                text16       000000
__Ltext17                text17       000000
__Ltext18                text18       000000
__Ltext2                 text2        000000
__Ltext3                 text3        000000
__Ltext4                 text4        000000
__Ltext5                 text5        000000
__Ltext6                 text6        000000
__Ltext7                 text7        000000
__Ltext8                 text8        000000
__Ltext9                 text9        000000
__S0                     (abs)        00285C
__S1                     (abs)        0000E3
__S4                     (abs)        000000
__S5                     (abs)        000000
___fladd                 text10       001368
___fladd@a               cstackCOMRAM 00002C
___fladd@aexp            cstackCOMRAM 000035
___fladd@b               cstackCOMRAM 000028
___fladd@bexp            cstackCOMRAM 000036
___fladd@grs             cstackCOMRAM 000037
___fladd@signs           cstackCOMRAM 000034
___fldiv                 text13       001C44
___fldiv@a               cstackCOMRAM 00003C
___fldiv@aexp            cstackCOMRAM 000050
___fldiv@b               cstackCOMRAM 000038
___fldiv@bexp            cstackCOMRAM 00004F
___fldiv@grs             cstackCOMRAM 00004B
___fldiv@new_exp         cstackCOMRAM 000049
___fldiv@rem             cstackCOMRAM 000044
___fldiv@sign            cstackCOMRAM 000048
___flge                  text2        002440
___flge@ff1              cstackCOMRAM 000001
___flge@ff2              cstackCOMRAM 000005
___flmul                 text12       00181E
___flmul@a               cstackCOMRAM 000013
___flmul@aexp            cstackCOMRAM 000020
___flmul@b               cstackCOMRAM 00000F
___flmul@bexp            cstackCOMRAM 000021
___flmul@grs             cstackCOMRAM 00001C
___flmul@prod            cstackCOMRAM 000022
___flmul@sign            cstackCOMRAM 00001B
___flmul@temp            cstackCOMRAM 000026
___flneg                 text11       002784
___flneg@f1              cstackCOMRAM 000001
___flsub                 text9        002700
___flsub@a               cstackCOMRAM 00003C
___flsub@b               cstackCOMRAM 000038
___fpclassifyf           text8        002544
___fpclassifyf@F465      bssBANK0     0000DB
___fpclassifyf@e         cstackCOMRAM 000009
___fpclassifyf@u         cstackCOMRAM 00000B
___fpclassifyf@x         cstackCOMRAM 000001
___heap_hi               (abs)        000000
___heap_lo               (abs)        000000
___inthi_sp              stack        000000
___inthi_stack_hi        stack        000000
___inthi_stack_lo        stack        000000
___intlo_sp              stack        000000
___intlo_stack_hi        stack        000000
___intlo_stack_lo        stack        000000
___param_bank            (abs)        000000
___rparam_used           (abs)        000001
___sp                    stack        000000
___stack_hi              stack        000000
___stack_lo              stack        000000
___xxtofl                text14       001FD4
___xxtofl@arg            cstackCOMRAM 00000B
___xxtofl@exp            cstackCOMRAM 00000A
___xxtofl@sign           cstackCOMRAM 000009
___xxtofl@val            cstackCOMRAM 000001
__accesstop              (abs)        000080
__activetblptr           (abs)        000002
__end_of_Calibration     text4        002440
__end_of_I2C_Init        text3        00285C
__end_of_I2C_Read        text18       002784
__end_of_I2C_Start       text17       00284E
__end_of_I2C_Stop        text16       00283C
__end_of_I2C_Write       text15       002814
__end_of___fladd         text10       00181E
__end_of___fldiv         text13       001FD4
__end_of___flge          text2        002544
__end_of___flmul         text12       001C44
__end_of___flneg         text11       0027BC
__end_of___flsub         text9        002746
__end_of___fpclassifyf   text8        002642
__end_of___xxtofl        text14       002188
__end_of__initialization cinit        002820
__end_of_aT0             smallconst   000635
__end_of_aT1             smallconst   000631
__end_of_aT2             smallconst   00062D
__end_of_aT3             smallconst   000629
__end_of_aT4             smallconst   000625
__end_of_atan2f          text5        001368
__end_of_atanf           text6        000DAC
__end_of_atanhi          smallconst   000621
__end_of_atanlo          smallconst   000611
__end_of_calculate_angle text1        002700
__end_of_fabsf           text7        0027F0
__end_of_main            text0        002318
__end_of_pi              smallconst   00063D
__end_of_pi_lo           smallconst   000639
__initialization         cinit        002814
__mediumconst            mediumconst  000000
__pbssBANK0              bssBANK0     0000D7
__pcinit                 cinit        002814
__pcstackBANK0           cstackBANK0  000080
__pcstackCOMRAM          cstackCOMRAM 000001
__psmallconst            smallconst   000600
__ptext0                 text0        002188
__ptext1                 text1        002642
__ptext10                text10       001368
__ptext11                text11       002784
__ptext12                text12       00181E
__ptext13                text13       001C44
__ptext14                text14       001FD4
__ptext15                text15       0027F0
__ptext16                text16       00282A
__ptext17                text17       00283C
__ptext18                text18       002746
__ptext2                 text2        002440
__ptext3                 text3        00284E
__ptext4                 text4        002318
__ptext5                 text5        000DAC
__ptext6                 text6        00063E
__ptext7                 text7        0027BC
__ptext8                 text8        002544
__ptext9                 text9        002700
__ramtop                 ramtop       000600
__smallconst             smallconst   000600
_atan2f                  text5        000DAC
_atan2f$843              cstackBANK0  0000AA
_atan2f$844              cstackBANK0  0000AE
_atan2f$845              cstackBANK0  0000B2
_atanf                   text6        00063E
_atanf$846               cstackBANK0  000094
_atanf$847               cstackBANK0  000080
_atanf$848               cstackBANK0  000098
_atanf$849               cstackBANK0  000084
_atanf$850               cstackBANK0  000088
_atanhi                  smallconst   000611
_atanlo                  smallconst   000601
_calculate_angle         text1        002642
_calculate_angle$841     cstackCOMRAM 00006E
_fabsf                   text7        0027BC
_main                    text0        002188
_main$840                cstackBANK0  0000C7
_pitch_offset            bssBANK0     0000DF
atan2f@ix                cstackBANK0  0000BA
atan2f@iy                cstackBANK0  0000BE
atan2f@m                 cstackBANK0  0000C2
atan2f@x                 cstackCOMRAM 000062
atan2f@y                 cstackCOMRAM 00005E
atan2f@z                 cstackBANK0  0000B6
atanf@id                 cstackBANK0  0000A1
atanf@ix                 cstackBANK0  0000A6
atanf@s1                 cstackBANK0  00008C
atanf@s2                 cstackBANK0  000090
atanf@sign               cstackBANK0  00009C
atanf@w                  cstackBANK0  00009D
atanf@x                  cstackCOMRAM 000059
atanf@z                  cstackBANK0  0000A2
calculate_angle@accX     cstackBANK0  0000C3
calculate_angle@accZ     cstackBANK0  0000C5
end_of_initialization    cinit        002820
fabsf@F465               bssBANK0     0000D7
fabsf@u                  cstackCOMRAM 000055
fabsf@x                  cstackCOMRAM 000051
intlevel0                text         000000
intlevel1                text         000000
intlevel2                text         000000
intlevel3                text         000000
isa$std                  (abs)        000001
isa$xinst                (abs)        000000
main@accX                cstackBANK0  0000CB
main@accX_high           cstackBANK0  0000CF
main@accX_low            cstackBANK0  0000D0
main@accZ                cstackBANK0  0000CD
main@accZ_high           cstackBANK0  0000D1
main@accZ_low            cstackBANK0  0000D2
main@angle               cstackBANK0  0000D3
stackhi                  (abs)        000000
stacklo                  (abs)        000000
start                    init         000000
start_initialization     cinit        002814


MODULE INFORMATION

Module		Function		Class		Link	Load	Size
C:\Program Files\Microchip\xc8\v2.50\pic\sources\c99\common\flneg.c
		___flneg       		CODE           	2784	0000	56

C:\Program Files\Microchip\xc8\v2.50\pic\sources\c99\common\flneg.c estimated size: 56

C:\Program Files\Microchip\xc8\v2.50\pic\sources\c99\common\fabsf.c
		_fabsf         		CODE           	27BC	0000	52

C:\Program Files\Microchip\xc8\v2.50\pic\sources\c99\common\fabsf.c estimated size: 52

C:\Program Files\Microchip\xc8\v2.50\pic\sources\c99\common\atanf.c
		_atanf         		CODE           	063E	0000	1902

C:\Program Files\Microchip\xc8\v2.50\pic\sources\c99\common\atanf.c estimated size: 1902

C:\Program Files\Microchip\xc8\v2.50\pic\sources\c99\common\sprcmul.c
		___flmul       		CODE           	181E	0000	1062

C:\Program Files\Microchip\xc8\v2.50\pic\sources\c99\common\sprcmul.c estimated size: 1062

C:\Program Files\Microchip\xc8\v2.50\pic\sources\c99\common\sprcdiv.c
		___fldiv       		CODE           	1C44	0000	912

C:\Program Files\Microchip\xc8\v2.50\pic\sources\c99\common\sprcdiv.c estimated size: 912

C:\Program Files\Microchip\xc8\v2.50\pic\sources\c99\common\xxtofl.c
		___xxtofl      		CODE           	1FD4	0000	436

C:\Program Files\Microchip\xc8\v2.50\pic\sources\c99\common\xxtofl.c estimated size: 436

C:\Program Files\Microchip\xc8\v2.50\pic\sources\c99\common\__fpclassifyf.c
		___fpclassifyf 		CODE           	2544	0000	254

C:\Program Files\Microchip\xc8\v2.50\pic\sources\c99\common\__fpclassifyf.c estimated size: 254

C:\Program Files\Microchip\xc8\v2.50\pic\sources\c99\common\sprcadd.c
		___flsub       		CODE           	2700	0000	70
		___fladd       		CODE           	1368	0000	1206

C:\Program Files\Microchip\xc8\v2.50\pic\sources\c99\common\sprcadd.c estimated size: 1276

shared
		_aT1           		SMALLCONST     	0000	0000	0
		_aT2           		SMALLCONST     	0000	0000	0
		_aT3           		SMALLCONST     	0000	0000	0
		_aT4           		SMALLCONST     	0000	0000	0
		_atanhi        		SMALLCONST     	0611	0000	16
		__initialization		CODE           	2814	0000	12
		_pi            		SMALLCONST     	0000	0000	0
		_aT0           		SMALLCONST     	0000	0000	0
		_pi_lo         		SMALLCONST     	0000	0000	0
		_atanlo        		SMALLCONST     	0601	0000	16

shared estimated size: 44

C:\Program Files\Microchip\xc8\v2.50\pic\sources\c99\common\atan2f.c
		_atan2f        		CODE           	0DAC	0000	1468

C:\Program Files\Microchip\xc8\v2.50\pic\sources\c99\common\atan2f.c estimated size: 1468

main.c
		_main          		CODE           	2188	0000	400
		_Calibration   		CODE           	2318	0000	296
		_I2C_Write     		CODE           	27F0	0000	36
		_I2C_Stop      		CODE           	282A	0000	18
		_I2C_Read      		CODE           	2746	0000	62
		_I2C_Init      		CODE           	284E	0000	14
		_I2C_Start     		CODE           	283C	0000	18
		_calculate_angle		CODE           	2642	0000	190

main.c estimated size: 1034

C:\Program Files\Microchip\xc8\v2.50\pic\sources\c99\common\flge.c
		___flge        		CODE           	2440	0000	260

C:\Program Files\Microchip\xc8\v2.50\pic\sources\c99\common\flge.c estimated size: 260

