Microchip MPLAB XC8 Compiler V2.50

Linker command line:

-W-3 \
  --edf=C:\Program Files\Microchip\xc8\v2.50\pic\dat\20240725155939_en.msgs \
  -cn -h+dist/default/debug\final_project_Gyroscope.X.debug.sym \
  --cmf=dist/default/debug\final_project_Gyroscope.X.debug.cmf -z -Q18F4520 \
  -oC:\Users\RONALD~1\AppData\Local\Temp\xcAsed4.\driver_tmp_3.o \
  --defsym=__MPLAB_BUILD=1 --fixupoverflow=error \
  -Mdist/default/debug/final_project_Gyroscope.X.debug.map \
  --md=C:\Users\RONALD~1\AppData\Local\Temp\xcAsed4.\driver_tmp_0.dat -E1 \
  -ver=XC8 Compiler --acfsm=1493 -ACODE=00h-07DBFh -ACONST=00h-07DBFh \
  -ASMALLCONST=0600h-06FFhx119,07D00h-07DBFh -AMEDIUMCONST=0600h-07DBFh \
  -ACOMRAM=01h-07Fh -AABS1=00h-05F3h -ABIGRAM=01h-05F3h \
  -ARAM=080h-0FFh,0100h-01FFhx4,0500h-05F3h -ABANK0=080h-0FFh \
  -ABANK1=0100h-01FFh -ABANK2=0200h-02FFh -ABANK3=0300h-03FFh \
  -ABANK4=0400h-04FFh -ABANK5=0500h-05F3h \
  -ASFR=0F80h-0F9Bh,0F9Dh-0FD3h,0FD5h-0FDAh,0FE0h-0FE2h,0FE8h-0FEAh,0FF0h-0FFCh \
  -ABIGSFR=0F80h-0F9Bh,0F9Dh-0FD3h,0FD5h-0FDAh,0FE0h-0FE2h,0FE8h-0FEAh,0FF0h-0FFCh \
  -ACONFIG=0300000h-030000Dh -AIDLOC=0200000h-0200007h \
  -AEEDATA=0F00000h-0F000FFh -peeprom_data=EEDATA \
  -preset_vec=00h,intcode,sivt_hi,intcodelo,sivt_lo,powerup,init \
  -pramtop=0600h -psmallconst=SMALLCONST -pmediumconst=MEDIUMCONST \
  -pconst=CONST -AFARRAM=00h-00h \
  -prdata=COMRAM,nvrram=COMRAM,nvbit=COMRAM,rbss=COMRAM,rbit=COMRAM \
  -pfarbss=FARRAM,fardata=FARRAM,nvFARRAM=FARRAM \
  -pintsave_regs=BIGRAM,bigbss=BIGRAM,bigdata=BIGRAM -pbss=RAM \
  -pidata=CODE,irdata=CODE,ibigdata=CODE,ifardata=CODE -prparam=COMRAM \
  C:\Users\RONALD~1\AppData\Local\Temp\xcAsed4.\driver_tmp_9.o \
  dist/default/debug\final_project_Gyroscope.X.debug.o 

Object code version is 3.11

Machine type is 18F4520



                Name                               Link     Load   Length Selector   Space Scale
C:\Users\RONALD~1\AppData\Local\Temp\xcAsed4.\driver_tmp_9.o
                idloc                            200000   200000        8        0       5
                config                           300000   300000        E        0       4
                init                                  0        0        4        0       0
dist/default/debug\final_project_Gyroscope.X.debug.o
                idloc                            200000   200000        8        0       5
                config                           300000   300000        E        0       4
                smallconst                          600      600       3E      300       0
                text19                             2BFA     2BFA       3E      31F       0
                text18                             2CFA     2CFA       12      31F       0
                text17                             2CE8     2CE8       12      31F       0
                text16                             2CA4     2CA4       24      31F       0
                text15                             259C     259C      1B4      31F       0
                text14                             2022     2022      390      31F       0
                text13                             181E     181E      426      31F       0
                text12                             2C38     2C38       38      31F       0
                text11                             1368     1368      4B6      31F       0
                text10                             2BB4     2BB4       46      31F       0
                text9                              29EA     29EA       FE      31F       0
                text8                              2C70     2C70       34      31F       0
                text7                               63E      63E      76E      31F       0
                text6                               DAC      DAC      5BC      31F       0
                text5                              1C44     1C44      3DE      31F       0
                text4                              2750     2750      196      31F       0
                text3                              2AE8     2AE8       CC      31F       0
                text2                              2D0C     2D0C        E      31F       0
                text1                              28E6     28E6      104      31F       0
                text0                              23B2     23B2      1EA      31F       0
                cstackCOMRAM                          1        1       7E        1       1
                cstackBANK0                          80       80       75       80       1
                cstackBANK1                         100      100       14      100       1
                bssBANK1                            114      114        4      100       1
                bssBANK0                             F5       F5        A       80       1
                cinit                              2CC8     2CC8       20      31F       0

TOTAL           Name                               Link     Load   Length     Space
        CLASS   CODE           
                init                                  0        0        4         0
                text19                             2BFA     2BFA       3E         0
                text18                             2CFA     2CFA       12         0
                text17                             2CE8     2CE8       12         0
                text16                             2CA4     2CA4       24         0
                text15                             259C     259C      1B4         0
                text14                             2022     2022      390         0
                text13                             181E     181E      426         0
                text12                             2C38     2C38       38         0
                text11                             1368     1368      4B6         0
                text10                             2BB4     2BB4       46         0
                text9                              29EA     29EA       FE         0
                text8                              2C70     2C70       34         0
                text7                               63E      63E      76E         0
                text6                               DAC      DAC      5BC         0
                text5                              1C44     1C44      3DE         0
                text4                              2750     2750      196         0
                text3                              2AE8     2AE8       CC         0
                text2                              2D0C     2D0C        E         0
                text1                              28E6     28E6      104         0
                text0                              23B2     23B2      1EA         0
                cinit                              2CC8     2CC8       20         0

        CLASS   CONST          

        CLASS   SMALLCONST     
                smallconst                          600      600       3E         0

        CLASS   MEDIUMCONST    

        CLASS   COMRAM         
                cstackCOMRAM                          1        1       7E         1

        CLASS   ABS1           

        CLASS   BIGRAM         

        CLASS   RAM            

        CLASS   BANK0          
                cstackBANK0                          80       80       75         1
                bssBANK0                             F5       F5        A         1

        CLASS   BANK1          
                cstackBANK1                         100      100       14         1
                bssBANK1                            114      114        4         1

        CLASS   BANK2          

        CLASS   BANK3          

        CLASS   BANK4          

        CLASS   BANK5          

        CLASS   SFR            

        CLASS   BIGSFR         

        CLASS   CONFIG         
                config                           300000   300000        E         4

        CLASS   IDLOC          
                idloc                            200000   200000        8         5

        CLASS   EEDATA         

        CLASS   FARRAM         

        CLASS   HEAP           

        CLASS   STACK          



SEGMENTS        Name                           Load    Length   Top    Selector   Space  Class

                reset_vec                      000000  000004  000004         0       0  CODE    
                cstackCOMRAM                   000001  00007E  00007F         1       1  COMRAM  
                cstackBANK0                    000080  00007F  0000FF        80       1  BANK0   
                cstackBANK1                    000100  000018  000118       100       1  BANK1   
                smallconst                     000600  00003E  00063E       300       0  SMALLCON
                text7                          00063E  0026DC  002D1A       31F       0  CODE    


UNUSED ADDRESS RANGES

        Name                Unused          Largest block    Delta
        BANK0            0000FF-0000FF                1
        BANK1            000118-0001FF               E8
        BANK2            000200-0002FF              100
        BANK3            000300-0003FF              100
        BANK4            000400-0004FF              100
        BANK5            000500-0005F3               F4
        BIGRAM           00007F-00007F                1
                         0000FF-0000FF                1
                         000118-0005F3              4DC
        BIGSFR           000F80-000F9B               1C
                         000F9D-000FD3               37
                         000FD5-000FDA                6
                         000FE0-000FE2                3
                         000FE8-000FEA                3
                         000FF0-000FFC                D
        CODE             000004-0005FF              5FC
                         002D1A-007DBF             50A6
        COMRAM           00007F-00007F                1
        CONST            000004-0005FF              5FC
                         002D1A-007DBF             50A6
        EEDATA           F00000-F000FF              100
        MEDIUMCONST      002D1A-007DBF             50A6
        RAM              0000FF-0000FF                1
                         000118-0005F3              100
        SFR              000F80-000F9B               1C
                         000F9D-000FD3               37
                         000FD5-000FDA                6
                         000FE0-000FE2                3
                         000FE8-000FEA                3
                         000FF0-000FFC                D
        SMALLCONST       002D1A-007DBF              100

                                  Symbol Table

?___fladd                cstackCOMRAM 000028
?___fldiv                cstackCOMRAM 00005D
?___flmul                cstackCOMRAM 00000F
?___flneg                cstackCOMRAM 000001
?___flsub                cstackCOMRAM 000038
?___fpclassifyf          cstackCOMRAM 000001
?___xxtofl               cstackCOMRAM 000001
?_atan2f                 cstackBANK0  0000AE
?_atanf                  cstackBANK0  000080
?_calculate_angle        cstackBANK0  0000D7
?_fabsf                  cstackCOMRAM 000076
?_sqrtf                  cstackCOMRAM 000038
Calibration@accX         cstackBANK0  0000E7
Calibration@accX_high    cstackBANK0  0000ED
Calibration@accX_low     cstackBANK0  0000EE
Calibration@accY         cstackBANK0  0000E9
Calibration@accY_high    cstackBANK0  0000EF
Calibration@accY_low     cstackBANK0  0000F0
Calibration@accZ         cstackBANK0  0000EB
Calibration@accZ_high    cstackBANK0  0000F1
Calibration@accZ_low     cstackBANK0  0000F2
I2C_Read@ack             cstackCOMRAM 000001
I2C_Read@data            cstackCOMRAM 000002
I2C_Write@data           cstackCOMRAM 000001
_ACKDT                   (abs)        007E2D
_ACKEN                   (abs)        007E2C
_ADCON1                  (abs)        000FC1
_BF                      (abs)        007E38
_Calibration             text3        002AE8
_I2C_Init                text2        002D0C
_I2C_Read                text19       002BFA
_I2C_Start               text18       002CFA
_I2C_Stop                text17       002CE8
_I2C_Write               text16       002CA4
_LATA                    (abs)        000F89
_OSCCON                  (abs)        000FD3
_PEN                     (abs)        007E2A
_RCEN                    (abs)        007E2B
_SEN                     (abs)        007E28
_SSPADD                  (abs)        000FC8
_SSPBUF                  (abs)        000FC9
_SSPCON1                 (abs)        000FC6
_SSPCON2                 (abs)        000FC5
_SSPCON2bits             (abs)        000FC5
_SSPSTAT                 (abs)        000FC7
_TRISA                   (abs)        000F92
__HRAM                   (abs)        000000
__H__absolute__          __absolute__ 000000
__Habs1                  abs1         000000
__Hbank0                 bank0        000000
__Hbank1                 bank1        000000
__Hbank2                 bank2        000000
__Hbank3                 bank3        000000
__Hbank4                 bank4        000000
__Hbank5                 bank5        000000
__Hbigbss                bigbss       000000
__Hbigdata               bigdata      000000
__Hbigram                bigram       000000
__Hbigsfr                bigsfr       000000
__Hbss                   bss          000000
__HbssBANK0              bssBANK0     000000
__HbssBANK1              bssBANK1     000000
__Hcinit                 cinit        000000
__Hclrtext               clrtext      000000
__Hcomram                comram       000000
__Hconfig                config       30000E
__Hconst                 const        000000
__HcstackBANK0           cstackBANK0  000000
__HcstackBANK1           cstackBANK1  000000
__HcstackCOMRAM          cstackCOMRAM 000000
__Hdata                  data         000000
__Heeprom_data           eeprom_data  000000
__Hfarbss                farbss       000000
__Hfardata               fardata      000000
__Hheap                  heap         000000
__Hibigdata              ibigdata     000000
__Hidata                 idata        000000
__Hidloc                 idloc        200008
__Hifardata              ifardata     000000
__Hinit                  init         000004
__Hintcode               intcode      000000
__Hintcode_body          intcode_body 000000
__Hintcodelo             intcodelo    000000
__Hintentry              intentry     000000
__Hintret                intret       000000
__Hintsave_regs          intsave_regs 000000
__Hirdata                irdata       000000
__Hmediumconst           mediumconst  000000
__HnvFARRAM              nvFARRAM     000000
__Hnvbit                 nvbit        000000
__Hnvrram                nvrram       000000
__Hparam                 rparam       000000
__Hpowerup               powerup      000000
__Hram                   ram          000000
__Hramtop                ramtop       000600
__Hrbit                  rbit         000000
__Hrbss                  rbss         000000
__Hrdata                 rdata        000000
__Hreset_vec             reset_vec    000000
__Hrparam                rparam       000000
__Hsfr                   sfr          000000
__Hsivt_hi               sivt_hi      000000
__Hsivt_lo               sivt_lo      000000
__Hsmallconst            smallconst   00063E
__Hspace_0               (abs)        002D1A
__Hspace_1               (abs)        000118
__Hspace_2               (abs)        000000
__Hspace_4               (abs)        60000E
__Hstack                 stack        000000
__Hstruct                struct       000000
__Htemp                  temp         000000
__Htext                  text         000000
__Htext0                 text0        000000
__Htext1                 text1        000000
__Htext10                text10       000000
__Htext11                text11       000000
__Htext12                text12       000000
__Htext13                text13       000000
__Htext14                text14       000000
__Htext15                text15       000000
__Htext16                text16       000000
__Htext17                text17       000000
__Htext18                text18       000000
__Htext19                text19       000000
__Htext2                 text2        000000
__Htext3                 text3        000000
__Htext4                 text4        000000
__Htext5                 text5        000000
__Htext6                 text6        000000
__Htext7                 text7        000000
__Htext8                 text8        000000
__Htext9                 text9        000000
__LRAM                   (abs)        000001
__L__absolute__          __absolute__ 000000
__Labs1                  abs1         000000
__Lbank0                 bank0        000000
__Lbank1                 bank1        000000
__Lbank2                 bank2        000000
__Lbank3                 bank3        000000
__Lbank4                 bank4        000000
__Lbank5                 bank5        000000
__Lbigbss                bigbss       000000
__Lbigdata               bigdata      000000
__Lbigram                bigram       000000
__Lbigsfr                bigsfr       000000
__Lbss                   bss          000000
__LbssBANK0              bssBANK0     000000
__LbssBANK1              bssBANK1     000000
__Lcinit                 cinit        000000
__Lclrtext               clrtext      000000
__Lcomram                comram       000000
__Lconfig                config       000000
__Lconst                 const        000000
__LcstackBANK0           cstackBANK0  000000
__LcstackBANK1           cstackBANK1  000000
__LcstackCOMRAM          cstackCOMRAM 000000
__Ldata                  data         000000
__Leeprom_data           eeprom_data  000000
__Lfarbss                farbss       000000
__Lfardata               fardata      000000
__Lheap                  heap         000000
__Libigdata              ibigdata     000000
__Lidata                 idata        000000
__Lidloc                 idloc        000000
__Lifardata              ifardata     000000
__Linit                  init         000000
__Lintcode               intcode      000000
__Lintcode_body          intcode_body 000000
__Lintcodelo             intcodelo    000000
__Lintentry              intentry     000000
__Lintret                intret       000000
__Lintsave_regs          intsave_regs 000000
__Lirdata                irdata       000000
__Lmediumconst           mediumconst  000000
__LnvFARRAM              nvFARRAM     000000
__Lnvbit                 nvbit        000000
__Lnvrram                nvrram       000000
__Lparam                 rparam       000000
__Lpowerup               powerup      000000
__Lram                   ram          000000
__Lramtop                ramtop       000600
__Lrbit                  rbit         000000
__Lrbss                  rbss         000000
__Lrdata                 rdata        000000
__Lreset_vec             reset_vec    000000
__Lrparam                rparam       000000
__Lsfr                   sfr          000000
__Lsivt_hi               sivt_hi      000000
__Lsivt_lo               sivt_lo      000000
__Lsmallconst            smallconst   000600
__Lspace_0               (abs)        000000
__Lspace_1               (abs)        000000
__Lspace_2               (abs)        000000
__Lspace_4               (abs)        000000
__Lstack                 stack        000000
__Lstruct                struct       000000
__Ltemp                  temp         000000
__Ltext                  text         000000
__Ltext0                 text0        000000
__Ltext1                 text1        000000
__Ltext10                text10       000000
__Ltext11                text11       000000
__Ltext12                text12       000000
__Ltext13                text13       000000
__Ltext14                text14       000000
__Ltext15                text15       000000
__Ltext16                text16       000000
__Ltext17                text17       000000
__Ltext18                text18       000000
__Ltext19                text19       000000
__Ltext2                 text2        000000
__Ltext3                 text3        000000
__Ltext4                 text4        000000
__Ltext5                 text5        000000
__Ltext6                 text6        000000
__Ltext7                 text7        000000
__Ltext8                 text8        000000
__Ltext9                 text9        000000
__S0                     (abs)        002D1A
__S1                     (abs)        000118
__S4                     (abs)        000000
__S5                     (abs)        000000
___fladd                 text11       001368
___fladd@a               cstackCOMRAM 00002C
___fladd@aexp            cstackCOMRAM 000035
___fladd@b               cstackCOMRAM 000028
___fladd@bexp            cstackCOMRAM 000036
___fladd@grs             cstackCOMRAM 000037
___fladd@signs           cstackCOMRAM 000034
___fldiv                 text14       002022
___fldiv@a               cstackCOMRAM 000061
___fldiv@aexp            cstackCOMRAM 000075
___fldiv@b               cstackCOMRAM 00005D
___fldiv@bexp            cstackCOMRAM 000074
___fldiv@grs             cstackCOMRAM 000070
___fldiv@new_exp         cstackCOMRAM 00006E
___fldiv@rem             cstackCOMRAM 000069
___fldiv@sign            cstackCOMRAM 00006D
___flge                  text1        0028E6
___flge@ff1              cstackCOMRAM 000001
___flge@ff2              cstackCOMRAM 000005
___flmul                 text13       00181E
___flmul@a               cstackCOMRAM 000013
___flmul@aexp            cstackCOMRAM 000020
___flmul@b               cstackCOMRAM 00000F
___flmul@bexp            cstackCOMRAM 000021
___flmul@grs             cstackCOMRAM 00001C
___flmul@prod            cstackCOMRAM 000022
___flmul@sign            cstackCOMRAM 00001B
___flmul@temp            cstackCOMRAM 000026
___flneg                 text12       002C38
___flneg@f1              cstackCOMRAM 000001
___flsub                 text10       002BB4
___flsub@a               cstackCOMRAM 00003C
___flsub@b               cstackCOMRAM 000038
___fpclassifyf           text9        0029EA
___fpclassifyf@F465      bssBANK0     0000F9
___fpclassifyf@e         cstackCOMRAM 000009
___fpclassifyf@u         cstackCOMRAM 00000B
___fpclassifyf@x         cstackCOMRAM 000001
___heap_hi               (abs)        000000
___heap_lo               (abs)        000000
___inthi_sp              stack        000000
___inthi_stack_hi        stack        000000
___inthi_stack_lo        stack        000000
___intlo_sp              stack        000000
___intlo_stack_hi        stack        000000
___intlo_stack_lo        stack        000000
___param_bank            (abs)        000000
___rparam_used           (abs)        000001
___sp                    stack        000000
___stack_hi              stack        000000
___stack_lo              stack        000000
___xxtofl                text15       00259C
___xxtofl@arg            cstackCOMRAM 00000B
___xxtofl@exp            cstackCOMRAM 00000A
___xxtofl@sign           cstackCOMRAM 000009
___xxtofl@val            cstackCOMRAM 000001
__accesstop              (abs)        000080
__activetblptr           (abs)        000002
__end_of_Calibration     text3        002BB4
__end_of_I2C_Init        text2        002D1A
__end_of_I2C_Read        text19       002C38
__end_of_I2C_Start       text18       002D0C
__end_of_I2C_Stop        text17       002CFA
__end_of_I2C_Write       text16       002CC8
__end_of___fladd         text11       00181E
__end_of___fldiv         text14       0023B2
__end_of___flge          text1        0029EA
__end_of___flmul         text13       001C44
__end_of___flneg         text12       002C70
__end_of___flsub         text10       002BFA
__end_of___fpclassifyf   text9        002AE8
__end_of___xxtofl        text15       002750
__end_of__initialization cinit        002CDE
__end_of_aT0             smallconst   000635
__end_of_aT1             smallconst   000631
__end_of_aT2             smallconst   00062D
__end_of_aT3             smallconst   000629
__end_of_aT4             smallconst   000625
__end_of_atan2f          text6        001368
__end_of_atanf           text7        000DAC
__end_of_atanhi          smallconst   000621
__end_of_atanlo          smallconst   000611
__end_of_calculate_angle text4        0028E6
__end_of_fabsf           text8        002CA4
__end_of_main            text0        00259C
__end_of_pi              smallconst   00063D
__end_of_pi_lo           smallconst   000639
__end_of_sqrtf           text5        002022
__initialization         cinit        002CC8
__mediumconst            mediumconst  000000
__pbssBANK0              bssBANK0     0000F5
__pbssBANK1              bssBANK1     000114
__pcinit                 cinit        002CC8
__pcstackBANK0           cstackBANK0  000080
__pcstackBANK1           cstackBANK1  000100
__pcstackCOMRAM          cstackCOMRAM 000001
__psmallconst            smallconst   000600
__ptext0                 text0        0023B2
__ptext1                 text1        0028E6
__ptext10                text10       002BB4
__ptext11                text11       001368
__ptext12                text12       002C38
__ptext13                text13       00181E
__ptext14                text14       002022
__ptext15                text15       00259C
__ptext16                text16       002CA4
__ptext17                text17       002CE8
__ptext18                text18       002CFA
__ptext19                text19       002BFA
__ptext2                 text2        002D0C
__ptext3                 text3        002AE8
__ptext4                 text4        002750
__ptext5                 text5        001C44
__ptext6                 text6        000DAC
__ptext7                 text7        00063E
__ptext8                 text8        002C70
__ptext9                 text9        0029EA
__ramtop                 ramtop       000600
__smallconst             smallconst   000600
_atan2f                  text6        000DAC
_atan2f$874              cstackBANK0  0000BE
_atan2f$875              cstackBANK0  0000C2
_atan2f$876              cstackBANK0  0000C6
_atanf                   text7        00063E
_atanf$877               cstackBANK0  000098
_atanf$878               cstackBANK0  000084
_atanf$879               cstackBANK0  00009C
_atanf$880               cstackBANK0  000088
_atanf$881               cstackBANK0  00008C
_atanhi                  smallconst   000611
_atanlo                  smallconst   000601
_calculate_angle         text4        002750
_calculate_angle$872     cstackBANK0  0000DD
_calculate_angle$873     cstackBANK0  0000E1
_errno                   bssBANK0     0000FD
_fabsf                   text8        002C70
_main                    text0        0023B2
_main$871                cstackBANK1  000100
_pitch_offset            bssBANK1     000114
_sqrtf                   text5        001C44
atan2f@ix                cstackBANK0  0000CE
atan2f@iy                cstackBANK0  0000D2
atan2f@m                 cstackBANK0  0000D6
atan2f@x                 cstackBANK0  0000B2
atan2f@y                 cstackBANK0  0000AE
atan2f@z                 cstackBANK0  0000CA
atanf@id                 cstackBANK0  0000A5
atanf@ix                 cstackBANK0  0000AA
atanf@s1                 cstackBANK0  000090
atanf@s2                 cstackBANK0  000094
atanf@sign               cstackBANK0  0000A0
atanf@w                  cstackBANK0  0000A1
atanf@x                  cstackBANK0  000080
atanf@z                  cstackBANK0  0000A6
calculate_angle@accX     cstackBANK0  0000D7
calculate_angle@accY     cstackBANK0  0000D9
calculate_angle@accZ     cstackBANK0  0000DB
end_of_initialization    cinit        002CDE
fabsf@F465               bssBANK0     0000F5
fabsf@u                  cstackCOMRAM 00007A
fabsf@x                  cstackCOMRAM 000076
intlevel0                text         000000
intlevel1                text         000000
intlevel2                text         000000
intlevel3                text         000000
isa$std                  (abs)        000001
isa$xinst                (abs)        000000
main@accX                cstackBANK1  000104
main@accX_high           cstackBANK1  00010A
main@accX_low            cstackBANK1  00010B
main@accY                cstackBANK1  000106
main@accY_high           cstackBANK1  00010C
main@accY_low            cstackBANK1  00010D
main@accZ                cstackBANK1  000108
main@accZ_high           cstackBANK1  00010E
main@accZ_low            cstackBANK1  00010F
main@angle               cstackBANK1  000110
sqrtf@i                  cstackCOMRAM 000045
sqrtf@ix                 cstackCOMRAM 000059
sqrtf@m                  cstackCOMRAM 000051
sqrtf@q                  cstackCOMRAM 000049
sqrtf@r                  cstackCOMRAM 000055
sqrtf@s                  cstackCOMRAM 000041
sqrtf@t                  cstackCOMRAM 00004D
sqrtf@x                  cstackCOMRAM 000038
stackhi                  (abs)        000000
stacklo                  (abs)        000000
start                    init         000000
start_initialization     cinit        002CC8


MODULE INFORMATION

Module		Function		Class		Link	Load	Size
C:\Program Files\Microchip\xc8\v2.50\pic\sources\c99\common\flneg.c
		___flneg       		CODE           	2C38	0000	56

C:\Program Files\Microchip\xc8\v2.50\pic\sources\c99\common\flneg.c estimated size: 56

C:\Program Files\Microchip\xc8\v2.50\pic\sources\c99\common\fabsf.c
		_fabsf         		CODE           	2C70	0000	52

C:\Program Files\Microchip\xc8\v2.50\pic\sources\c99\common\fabsf.c estimated size: 52

C:\Program Files\Microchip\xc8\v2.50\pic\sources\c99\common\atanf.c
		_atanf         		CODE           	063E	0000	1902

C:\Program Files\Microchip\xc8\v2.50\pic\sources\c99\common\atanf.c estimated size: 1902

C:\Program Files\Microchip\xc8\v2.50\pic\sources\c99\common\sprcmul.c
		___flmul       		CODE           	181E	0000	1062

C:\Program Files\Microchip\xc8\v2.50\pic\sources\c99\common\sprcmul.c estimated size: 1062

C:\Program Files\Microchip\xc8\v2.50\pic\sources\c99\common\sprcdiv.c
		___fldiv       		CODE           	2022	0000	912

C:\Program Files\Microchip\xc8\v2.50\pic\sources\c99\common\sprcdiv.c estimated size: 912

C:\Program Files\Microchip\xc8\v2.50\pic\sources\c99\common\xxtofl.c
		___xxtofl      		CODE           	259C	0000	436

C:\Program Files\Microchip\xc8\v2.50\pic\sources\c99\common\xxtofl.c estimated size: 436

C:\Program Files\Microchip\xc8\v2.50\pic\sources\c99\common\__fpclassifyf.c
		___fpclassifyf 		CODE           	29EA	0000	254

C:\Program Files\Microchip\xc8\v2.50\pic\sources\c99\common\__fpclassifyf.c estimated size: 254

C:\Program Files\Microchip\xc8\v2.50\pic\sources\c99\common\sprcadd.c
		___flsub       		CODE           	2BB4	0000	70
		___fladd       		CODE           	1368	0000	1206

C:\Program Files\Microchip\xc8\v2.50\pic\sources\c99\common\sprcadd.c estimated size: 1276

shared
		_aT1           		SMALLCONST     	0000	0000	0
		_aT2           		SMALLCONST     	0000	0000	0
		_aT3           		SMALLCONST     	0000	0000	0
		_aT4           		SMALLCONST     	0000	0000	0
		_atanhi        		SMALLCONST     	0611	0000	16
		__initialization		CODE           	2CC8	0000	22
		_pi            		SMALLCONST     	0000	0000	0
		_aT0           		SMALLCONST     	0000	0000	0
		_pi_lo         		SMALLCONST     	0000	0000	0
		_atanlo        		SMALLCONST     	0601	0000	16

shared estimated size: 54

Gyroscope.c
		_main          		CODE           	23B2	0000	490
		_Calibration   		CODE           	2AE8	0000	204
		_I2C_Write     		CODE           	2CA4	0000	36
		_I2C_Stop      		CODE           	2CE8	0000	18
		_I2C_Read      		CODE           	2BFA	0000	62
		_I2C_Init      		CODE           	2D0C	0000	14
		_I2C_Start     		CODE           	2CFA	0000	18
		_calculate_angle		CODE           	2750	0000	406

Gyroscope.c estimated size: 1248

C:\Program Files\Microchip\xc8\v2.50\pic\sources\c99\common\sqrtf.c
		_sqrtf         		CODE           	1C44	0000	990

C:\Program Files\Microchip\xc8\v2.50\pic\sources\c99\common\sqrtf.c estimated size: 990

C:\Program Files\Microchip\xc8\v2.50\pic\sources\c99\common\atan2f.c
		_atan2f        		CODE           	0DAC	0000	1468

C:\Program Files\Microchip\xc8\v2.50\pic\sources\c99\common\atan2f.c estimated size: 1468

C:\Program Files\Microchip\xc8\v2.50\pic\sources\c99\common\flge.c
		___flge        		CODE           	28E6	0000	260

C:\Program Files\Microchip\xc8\v2.50\pic\sources\c99\common\flge.c estimated size: 260

