Microchip MPLAB XC8 Compiler V2.50

Linker command line:

-W-3 \
  --edf=C:\Program Files\Microchip\xc8\v2.50\pic\dat\20240725155939_en.msgs \
  -cn -h+dist/default/debug\BT_Client.X.debug.sym \
  --cmf=dist/default/debug\BT_Client.X.debug.cmf -z -Q18F4520 \
  -oC:\Users\RONALD~1\AppData\Local\Temp\xcBsbvc.1\driver_tmp_3.o \
  --defsym=__MPLAB_BUILD=1 --fixupoverflow=error \
  -Mdist/default/debug/BT_Client.X.debug.map \
  --md=C:\Users\RONALD~1\AppData\Local\Temp\xcBsbvc.1\driver_tmp_0.dat -E1 \
  -ver=XC8 Compiler --acfsm=1493 -ACODE=00h-07DBFh -ACONST=00h-07DBFh \
  -ASMALLCONST=0600h-06FFhx119,07D00h-07DBFh -AMEDIUMCONST=0600h-07DBFh \
  -ACOMRAM=01h-07Fh -AABS1=00h-05F3h -ABIGRAM=01h-05F3h \
  -ARAM=080h-0FFh,0100h-01FFhx4,0500h-05F3h -ABANK0=080h-0FFh \
  -ABANK1=0100h-01FFh -ABANK2=0200h-02FFh -ABANK3=0300h-03FFh \
  -ABANK4=0400h-04FFh -ABANK5=0500h-05F3h \
  -ASFR=0F80h-0F9Bh,0F9Dh-0FD3h,0FD5h-0FDAh,0FE0h-0FE2h,0FE8h-0FEAh,0FF0h-0FFCh \
  -ABIGSFR=0F80h-0F9Bh,0F9Dh-0FD3h,0FD5h-0FDAh,0FE0h-0FE2h,0FE8h-0FEAh,0FF0h-0FFCh \
  -ACONFIG=0300000h-030000Dh -AIDLOC=0200000h-0200007h \
  -AEEDATA=0F00000h-0F000FFh -peeprom_data=EEDATA \
  -preset_vec=00h,intcode=8h,intcodelo=18h,powerup,init -pramtop=0600h \
  -psmallconst=SMALLCONST -pmediumconst=MEDIUMCONST -pconst=CONST \
  -AFARRAM=00h-00h \
  -prdata=COMRAM,nvrram=COMRAM,nvbit=COMRAM,rbss=COMRAM,rbit=COMRAM \
  -pfarbss=FARRAM,fardata=FARRAM,nvFARRAM=FARRAM \
  -pintsave_regs=BIGRAM,bigbss=BIGRAM,bigdata=BIGRAM -pbss=RAM \
  -pidata=CODE,irdata=CODE,ibigdata=CODE,ifardata=CODE -prparam=COMRAM \
  C:\Users\RONALD~1\AppData\Local\Temp\xcBsbvc.1\driver_tmp_9.o \
  dist/default/debug\BT_Client.X.debug.o 

Object code version is 3.11

Machine type is 18F4520



                Name                               Link     Load   Length Selector   Space Scale
C:\Users\RONALD~1\AppData\Local\Temp\xcBsbvc.1\driver_tmp_9.o
                idloc                            200000   200000        8        0       5
                config                           300000   300000        E        0       4
                init                                378      378        4        C       0
                reset_vec                             0        0        4        0       0
dist/default/debug\BT_Client.X.debug.o
                intcodelo                            18       18      360        C       0
                intcode                               8        8        6        4       0
                idloc                            200000   200000        8        0       5
                config                           300000   300000        E        0       4
                temp                                 59       59        1        1       1
                smallconst                          600      600        6      300       0
                intcode_body                        974      974        6      303       0
                text18                              80A      80A       3C      303       0
                text17                              97E      97E        4      303       0
                text16                              934      934       16      303       0
                text15                              7C0      7C0       4A      303       0
                text14                              846      846       3A      303       0
                text13                              774      774       4C      303       0
                text12                              880      880       2E      303       0
                text10                              91C      91C       18      303       0
                text9                               96C      96C        8      303       0
                text8                               8AE      8AE       22      303       0
                text7                               95E      95E        E      303       0
                text6                               982      982        2      303       0
                text5                               97A      97A        4      303       0
                text4                               6E2      6E2       92      303       0
                text3                               94A      94A       14      303       0
                text2                               904      904       18      303       0
                text1                               8EA      8EA       1A      303       0
                text0                               606      606       DC      303       0
                cstackCOMRAM                         31       31       28        1       1
                cstackBANK0                          80       80        7       80       1
                bssCOMRAM                             1        1       30        1       1
                cinit                               8D0      8D0       1A      303       0

TOTAL           Name                               Link     Load   Length     Space
        CLASS   CODE           
                intcodelo                            18       18      360         0
                intcode                               8        8        6         0
                init                                378      378        4         0
                reset_vec                             0        0        4         0
                intcode_body                        974      974        6         0
                text18                              80A      80A       3C         0
                text17                              97E      97E        4         0
                text16                              934      934       16         0
                text15                              7C0      7C0       4A         0
                text14                              846      846       3A         0
                text13                              774      774       4C         0
                text12                              880      880       2E         0
                text10                              91C      91C       18         0
                text9                               96C      96C        8         0
                text8                               8AE      8AE       22         0
                text7                               95E      95E        E         0
                text6                               982      982        2         0
                text5                               97A      97A        4         0
                text4                               6E2      6E2       92         0
                text3                               94A      94A       14         0
                text2                               904      904       18         0
                text1                               8EA      8EA       1A         0
                text0                               606      606       DC         0
                cinit                               8D0      8D0       1A         0

        CLASS   CONST          

        CLASS   SMALLCONST     
                smallconst                          600      600        6         0

        CLASS   MEDIUMCONST    

        CLASS   COMRAM         
                temp                                 59       59        1         1
                cstackCOMRAM                         31       31       28         1
                bssCOMRAM                             1        1       30         1

        CLASS   ABS1           

        CLASS   BIGRAM         

        CLASS   RAM            

        CLASS   BANK0          
                cstackBANK0                          80       80        7         1

        CLASS   BANK1          

        CLASS   BANK2          

        CLASS   BANK3          

        CLASS   BANK4          

        CLASS   BANK5          

        CLASS   SFR            

        CLASS   BIGSFR         

        CLASS   CONFIG         
                config                           300000   300000        E         4

        CLASS   IDLOC          
                idloc                            200000   200000        8         5

        CLASS   EEDATA         

        CLASS   FARRAM         

        CLASS   HEAP           

        CLASS   STACK          



SEGMENTS        Name                           Load    Length   Top    Selector   Space  Class

                reset_vec                      000000  000004  000004         0       0  CODE    
                bssCOMRAM                      000001  000059  00005A         1       1  COMRAM  
                intcode                        000008  000006  00000E         4       0  CODE    
                intcodelo                      000018  000364  00037C         C       0  CODE    
                cstackBANK0                    000080  000007  000087        80       1  BANK0   
                smallconst                     000600  000006  000606       300       0  SMALLCON
                text0                          000606  00037E  000984       303       0  CODE    


UNUSED ADDRESS RANGES

        Name                Unused          Largest block    Delta
        BANK0            000087-0000FF               79
        BANK1            000100-0001FF              100
        BANK2            000200-0002FF              100
        BANK3            000300-0003FF              100
        BANK4            000400-0004FF              100
        BANK5            000500-0005F3               F4
        BIGRAM           00005A-00007F               26
                         000087-0005F3              56D
        BIGSFR           000F80-000F9B               1C
                         000F9D-000FD3               37
                         000FD5-000FDA                6
                         000FE0-000FE2                3
                         000FE8-000FEA                3
                         000FF0-000FFC                D
        CODE             000004-000007                4
                         00000E-000017                A
                         00037C-0005FF              284
                         000984-007DBF             743C
        COMRAM           00005A-00007F               26
        CONST            000004-000007                4
                         00000E-000017                A
                         00037C-0005FF              284
                         000984-007DBF             743C
        EEDATA           F00000-F000FF              100
        MEDIUMCONST      000984-007DBF             743C
        RAM              000087-0005F3              100
        SFR              000F80-000F9B               1C
                         000F9D-000FD3               37
                         000FD5-000FDA                6
                         000FE0-000FE2                3
                         000FE8-000FEA                3
                         000FF0-000FFC                D
        SMALLCONST       000984-007DBF              100

                                  Symbol Table

?_strlen                       cstackCOMRAM 000031
ClearBuffer@i                  cstackCOMRAM 000031
Lo_ISR@command                 cstackCOMRAM 000045
MyusartRead@receivedData       cstackCOMRAM 000036
UART_Write@data                cstackCOMRAM 000031
UART_Write_Text@i              cstackCOMRAM 000034
UART_Write_Text@text           cstackCOMRAM 000032
_ADCON0bits                    (abs)        000FC2
_ADCON1                        (abs)        000FC1
_ADCON2bits                    (abs)        000FC0
_ADFM                          (abs)        007E07
_ADRESH                        (abs)        000FC4
_ADRESL                        (abs)        000FC3
_BAUDCONbits                   (abs)        000FB8
_CCP1CON                       (abs)        000FBD
_CREN                          (abs)        007D5C
_ClearBuffer                   text18       00080A
_GetString                     text17       00097E
_Hi_ISR                        intcode      000008
_INTCONbits                    (abs)        000FF2
_INTERRUPT_Initialize          text10       00091C
_IPR1bits                      (abs)        000F9F
_IRCF0                         (abs)        007E9C
_IRCF1                         (abs)        007E9D
_IRCF2                         (abs)        007E9E
_LATA                          (abs)        000F89
_LATAbits                      (abs)        000F89
_Lo_ISR                        intcodelo    000018
_MyusartRead                   text14       000846
_OSCILLATOR_Initialize         text9        00096C
_PIE1bits                      (abs)        000F9D
_PIR1bits                      (abs)        000F9E
_PR2                           (abs)        000FCB
_RCIF                          (abs)        007CF5
_RCONbits                      (abs)        000FD0
_RCREG                         (abs)        000FAE
_RCSTAbits                     (abs)        000FAB
_SPBRG                         (abs)        000FAF
_SYSTEM_Initialize             text7        00095E
_T2CON                         (abs)        000FCA
_TRISA                         (abs)        000F92
_TRISAbits                     (abs)        000F92
_TRISCbits                     (abs)        000F94
_TXREG                         (abs)        000FAD
_TXSTAbits                     (abs)        000FAC
_UART_Initialize               text8        0008AE
_UART_Write                    text16       000934
_UART_Write_Text               text15       0007C0
__HRAM                         (abs)        000000
__H__absolute__                __absolute__ 000000
__Habs1                        abs1         000000
__Hbank0                       bank0        000000
__Hbank1                       bank1        000000
__Hbank2                       bank2        000000
__Hbank3                       bank3        000000
__Hbank4                       bank4        000000
__Hbank5                       bank5        000000
__Hbigbss                      bigbss       000000
__Hbigdata                     bigdata      000000
__Hbigram                      bigram       000000
__Hbigsfr                      bigsfr       000000
__Hbss                         bss          000000
__HbssCOMRAM                   bssCOMRAM    000000
__Hcinit                       cinit        000000
__Hclrtext                     clrtext      000000
__Hcomram                      comram       000000
__Hconfig                      config       30000E
__Hconst                       const        000000
__HcstackBANK0                 cstackBANK0  000000
__HcstackCOMRAM                cstackCOMRAM 000000
__Hdata                        data         000000
__Heeprom_data                 eeprom_data  000000
__Hfarbss                      farbss       000000
__Hfardata                     fardata      000000
__Hheap                        heap         000000
__Hibigdata                    ibigdata     000000
__Hidata                       idata        000000
__Hidloc                       idloc        200008
__Hifardata                    ifardata     000000
__Hinit                        init         00037C
__Hintcode                     intcode      00000E
__Hintcode_body                intcode_body 000000
__Hintcodelo                   intcodelo    000378
__Hintentry                    intentry     000000
__Hintret                      intret       000000
__Hintsave_regs                intsave_regs 000000
__Hirdata                      irdata       000000
__Hmediumconst                 mediumconst  000000
__HnvFARRAM                    nvFARRAM     000000
__Hnvbit                       nvbit        000000
__Hnvrram                      nvrram       000000
__Hparam                       rparam       000000
__Hpowerup                     powerup      000378
__Hram                         ram          000000
__Hramtop                      ramtop       000600
__Hrbit                        rbit         000000
__Hrbss                        rbss         000000
__Hrdata                       rdata        000000
__Hreset_vec                   reset_vec    000004
__Hrparam                      rparam       000000
__Hsfr                         sfr          000000
__Hsivt_hi                     sivt_hi      000000
__Hsivt_lo                     sivt_lo      000000
__Hsmallconst                  smallconst   000606
__Hspace_0                     (abs)        000984
__Hspace_1                     (abs)        000087
__Hspace_2                     (abs)        000000
__Hspace_4                     (abs)        60000E
__Hstack                       stack        000000
__Hstruct                      struct       000000
__Htemp                        temp         00005A
__Htext                        text         000000
__Htext0                       text0        000000
__Htext1                       text1        000000
__Htext10                      text10       000000
__Htext12                      text12       000000
__Htext13                      text13       000000
__Htext14                      text14       000000
__Htext15                      text15       000000
__Htext16                      text16       000000
__Htext17                      text17       000000
__Htext18                      text18       000000
__Htext2                       text2        000000
__Htext3                       text3        000000
__Htext4                       text4        000000
__Htext5                       text5        000000
__Htext6                       text6        000000
__Htext7                       text7        000000
__Htext8                       text8        000000
__Htext9                       text9        000000
__LRAM                         (abs)        000001
__L__absolute__                __absolute__ 000000
__Labs1                        abs1         000000
__Lbank0                       bank0        000000
__Lbank1                       bank1        000000
__Lbank2                       bank2        000000
__Lbank3                       bank3        000000
__Lbank4                       bank4        000000
__Lbank5                       bank5        000000
__Lbigbss                      bigbss       000000
__Lbigdata                     bigdata      000000
__Lbigram                      bigram       000000
__Lbigsfr                      bigsfr       000000
__Lbss                         bss          000000
__LbssCOMRAM                   bssCOMRAM    000000
__Lcinit                       cinit        000000
__Lclrtext                     clrtext      000000
__Lcomram                      comram       000000
__Lconfig                      config       000000
__Lconst                       const        000000
__LcstackBANK0                 cstackBANK0  000000
__LcstackCOMRAM                cstackCOMRAM 000000
__Ldata                        data         000000
__Leeprom_data                 eeprom_data  000000
__Lfarbss                      farbss       000000
__Lfardata                     fardata      000000
__Lheap                        heap         000000
__Libigdata                    ibigdata     000000
__Lidata                       idata        000000
__Lidloc                       idloc        000000
__Lifardata                    ifardata     000000
__Linit                        init         000378
__Lintcode                     intcode      000008
__Lintcode_body                intcode_body 000000
__Lintcodelo                   intcodelo    000018
__Lintentry                    intentry     000000
__Lintret                      intret       000000
__Lintsave_regs                intsave_regs 000000
__Lirdata                      irdata       000000
__Lmediumconst                 mediumconst  000000
__LnvFARRAM                    nvFARRAM     000000
__Lnvbit                       nvbit        000000
__Lnvrram                      nvrram       000000
__Lparam                       rparam       000000
__Lpowerup                     powerup      000378
__Lram                         ram          000000
__Lramtop                      ramtop       000600
__Lrbit                        rbit         000000
__Lrbss                        rbss         000000
__Lrdata                       rdata        000000
__Lreset_vec                   reset_vec    000000
__Lrparam                      rparam       000000
__Lsfr                         sfr          000000
__Lsivt_hi                     sivt_hi      000000
__Lsivt_lo                     sivt_lo      000000
__Lsmallconst                  smallconst   000600
__Lspace_0                     (abs)        000000
__Lspace_1                     (abs)        000000
__Lspace_2                     (abs)        000000
__Lspace_4                     (abs)        000000
__Lstack                       stack        000000
__Lstruct                      struct       000000
__Ltemp                        temp         000059
__Ltext                        text         000000
__Ltext0                       text0        000000
__Ltext1                       text1        000000
__Ltext10                      text10       000000
__Ltext12                      text12       000000
__Ltext13                      text13       000000
__Ltext14                      text14       000000
__Ltext15                      text15       000000
__Ltext16                      text16       000000
__Ltext17                      text17       000000
__Ltext18                      text18       000000
__Ltext2                       text2        000000
__Ltext3                       text3        000000
__Ltext4                       text4        000000
__Ltext5                       text5        000000
__Ltext6                       text6        000000
__Ltext7                       text7        000000
__Ltext8                       text8        000000
__Ltext9                       text9        000000
__S0                           (abs)        000984
__S1                           (abs)        000087
__S4                           (abs)        000000
__S5                           (abs)        000000
___heap_hi                     (abs)        000000
___heap_lo                     (abs)        000000
___inthi_sp                    stack        000000
___inthi_stack_hi              stack        000000
___inthi_stack_lo              stack        000000
___intlo_sp                    stack        000000
___intlo_stack_hi              stack        000000
___intlo_stack_lo              stack        000000
___param_bank                  (abs)        000000
___rparam_used                 (abs)        000001
___sp                          stack        000000
___stack_hi                    stack        000000
___stack_lo                    stack        000000
__accesstop                    (abs)        000080
__activetblptr                 (abs)        000002
__end_of_ClearBuffer           text18       000846
__end_of_GetString             text17       000982
__end_of_Hi_ISR                intcode_body 00097A
__end_of_INTERRUPT_Initialize  text10       000934
__end_of_Lo_ISR                intcodelo    000378
__end_of_MyusartRead           text14       000880
__end_of_OSCILLATOR_Initialize text9        000974
__end_of_SYSTEM_Initialize     text7        00096C
__end_of_UART_Initialize       text8        0008D0
__end_of_UART_Write            text16       00094A
__end_of_UART_Write_Text       text15       00080A
__end_of__initialization       cinit        0008DC
__end_of_displayBinary         text4        000774
__end_of_initialState          text6        000984
__end_of_ledLeftOff            text5        00097E
__end_of_ledLeftOn             text3        00095E
__end_of_ledRightOff           text2        00091C
__end_of_ledRightOn            text1        000904
__end_of_main                  text0        0006E2
__end_of_strcpy                text13       0007C0
__end_of_strlen                text12       0008AE
__initialization               cinit        0008D0
__mediumconst                  mediumconst  000000
__pbssCOMRAM                   bssCOMRAM    000001
__pcinit                       cinit        0008D0
__pcstackBANK0                 cstackBANK0  000080
__pcstackCOMRAM                cstackCOMRAM 000031
__pintcode                     intcode      000008
__pintcode_body                intcode_body 000974
__pintcodelo                   intcodelo    000018
__psmallconst                  smallconst   000600
__ptext0                       text0        000606
__ptext1                       text1        0008EA
__ptext10                      text10       00091C
__ptext12                      text12       000880
__ptext13                      text13       000774
__ptext14                      text14       000846
__ptext15                      text15       0007C0
__ptext16                      text16       000934
__ptext17                      text17       00097E
__ptext18                      text18       00080A
__ptext2                       text2        000904
__ptext3                       text3        00094A
__ptext4                       text4        0006E2
__ptext5                       text5        00097A
__ptext6                       text6        000982
__ptext7                       text7        00095E
__ptext8                       text8        0008AE
__ptext9                       text9        00096C
__ramtop                       ramtop       000600
__smallconst                   smallconst   000600
_dir                           bssCOMRAM    000017
_displayBinary                 text4        0006E2
_initialState                  text6        000982
_ledLeftOff                    text5        00097A
_ledLeftOn                     text3        00094A
_ledRightOff                   text2        000904
_ledRightOn                    text1        0008EA
_lenStr                        bssCOMRAM    00001B
_main                          text0        000606
_mystring                      bssCOMRAM    00001D
_postpostscaler                bssCOMRAM    000015
_state                         bssCOMRAM    000019
_str                           bssCOMRAM    000001
_strcpy                        text13       000774
_strlen                        text12       000880
btemp                          temp         000059
displayBinary@num              cstackBANK0  000080
end_of_initialization          cinit        0008DC
int$flags                      temp         000059
int_func                       intcode_body 000974
intlevel0                      text         000000
intlevel1                      text         000000
intlevel2                      text         000000
intlevel3                      text         000000
isa$std                        (abs)        000001
isa$xinst                      (abs)        000000
ledLeftOff@num                 cstackBANK0  000080
ledLeftOn@num                  cstackBANK0  000083
ledRightOff@num                cstackBANK0  000083
ledRightOn@num                 cstackBANK0  000083
stackhi                        (abs)        000000
stacklo                        (abs)        000000
start                          init         000378
start_initialization           cinit        0008D0
strcpy@d                       cstackCOMRAM 000038
strcpy@dest                    cstackCOMRAM 000033
strcpy@src                     cstackCOMRAM 000034
strlen@a                       cstackCOMRAM 000033
strlen@s                       cstackCOMRAM 000031
ttemp5                         temp         00005A
ttemp6                         temp         00005D
ttemp7                         temp         000061
wtemp8                         temp         00005A


MODULE INFORMATION

Module		Function		Class		Link	Load	Size
setting_hardaware/interrupt_manager.c
		_INTERRUPT_Initialize		CODE           	091C	0000	24

setting_hardaware/interrupt_manager.c estimated size: 24

setting_hardaware/uart.c
		_MyusartRead   		CODE           	0846	0000	58
		_UART_Write_Text		CODE           	07C0	0000	74
		_GetString     		CODE           	097E	0000	4
		_ClearBuffer   		CODE           	080A	0000	60
		_UART_Initialize		CODE           	08AE	0000	34
		_UART_Write    		CODE           	0934	0000	22

setting_hardaware/uart.c estimated size: 252

C:\Program Files\Microchip\xc8\v2.50\pic\sources\c99\common\strlen.c
		_strlen        		CODE           	0880	0000	46

C:\Program Files\Microchip\xc8\v2.50\pic\sources\c99\common\strlen.c estimated size: 46

C:\Program Files\Microchip\xc8\v2.50\pic\sources\c99\common\strcpy.c
		_strcpy        		CODE           	0774	0000	76

C:\Program Files\Microchip\xc8\v2.50\pic\sources\c99\common\strcpy.c estimated size: 76

shared
		__initialization		CODE           	08D0	0000	12

shared estimated size: 12

setting_hardaware/setting.c
		_OSCILLATOR_Initialize		CODE           	096C	0000	8
		_SYSTEM_Initialize		CODE           	095E	0000	14

setting_hardaware/setting.c estimated size: 22

main.c
		_Lo_ISR        		CODE           	0018	0000	864
		_main          		CODE           	0606	0000	220
		_displayBinary 		CODE           	06E2	0000	146
		_ledLeftOn     		CODE           	094A	0000	20
		_ledLeftOff    		CODE           	097A	0000	4
		_ledRightOn    		CODE           	08EA	0000	26
		_ledRightOff   		CODE           	0904	0000	24
		_initialState  		CODE           	0982	0000	2
		_Hi_ISR        		CODE           	0008	0000	12

main.c estimated size: 1318

